Component: ARM Compiler 5.06 update 5 (build 528) Tool: armlink [4d35e2]

==============================================================================

Section Cross References

    startup_stm32f407xx.o(RESET) refers to startup_stm32f407xx.o(STACK) for __initial_sp
    startup_stm32f407xx.o(RESET) refers to startup_stm32f407xx.o(.text) for Reset_Handler
    startup_stm32f407xx.o(RESET) refers to stm32f4xx_it.o(i.NMI_Handler) for NMI_Handler
    startup_stm32f407xx.o(RESET) refers to stm32f4xx_it.o(i.HardFault_Handler) for HardFault_Handler
    startup_stm32f407xx.o(RESET) refers to stm32f4xx_it.o(i.MemManage_Handler) for MemManage_Handler
    startup_stm32f407xx.o(RESET) refers to stm32f4xx_it.o(i.BusFault_Handler) for BusFault_Handler
    startup_stm32f407xx.o(RESET) refers to stm32f4xx_it.o(i.UsageFault_Handler) for UsageFault_Handler
    startup_stm32f407xx.o(RESET) refers to stm32f4xx_it.o(i.SVC_Handler) for SVC_Handler
    startup_stm32f407xx.o(RESET) refers to stm32f4xx_it.o(i.DebugMon_Handler) for DebugMon_Handler
    startup_stm32f407xx.o(RESET) refers to stm32f4xx_it.o(i.PendSV_Handler) for PendSV_Handler
    startup_stm32f407xx.o(RESET) refers to stm32f4xx_it.o(i.SysTick_Handler) for SysTick_Handler
    startup_stm32f407xx.o(RESET) refers to stm32f4xx_it.o(i.RCC_IRQHandler) for RCC_IRQHandler
    startup_stm32f407xx.o(RESET) refers to stm32f4xx_it.o(i.EXTI4_IRQHandler) for EXTI4_IRQHandler
    startup_stm32f407xx.o(RESET) refers to stm32f4xx_it.o(i.USART1_IRQHandler) for USART1_IRQHandler
    startup_stm32f407xx.o(RESET) refers to stm32f4xx_it.o(i.USART2_IRQHandler) for USART2_IRQHandler
    startup_stm32f407xx.o(.text) refers to system_stm32f4xx.o(i.SystemInit) for SystemInit
    startup_stm32f407xx.o(.text) refers to entry.o(.ARM.Collect$$$$00000000) for __main
    pn532.o(i.PN532_Correct_AckFrame) refers to memcmp.o(.text) for memcmp
    pn532.o(i.PN532_Correct_AckFrame) refers to usart.o(.bss) for uart1_rx_data
    pn532.o(i.PN532_Correct_CheckSum) refers to usart.o(.bss) for uart1_rx_data
    pn532.o(i.PN532_InListPassiveTarget) refers to pn532.o(i.PN532_WriteCommand) for PN532_WriteCommand
    pn532.o(i.PN532_InListPassiveTarget) refers to malloc.o(i.malloc) for malloc
    pn532.o(i.PN532_InListPassiveTarget) refers to memcpya.o(.text) for __aeabi_memcpy
    pn532.o(i.PN532_InListPassiveTarget) refers to usart.o(i.clean_uart1_rx_data) for clean_uart1_rx_data
    pn532.o(i.PN532_InListPassiveTarget) refers to usart.o(.bss) for uart1_rx_data
    pn532.o(i.PN532_SAMConfig) refers to pn532.o(i.PN532_WriteCommand) for PN532_WriteCommand
    pn532.o(i.PN532_SAMConfig) refers to usart.o(i.clean_uart1_rx_data) for clean_uart1_rx_data
    pn532.o(i.PN532_WakeUp) refers to stm32f4xx_hal_uart.o(i.HAL_UART_Transmit) for HAL_UART_Transmit
    pn532.o(i.PN532_WakeUp) refers to usart.o(.bss) for huart1
    pn532.o(i.PN532_WriteCommand) refers to memcpya.o(.text) for __aeabi_memcpy
    pn532.o(i.PN532_WriteCommand) refers to stm32f4xx_hal_uart.o(i.HAL_UART_Transmit) for HAL_UART_Transmit
    pn532.o(i.PN532_WriteCommand) refers to stm32f4xx_hal.o(i.HAL_Delay) for HAL_Delay
    pn532.o(i.PN532_WriteCommand) refers to usart.o(i.get_rx_data_len) for get_rx_data_len
    pn532.o(i.PN532_WriteCommand) refers to pn532.o(i.PN532_Correct_AckFrame) for PN532_Correct_AckFrame
    pn532.o(i.PN532_WriteCommand) refers to pn532.o(i.PN532_Correct_CheckSum) for PN532_Correct_CheckSum
    pn532.o(i.PN532_WriteCommand) refers to usart.o(i.clean_uart1_rx_data) for clean_uart1_rx_data
    pn532.o(i.PN532_WriteCommand) refers to usart.o(.bss) for huart1
    mifare_classic.o(i.Mifare_Classic_Authenicate_Block) refers to memcpya.o(.text) for __aeabi_memcpy
    mifare_classic.o(i.Mifare_Classic_Authenicate_Block) refers to pn532.o(i.PN532_WriteCommand) for PN532_WriteCommand
    mifare_classic.o(i.Mifare_Classic_Authenicate_Block) refers to usart.o(i.clean_uart1_rx_data) for clean_uart1_rx_data
    mifare_classic.o(i.Mifare_Classic_Authenicate_Block) refers to usart.o(.bss) for uart1_rx_data
    mifare_classic.o(i.Mifare_Classic_DecodeTlv) refers to mifare_classic.o(i.Mifare_Classic_GetNdefStartIndex) for Mifare_Classic_GetNdefStartIndex
    mifare_classic.o(i.Mifare_Classic_Read) refers to pn532.o(i.PN532_WakeUp) for PN532_WakeUp
    mifare_classic.o(i.Mifare_Classic_Read) refers to mifare_classic.o(i.Mifare_Classic_Authenicate_Block) for Mifare_Classic_Authenicate_Block
    mifare_classic.o(i.Mifare_Classic_Read) refers to mifare_classic.o(i.Mifare_Classic_ReadDataBlock) for Mifare_Classic_ReadDataBlock
    mifare_classic.o(i.Mifare_Classic_Read) refers to mifare_classic.o(i.Mifare_Classic_DecodeTlv) for Mifare_Classic_DecodeTlv
    mifare_classic.o(i.Mifare_Classic_Read) refers to mifare_classic.o(i.Mifare_Classic_GetBufferSize) for Mifare_Classic_GetBufferSize
    mifare_classic.o(i.Mifare_Classic_Read) refers to malloc.o(i.malloc) for malloc
[...]
    stm32f4xx_hal_dma.o(i.HAL_DMA_IRQHandler) refers to system_stm32f4xx.o(.data) for SystemCoreClock
    stm32f4xx_hal_dma.o(i.HAL_DMA_Init) refers to stm32f4xx_hal.o(i.HAL_GetTick) for HAL_GetTick
    stm32f4xx_hal_dma.o(i.HAL_DMA_Init) refers to stm32f4xx_hal_dma.o(i.DMA_CheckFifoParam) for DMA_CheckFifoParam
    stm32f4xx_hal_dma.o(i.HAL_DMA_Init) refers to stm32f4xx_hal_dma.o(i.DMA_CalcBaseAndBitshift) for DMA_CalcBaseAndBitshift
    stm32f4xx_hal_dma.o(i.HAL_DMA_PollForTransfer) refers to stm32f4xx_hal.o(i.HAL_GetTick) for HAL_GetTick
    stm32f4xx_hal_dma.o(i.HAL_DMA_PollForTransfer) refers to stm32f4xx_hal_dma.o(i.HAL_DMA_Abort) for HAL_DMA_Abort
    stm32f4xx_hal_dma.o(i.HAL_DMA_Start) refers to stm32f4xx_hal_dma.o(i.DMA_SetConfig) for DMA_SetConfig
    stm32f4xx_hal_dma.o(i.HAL_DMA_Start_IT) refers to stm32f4xx_hal_dma.o(i.DMA_SetConfig) for DMA_SetConfig
    stm32f4xx_hal_pwr.o(i.HAL_PWR_PVD_IRQHandler) refers to stm32f4xx_hal_pwr.o(i.HAL_PWR_PVDCallback) for HAL_PWR_PVDCallback
    stm32f4xx_hal_pwr_ex.o(i.HAL_PWREx_ControlVoltageScaling) refers to stm32f4xx_hal.o(i.HAL_GetTick) for HAL_GetTick
    stm32f4xx_hal_pwr_ex.o(i.HAL_PWREx_DisableBkUpReg) refers to stm32f4xx_hal.o(i.HAL_GetTick) for HAL_GetTick
    stm32f4xx_hal_pwr_ex.o(i.HAL_PWREx_EnableBkUpReg) refers to stm32f4xx_hal.o(i.HAL_GetTick) for HAL_GetTick
    stm32f4xx_hal_cortex.o(i.HAL_NVIC_SetPriority) refers to stm32f4xx_hal_cortex.o(i.NVIC_SetPriority) for NVIC_SetPriority
    stm32f4xx_hal_cortex.o(i.HAL_SYSTICK_Config) refers to stm32f4xx_hal_cortex.o(i.NVIC_SetPriority) for NVIC_SetPriority
    stm32f4xx_hal_cortex.o(i.HAL_SYSTICK_IRQHandler) refers to stm32f4xx_hal_cortex.o(i.HAL_SYSTICK_Callback) for HAL_SYSTICK_Callback
    stm32f4xx_hal.o(i.HAL_DeInit) refers to stm32f4xx_hal.o(i.HAL_MspDeInit) for HAL_MspDeInit
    stm32f4xx_hal.o(i.HAL_Delay) refers to stm32f4xx_hal.o(i.HAL_GetTick) for HAL_GetTick
    stm32f4xx_hal.o(i.HAL_Delay) refers to stm32f4xx_hal.o(.data) for .data
    stm32f4xx_hal.o(i.HAL_GetTick) refers to stm32f4xx_hal.o(.data) for .data
    stm32f4xx_hal.o(i.HAL_GetTickFreq) refers to stm32f4xx_hal.o(.data) for .data
    stm32f4xx_hal.o(i.HAL_GetTickPrio) refers to stm32f4xx_hal.o(.data) for .data
    stm32f4xx_hal.o(i.HAL_IncTick) refers to stm32f4xx_hal.o(.data) for .data
    stm32f4xx_hal.o(i.HAL_Init) refers to stm32f4xx_hal_cortex.o(i.HAL_NVIC_SetPriorityGrouping) for HAL_NVIC_SetPriorityGrouping
    stm32f4xx_hal.o(i.HAL_Init) refers to stm32f4xx_hal.o(i.HAL_InitTick) for HAL_InitTick
    stm32f4xx_hal.o(i.HAL_Init) refers to stm32f4xx_hal_msp.o(i.HAL_MspInit) for HAL_MspInit
    stm32f4xx_hal.o(i.HAL_InitTick) refers to stm32f4xx_hal_cortex.o(i.HAL_SYSTICK_Config) for HAL_SYSTICK_Config
    stm32f4xx_hal.o(i.HAL_InitTick) refers to stm32f4xx_hal_cortex.o(i.HAL_NVIC_SetPriority) for HAL_NVIC_SetPriority
    stm32f4xx_hal.o(i.HAL_InitTick) refers to stm32f4xx_hal.o(.data) for .data
    stm32f4xx_hal.o(i.HAL_InitTick) refers to system_stm32f4xx.o(.data) for SystemCoreClock
    stm32f4xx_hal.o(i.HAL_SetTickFreq) refers to stm32f4xx_hal.o(i.HAL_InitTick) for HAL_InitTick
    stm32f4xx_hal.o(i.HAL_SetTickFreq) refers to stm32f4xx_hal.o(.data) for .data
    system_stm32f4xx.o(i.SystemCoreClockUpdate) refers to system_stm32f4xx.o(.data) for .data
    system_stm32f4xx.o(i.SystemCoreClockUpdate) refers to system_stm32f4xx.o(.constdata) for .constdata
    entry.o(.ARM.Collect$$$$00000000) refers (Special) to entry10a.o(.ARM.Collect$$$$0000000D) for __rt_final_cpp
    entry.o(.ARM.Collect$$$$00000000) refers (Special) to entry11a.o(.ARM.Collect$$$$0000000F) for __rt_final_exit
    entry.o(.ARM.Collect$$$$00000000) refers (Special) to entry7b.o(.ARM.Collect$$$$00000008) for _main_clock
    entry.o(.ARM.Collect$$$$00000000) refers (Special) to entry8b.o(.ARM.Collect$$$$0000000A) for _main_cpp_init
    entry.o(.ARM.Collect$$$$00000000) refers (Special) to entry9a.o(.ARM.Collect$$$$0000000B) for _main_init
    entry.o(.ARM.Collect$$$$00000000) refers (Special) to entry5.o(.ARM.Collect$$$$00000004) for _main_scatterload
    entry.o(.ARM.Collect$$$$00000000) refers (Special) to entry2.o(.ARM.Collect$$$$00000001) for _main_stk
    uldiv.o(.text) refers to llushr.o(.text) for __aeabi_llsr
    uldiv.o(.text) refers to llshl.o(.text) for __aeabi_llsl
    malloc.o(i.free) refers to mvars.o(.data) for __microlib_freelist
    malloc.o(i.malloc) refers to mvars.o(.data) for __microlib_freelist_initialised
    malloc.o(i.malloc) refers to mvars.o(.data) for __microlib_freelist
    malloc.o(i.malloc) refers to startup_stm32f407xx.o(HEAP) for __heap_base
    mallocr.o(i.__free$realloc) refers to mvars.o(.data) for __microlib_freelist
    mallocr.o(i.__malloc$realloc) refers to mallocr.o(i.internal_alloc) for internal_alloc
    mallocr.o(i.__malloc$realloc) refers to mvars.o(.data) for __microlib_freelist_initialised
    mallocr.o(i.__malloc$realloc) refers to startup_stm32f407xx.o(HEAP) for __heap_base
    mallocr.o(i.__malloc$realloc) refers to mvars.o(.data) for __microlib_freelist
    mallocr.o(i.internal_alloc) refers to memcpya.o(.text) for __aeabi_memcpy
    mallocr.o(i.internal_alloc) refers to mvars.o(.data) for __microlib_freelist
    mallocr.o(i.realloc) refers to mallocr.o(i.__free$realloc) for __free$realloc
    mallocr.o(i.realloc) refers to mallocr.o(i.internal_alloc) for internal_alloc
    mallocr.o(i.realloc) refers to mallocr.o(i.__malloc$realloc) for __malloc$realloc
    mallocr.o(i.realloc) refers to mvars.o(.data) for __microlib_freelist
    malloca.o(i.__aligned_malloc) refers to mvars.o(.data) for __microlib_freelist_initialised
    malloca.o(i.__aligned_malloc) refers to mvars.o(.data) for __microlib_freelist
    malloca.o(i.__aligned_malloc) refers to startup_stm32f407xx.o(HEAP) for __heap_base
    malloca.o(i.__free$memalign) refers to mvars.o(.data) for __microlib_freelist
    malloca.o(i.__malloc$memalign) refers to malloca.o(i.__aligned_malloc) for __aligned_malloc
    mallocra.o(i.__aligned_malloc$realloc) refers to mallocra.o(i.internal_alloc) for internal_alloc
    mallocra.o(i.__aligned_malloc$realloc) refers to mvars.o(.data) for __microlib_freelist_initialised
    mallocra.o(i.__aligned_malloc$realloc) refers to startup_stm32f407xx.o(HEAP) for __heap_base
    mallocra.o(i.__aligned_malloc$realloc) refers to mvars.o(.data) for __microlib_freelist
    mallocra.o(i.__free$realloc$memalign) refers to mvars.o(.data) for __microlib_freelist
    mallocra.o(i.__malloc$realloc$memalign) refers to mallocra.o(i.__aligned_malloc$realloc) for __aligned_malloc$realloc
    mallocra.o(i.__realloc$memalign) refers to mallocra.o(i.__free$realloc$memalign) for __free$realloc$memalign
    mallocra.o(i.__realloc$memalign) refers to mallocra.o(i.internal_alloc) for internal_alloc
    mallocra.o(i.__realloc$memalign) refers to mallocra.o(i.__malloc$realloc$memalign) for __malloc$realloc$memalign
    mallocra.o(i.__realloc$memalign) refers to mvars.o(.data) for __microlib_freelist
    mallocra.o(i.internal_alloc) refers to memcpya.o(.text) for __aeabi_memcpy
    mallocra.o(i.internal_alloc) refers to mvars.o(.data) for __microlib_freelist
    entry2.o(.ARM.Collect$$$$00000001) refers to entry2.o(.ARM.Collect$$$$00002712) for __lit__00000000
    entry2.o(.ARM.Collect$$$$00002712) refers to startup_stm32f407xx.o(STACK) for __initial_sp
    entry2.o(__vectab_stack_and_reset_area) refers to startup_stm32f407xx.o(STACK) for __initial_sp
    entry2.o(__vectab_stack_and_reset_area) refers to entry.o(.ARM.Collect$$$$00000000) for __main
    entry5.o(.ARM.Collect$$$$00000004) refers to init.o(.text) for __scatterload
    entry9a.o(.ARM.Collect$$$$0000000B) refers to main.o(i.main) for main
    entry9b.o(.ARM.Collect$$$$0000000C) refers to main.o(i.main) for main
    init.o(.text) refers to entry5.o(.ARM.Collect$$$$00000004) for __main_after_scatterload


==============================================================================

Removing Unused input sections from the image.

    Removing pn532.o(.rev16_text), (4 bytes).
    Removing pn532.o(.revsh_text), (4 bytes).
    Removing pn532.o(.rrx_text), (6 bytes).
    Removing mifare_classic.o(.rev16_text), (4 bytes).
    Removing mifare_classic.o(.revsh_text), (4 bytes).
    Removing mifare_classic.o(.rrx_text), (6 bytes).
    Removing ndef_message.o(.rev16_text), (4 bytes).
    Removing ndef_message.o(.revsh_text), (4 bytes).
    Removing ndef_message.o(.rrx_text), (6 bytes).
    Removing ndef_record.o(.rev16_text), (4 bytes).
    Removing ndef_record.o(.revsh_text), (4 bytes).
    Removing ndef_record.o(.rrx_text), (6 bytes).
    Removing nfc_tag.o(.rev16_text), (4 bytes).
    Removing nfc_tag.o(.revsh_text), (4 bytes).
    Removing nfc_tag.o(.rrx_text), (6 bytes).
    Removing fn_rm01.o(.rev16_text), (4 bytes).
    Removing fn_rm01.o(.revsh_text), (4 bytes).
    Removing fn_rm01.o(.rrx_text), (6 bytes).
    Removing main.o(.rev16_text), (4 bytes).
    Removing main.o(.revsh_text), (4 bytes).
    Removing main.o(.rrx_text), (6 bytes).
    Removing gpio.o(.rev16_text), (4 bytes).
    Removing gpio.o(.revsh_text), (4 bytes).
    Removing gpio.o(.rrx_text), (6 bytes).
    Removing usart.o(.rev16_text), (4 bytes).
    Removing usart.o(.revsh_text), (4 bytes).
    Removing usart.o(.rrx_text), (6 bytes).
    Removing usart.o(i.HAL_UART_MspDeInit), (88 bytes).
    Removing stm32f4xx_it.o(.rev16_text), (4 bytes).
    Removing stm32f4xx_it.o(.revsh_text), (4 bytes).
    Removing stm32f4xx_it.o(.rrx_text), (6 bytes).
    Removing stm32f4xx_hal_msp.o(.rev16_text), (4 bytes).
    Removing stm32f4xx_hal_msp.o(.revsh_text), (4 bytes).
    Removing stm32f4xx_hal_msp.o(.rrx_text), (6 bytes).
    Removing stm32f4xx_hal_tim.o(.rev16_text), (4 bytes).
    Removing stm32f4xx_hal_tim.o(.revsh_text), (4 bytes).
    Removing stm32f4xx_hal_tim.o(.rrx_text), (6 bytes).
    Removing stm32f4xx_hal_tim_ex.o(.rev16_text), (4 bytes).
    Removing stm32f4xx_hal_tim_ex.o(.revsh_text), (4 bytes).
    Removing stm32f4xx_hal_tim_ex.o(.rrx_text), (6 bytes).
    Removing stm32f4xx_hal_uart.o(.rev16_text), (4 bytes).
    Removing stm32f4xx_hal_uart.o(.revsh_text), (4 bytes).
    Removing stm32f4xx_hal_uart.o(.rrx_text), (6 bytes).
    Removing stm32f4xx_hal_uart.o(i.HAL_HalfDuplex_EnableReceiver), (50 bytes).
    Removing stm32f4xx_hal_uart.o(i.HAL_HalfDuplex_EnableTransmitter), (50 bytes).
    Removing stm32f4xx_hal_uart.o(i.HAL_HalfDuplex_Init), (108 bytes).
    Removing stm32f4xx_hal_uart.o(i.HAL_LIN_Init), (128 bytes).
    Removing stm32f4xx_hal_uart.o(i.HAL_LIN_SendBreak), (46 bytes).
    Removing stm32f4xx_hal_uart.o(i.HAL_MultiProcessor_EnterMuteMode), (46 bytes).
    Removing stm32f4xx_hal_uart.o(i.HAL_MultiProcessor_ExitMuteMode), (46 bytes).
    Removing stm32f4xx_hal_uart.o(i.HAL_MultiProcessor_Init), (142 bytes).
    Removing stm32f4xx_hal_uart.o(i.HAL_UART_Abort), (104 bytes).
    Removing stm32f4xx_hal_uart.o(i.HAL_UART_AbortCpltCallback), (2 bytes).
    Removing stm32f4xx_hal_uart.o(i.HAL_UART_AbortReceive), (68 bytes).
    Removing stm32f4xx_hal_uart.o(i.HAL_UART_AbortReceiveCpltCallback), (2 bytes).
    Removing stm32f4xx_hal_uart.o(i.HAL_UART_AbortReceive_IT), (92 bytes).
    Removing stm32f4xx_hal_uart.o(i.HAL_UART_AbortTransmit), (58 bytes).
    Removing stm32f4xx_hal_uart.o(i.HAL_UART_AbortTransmitCpltCallback), (2 bytes).
    Removing stm32f4xx_hal_uart.o(i.HAL_UART_AbortTransmit_IT), (84 bytes).
    Removing stm32f4xx_hal_uart.o(i.HAL_UART_Abort_IT), (172 bytes).
    Removing stm32f4xx_hal_uart.o(i.HAL_UART_DMAPause), (102 bytes).
    Removing stm32f4xx_hal_uart.o(i.HAL_UART_DMAResume), (94 bytes).
    Removing stm32f4xx_hal_uart.o(i.HAL_UART_DMAStop), (88 bytes).
    Removing stm32f4xx_hal_uart.o(i.HAL_UART_DeInit), (40 bytes).
    Removing stm32f4xx_hal_uart.o(i.HAL_UART_GetError), (4 bytes).
    Removing stm32f4xx_hal_uart.o(i.HAL_UART_GetState), (10 bytes).
    Removing stm32f4xx_hal_uart.o(i.HAL_UART_MspDeInit), (2 bytes).
    Removing stm32f4xx_hal_uart.o(i.HAL_UART_MspInit), (2 bytes).
    Removing stm32f4xx_hal_uart.o(i.HAL_UART_Receive), (184 bytes).
    Removing stm32f4xx_hal_uart.o(i.HAL_UART_Receive_DMA), (152 bytes).
    Removing stm32f4xx_hal_uart.o(i.HAL_UART_RxCpltCallback), (2 bytes).
    Removing stm32f4xx_hal_uart.o(i.HAL_UART_RxHalfCpltCallback), (2 bytes).
    Removing stm32f4xx_hal_uart.o(i.HAL_UART_Transmit_DMA), (128 bytes).
    Removing stm32f4xx_hal_uart.o(i.HAL_UART_Transmit_IT), (62 bytes).
    Removing stm32f4xx_hal_uart.o(i.HAL_UART_TxHalfCpltCallback), (2 bytes).
    Removing stm32f4xx_hal_uart.o(i.UART_DMAError), (74 bytes).
    Removing stm32f4xx_hal_uart.o(i.UART_DMAReceiveCplt), (60 bytes).
    Removing stm32f4xx_hal_uart.o(i.UART_DMARxAbortCallback), (42 bytes).
    Removing stm32f4xx_hal_uart.o(i.UART_DMARxHalfCplt), (10 bytes).
    Removing stm32f4xx_hal_uart.o(i.UART_DMARxOnlyAbortCallback), (20 bytes).
    Removing stm32f4xx_hal_uart.o(i.UART_DMATransmitCplt), (46 bytes).
    Removing stm32f4xx_hal_uart.o(i.UART_DMATxAbortCallback), (42 bytes).
    Removing stm32f4xx_hal_uart.o(i.UART_DMATxHalfCplt), (10 bytes).
    Removing stm32f4xx_hal_uart.o(i.UART_DMATxOnlyAbortCallback), (20 bytes).
    Removing stm32f4xx_hal_uart.o(i.UART_EndTxTransfer), (18 bytes).
    Removing stm32f4xx_hal_rcc.o(.rev16_text), (4 bytes).
    Removing stm32f4xx_hal_rcc.o(.revsh_text), (4 bytes).
    Removing stm32f4xx_hal_rcc.o(.rrx_text), (6 bytes).
    Removing stm32f4xx_hal_rcc.o(i.HAL_RCC_CSSCallback), (2 bytes).
    Removing stm32f4xx_hal_rcc.o(i.HAL_RCC_DeInit), (4 bytes).
    Removing stm32f4xx_hal_rcc.o(i.HAL_RCC_DisableCSS), (12 bytes).
    Removing stm32f4xx_hal_rcc.o(i.HAL_RCC_EnableCSS), (12 bytes).
    Removing stm32f4xx_hal_rcc.o(i.HAL_RCC_GetClockConfig), (64 bytes).
    Removing stm32f4xx_hal_rcc.o(i.HAL_RCC_GetOscConfig), (180 bytes).
    Removing stm32f4xx_hal_rcc.o(i.HAL_RCC_MCOConfig), (140 bytes).
    Removing stm32f4xx_hal_rcc.o(i.HAL_RCC_NMI_IRQHandler), (28 bytes).
    Removing stm32f4xx_hal_rcc_ex.o(.rev16_text), (4 bytes).
    Removing stm32f4xx_hal_rcc_ex.o(.revsh_text), (4 bytes).
    Removing stm32f4xx_hal_rcc_ex.o(.rrx_text), (6 bytes).
    Removing stm32f4xx_hal_rcc_ex.o(i.HAL_RCCEx_DisablePLLI2S), (52 bytes).
    Removing stm32f4xx_hal_rcc_ex.o(i.HAL_RCCEx_EnablePLLI2S), (104 bytes).
    Removing stm32f4xx_hal_rcc_ex.o(i.HAL_RCCEx_GetPeriphCLKConfig), (52 bytes).
    Removing stm32f4xx_hal_rcc_ex.o(i.HAL_RCCEx_GetPeriphCLKFreq), (92 bytes).
    Removing stm32f4xx_hal_rcc_ex.o(i.HAL_RCCEx_PeriphCLKConfig), (316 bytes).
    Removing stm32f4xx_hal_rcc_ex.o(i.HAL_RCC_DeInit), (304 bytes).
    Removing stm32f4xx_hal_flash.o(.rev16_text), (4 bytes).
    Removing stm32f4xx_hal_flash.o(.revsh_text), (4 bytes).
    Removing stm32f4xx_hal_flash.o(.rrx_text), (6 bytes).
    Removing stm32f4xx_hal_flash.o(i.FLASH_Program_Byte), (32 bytes).
    Removing stm32f4xx_hal_flash.o(i.FLASH_Program_DoubleWord), (40 bytes).
    Removing stm32f4xx_hal_flash.o(i.FLASH_Program_HalfWord), (36 bytes).
    Removing stm32f4xx_hal_flash.o(i.FLASH_Program_Word), (36 bytes).
    Removing stm32f4xx_hal_flash.o(i.FLASH_SetErrorCode), (104 bytes).
    Removing stm32f4xx_hal_flash.o(i.FLASH_WaitForLastOperation), (80 bytes).
    Removing stm32f4xx_hal_flash.o(i.HAL_FLASH_EndOfOperationCallback), (2 bytes).
    Removing stm32f4xx_hal_flash.o(i.HAL_FLASH_GetError), (12 bytes).
    Removing stm32f4xx_hal_flash.o(i.HAL_FLASH_IRQHandler), (204 bytes).
    Removing stm32f4xx_hal_flash.o(i.HAL_FLASH_Lock), (20 bytes).
    Removing stm32f4xx_hal_flash.o(i.HAL_FLASH_OB_Launch), (24 bytes).
    Removing stm32f4xx_hal_flash.o(i.HAL_FLASH_OB_Lock), (20 bytes).
    Removing stm32f4xx_hal_flash.o(i.HAL_FLASH_OB_Unlock), (40 bytes).
    Removing stm32f4xx_hal_flash.o(i.HAL_FLASH_OperationErrorCallback), (2 bytes).
    Removing stm32f4xx_hal_flash.o(i.HAL_FLASH_Program), (124 bytes).
    Removing stm32f4xx_hal_flash.o(i.HAL_FLASH_Program_IT), (108 bytes).
    Removing stm32f4xx_hal_flash.o(i.HAL_FLASH_Unlock), (44 bytes).
    Removing stm32f4xx_hal_flash.o(.bss), (32 bytes).
    Removing stm32f4xx_hal_flash_ex.o(.rev16_text), (4 bytes).
    Removing stm32f4xx_hal_flash_ex.o(.revsh_text), (4 bytes).
    Removing stm32f4xx_hal_flash_ex.o(.rrx_text), (6 bytes).
    Removing stm32f4xx_hal_flash_ex.o(i.FLASH_Erase_Sector), (80 bytes).
    Removing stm32f4xx_hal_flash_ex.o(i.FLASH_FlushCaches), (84 bytes).
    Removing stm32f4xx_hal_flash_ex.o(i.FLASH_MassErase), (40 bytes).
    Removing stm32f4xx_hal_flash_ex.o(i.HAL_FLASHEx_Erase), (152 bytes).
    Removing stm32f4xx_hal_flash_ex.o(i.HAL_FLASHEx_Erase_IT), (104 bytes).
    Removing stm32f4xx_hal_flash_ex.o(i.HAL_FLASHEx_OBGetConfig), (64 bytes).
    Removing stm32f4xx_hal_flash_ex.o(i.HAL_FLASHEx_OBProgram), (204 bytes).
    Removing stm32f4xx_hal_flash_ramfunc.o(.rev16_text), (4 bytes).
    Removing stm32f4xx_hal_flash_ramfunc.o(.revsh_text), (4 bytes).
    Removing stm32f4xx_hal_flash_ramfunc.o(.rrx_text), (6 bytes).
    Removing stm32f4xx_hal_gpio.o(.rev16_text), (4 bytes).
    Removing stm32f4xx_hal_gpio.o(.revsh_text), (4 bytes).
    Removing stm32f4xx_hal_gpio.o(.rrx_text), (6 bytes).
    Removing stm32f4xx_hal_gpio.o(i.HAL_GPIO_DeInit), (328 bytes).
    Removing stm32f4xx_hal_gpio.o(i.HAL_GPIO_EXTI_Callback), (2 bytes).
    Removing stm32f4xx_hal_gpio.o(i.HAL_GPIO_LockPin), (34 bytes).
    Removing stm32f4xx_hal_gpio.o(i.HAL_GPIO_TogglePin), (8 bytes).
    Removing stm32f4xx_hal_gpio.o(i.HAL_GPIO_WritePin), (10 bytes).
    Removing stm32f4xx_hal_dma_ex.o(.rev16_text), (4 bytes).
    Removing stm32f4xx_hal_dma_ex.o(.revsh_text), (4 bytes).
    Removing stm32f4xx_hal_dma_ex.o(.rrx_text), (6 bytes).
    Removing stm32f4xx_hal_dma_ex.o(i.DMA_MultiBufferSetConfig), (30 bytes).
    Removing stm32f4xx_hal_dma_ex.o(i.HAL_DMAEx_ChangeMemory), (14 bytes).
    Removing stm32f4xx_hal_dma_ex.o(i.HAL_DMAEx_MultiBufferStart), (100 bytes).
    Removing stm32f4xx_hal_dma_ex.o(i.HAL_DMAEx_MultiBufferStart_IT), (2432 bytes).
    Removing stm32f4xx_hal_dma.o(.rev16_text), (4 bytes).
    Removing stm32f4xx_hal_dma.o(.revsh_text), (4 bytes).
    Removing stm32f4xx_hal_dma.o(.rrx_text), (6 bytes).
    Removing stm32f4xx_hal_dma.o(i.DMA_CalcBaseAndBitshift), (40 bytes).
    Removing stm32f4xx_hal_dma.o(i.DMA_CheckFifoParam), (84 bytes).
    Removing stm32f4xx_hal_dma.o(i.DMA_SetConfig), (40 bytes).
    Removing stm32f4xx_hal_dma.o(i.HAL_DMA_Abort), (142 bytes).
    Removing stm32f4xx_hal_dma.o(i.HAL_DMA_DeInit), (86 bytes).
    Removing stm32f4xx_hal_dma.o(i.HAL_DMA_GetError), (4 bytes).
    Removing stm32f4xx_hal_dma.o(i.HAL_DMA_GetState), (6 bytes).
    Removing stm32f4xx_hal_dma.o(i.HAL_DMA_IRQHandler), (416 bytes).
    Removing stm32f4xx_hal_dma.o(i.HAL_DMA_Init), (212 bytes).
    Removing stm32f4xx_hal_dma.o(i.HAL_DMA_PollForTransfer), (292 bytes).
    Removing stm32f4xx_hal_dma.o(i.HAL_DMA_RegisterCallback), (80 bytes).
    Removing stm32f4xx_hal_dma.o(i.HAL_DMA_Start), (70 bytes).
    Removing stm32f4xx_hal_dma.o(i.HAL_DMA_Start_IT), (120 bytes).
    Removing stm32f4xx_hal_dma.o(i.HAL_DMA_UnRegisterCallback), (96 bytes).
    Removing stm32f4xx_hal_dma.o(.constdata), (8 bytes).
    Removing stm32f4xx_hal_pwr.o(.rev16_text), (4 bytes).
    Removing stm32f4xx_hal_pwr.o(.revsh_text), (4 bytes).
    Removing stm32f4xx_hal_pwr.o(.rrx_text), (6 bytes).
    Removing stm32f4xx_hal_pwr.o(i.HAL_PWR_ConfigPVD), (124 bytes).
    Removing stm32f4xx_hal_pwr.o(i.HAL_PWR_DeInit), (24 bytes).
    Removing stm32f4xx_hal_pwr.o(i.HAL_PWR_DisableBkUpAccess), (12 bytes).
    Removing stm32f4xx_hal_pwr.o(i.HAL_PWR_DisablePVD), (12 bytes).
    Removing stm32f4xx_hal_pwr.o(i.HAL_PWR_DisableSEVOnPend), (16 bytes).
    Removing stm32f4xx_hal_pwr.o(i.HAL_PWR_DisableSleepOnExit), (16 bytes).
    Removing stm32f4xx_hal_pwr.o(i.HAL_PWR_DisableWakeUpPin), (16 bytes).
    Removing stm32f4xx_hal_pwr.o(i.HAL_PWR_EnableBkUpAccess), (12 bytes).
    Removing stm32f4xx_hal_pwr.o(i.HAL_PWR_EnablePVD), (12 bytes).
    Removing stm32f4xx_hal_pwr.o(i.HAL_PWR_EnableSEVOnPend), (16 bytes).
    Removing stm32f4xx_hal_pwr.o(i.HAL_PWR_EnableSleepOnExit), (16 bytes).
    Removing stm32f4xx_hal_pwr.o(i.HAL_PWR_EnableWakeUpPin), (16 bytes).
    Removing stm32f4xx_hal_pwr.o(i.HAL_PWR_EnterSLEEPMode), (32 bytes).
    Removing stm32f4xx_hal_pwr.o(i.HAL_PWR_EnterSTANDBYMode), (32 bytes).
    Removing stm32f4xx_hal_pwr.o(i.HAL_PWR_EnterSTOPMode), (56 bytes).
    Removing stm32f4xx_hal_pwr.o(i.HAL_PWR_PVDCallback), (2 bytes).
    Removing stm32f4xx_hal_pwr.o(i.HAL_PWR_PVD_IRQHandler), (28 bytes).
    Removing stm32f4xx_hal_pwr_ex.o(.rev16_text), (4 bytes).
    Removing stm32f4xx_hal_pwr_ex.o(.revsh_text), (4 bytes).
    Removing stm32f4xx_hal_pwr_ex.o(.rrx_text), (6 bytes).
    Removing stm32f4xx_hal_pwr_ex.o(i.HAL_PWREx_ControlVoltageScaling), (88 bytes).
    Removing stm32f4xx_hal_pwr_ex.o(i.HAL_PWREx_DisableBkUpReg), (60 bytes).
    Removing stm32f4xx_hal_pwr_ex.o(i.HAL_PWREx_DisableFlashPowerDown), (12 bytes).
    Removing stm32f4xx_hal_pwr_ex.o(i.HAL_PWREx_EnableBkUpReg), (60 bytes).
    Removing stm32f4xx_hal_pwr_ex.o(i.HAL_PWREx_EnableFlashPowerDown), (12 bytes).
    Removing stm32f4xx_hal_pwr_ex.o(i.HAL_PWREx_GetVoltageRange), (16 bytes).
    Removing stm32f4xx_hal_cortex.o(.rev16_text), (4 bytes).
    Removing stm32f4xx_hal_cortex.o(.revsh_text), (4 bytes).
    Removing stm32f4xx_hal_cortex.o(.rrx_text), (6 bytes).
    Removing stm32f4xx_hal_cortex.o(i.HAL_MPU_ConfigRegion), (84 bytes).
    Removing stm32f4xx_hal_cortex.o(i.HAL_MPU_Disable), (28 bytes).
    Removing stm32f4xx_hal_cortex.o(i.HAL_MPU_Enable), (36 bytes).
    Removing stm32f4xx_hal_cortex.o(i.HAL_NVIC_ClearPendingIRQ), (22 bytes).
    Removing stm32f4xx_hal_cortex.o(i.HAL_NVIC_GetActive), (32 bytes).
    Removing stm32f4xx_hal_cortex.o(i.HAL_NVIC_GetPendingIRQ), (32 bytes).
    Removing stm32f4xx_hal_cortex.o(i.HAL_NVIC_GetPriority), (82 bytes).
    Removing stm32f4xx_hal_cortex.o(i.HAL_NVIC_GetPriorityGrouping), (16 bytes).
    Removing stm32f4xx_hal_cortex.o(i.HAL_NVIC_SetPendingIRQ), (22 bytes).
    Removing stm32f4xx_hal_cortex.o(i.HAL_NVIC_SystemReset), (36 bytes).
    Removing stm32f4xx_hal.o(.rev16_text), (4 bytes).
    Removing stm32f4xx_hal.o(.revsh_text), (4 bytes).
    Removing stm32f4xx_hal.o(.rrx_text), (6 bytes).
    Removing stm32f4xx_hal.o(i.HAL_DBGMCU_DisableDBGSleepMode), (16 bytes).
    Removing stm32f4xx_hal.o(i.HAL_DBGMCU_DisableDBGStandbyMode), (16 bytes).
    Removing stm32f4xx_hal.o(i.HAL_DBGMCU_DisableDBGStopMode), (16 bytes).
    Removing stm32f4xx_hal.o(i.HAL_DBGMCU_EnableDBGSleepMode), (16 bytes).
    Removing stm32f4xx_hal.o(i.HAL_DBGMCU_EnableDBGStandbyMode), (16 bytes).
    Removing stm32f4xx_hal.o(i.HAL_DBGMCU_EnableDBGStopMode), (16 bytes).
    Removing stm32f4xx_hal.o(i.HAL_DeInit), (52 bytes).
    Removing stm32f4xx_hal.o(i.HAL_DisableCompensationCell), (12 bytes).
    Removing stm32f4xx_hal.o(i.HAL_EnableCompensationCell), (12 bytes).
    Removing stm32f4xx_hal.o(i.HAL_GetDEVID), (16 bytes).
    Removing stm32f4xx_hal.o(i.HAL_GetHalVersion), (8 bytes).
    Removing stm32f4xx_hal.o(i.HAL_GetREVID), (12 bytes).
    Removing stm32f4xx_hal.o(i.HAL_GetTickFreq), (12 bytes).
    Removing stm32f4xx_hal.o(i.HAL_GetTickPrio), (12 bytes).
    Removing stm32f4xx_hal.o(i.HAL_GetUID), (28 bytes).
    Removing stm32f4xx_hal.o(i.HAL_MspDeInit), (2 bytes).
    Removing stm32f4xx_hal.o(i.HAL_MspInit), (2 bytes).
    Removing stm32f4xx_hal.o(i.HAL_ResumeTick), (14 bytes).
    Removing stm32f4xx_hal.o(i.HAL_SetTickFreq), (28 bytes).
    Removing stm32f4xx_hal.o(i.HAL_SuspendTick), (14 bytes).
    Removing system_stm32f4xx.o(.rev16_text), (4 bytes).
    Removing system_stm32f4xx.o(.revsh_text), (4 bytes).
    Removing system_stm32f4xx.o(.rrx_text), (6 bytes).
    Removing system_stm32f4xx.o(i.SystemCoreClockUpdate), (124 bytes).

241 unused section(s) (total 12110 bytes) removed from the image.

==============================================================================

Image Symbol Table

    Local Symbols

    Symbol Name                              Value     Ov Type        Size  Object(Section)

    ..//Src/system_stm32f4xx.c               0x00000000   Number         0  system_stm32f4xx.o ABSOLUTE
    ../Drivers/STM32F4xx_HAL_Driver/Src/stm32f4xx_hal.c 0x00000000   Number         0  stm32f4xx_hal.o ABSOLUTE
    ../Drivers/STM32F4xx_HAL_Driver/Src/stm32f4xx_hal_cortex.c 0x00000000   Number         0  stm32f4xx_hal_cortex.o ABSOLUTE
    ../Drivers/STM32F4xx_HAL_Driver/Src/stm32f4xx_hal_dma.c 0x00000000   Number         0  stm32f4xx_hal_dma.o ABSOLUTE
    ../Drivers/STM32F4xx_HAL_Driver/Src/stm32f4xx_hal_dma_ex.c 0x00000000   Number         0  stm32f4xx_hal_dma_ex.o ABSOLUTE
    ../Drivers/STM32F4xx_HAL_Driver/Src/stm32f4xx_hal_flash.c 0x00000000   Number         0  stm32f4xx_hal_flash.o ABSOLUTE
    ../Drivers/STM32F4xx_HAL_Driver/Src/stm32f4xx_hal_flash_ex.c 0x00000000   Number         0  stm32f4xx_hal_flash_ex.o ABSOLUTE
    ../Drivers/STM32F4xx_HAL_Driver/Src/stm32f4xx_hal_flash_ramfunc.c 0x00000000   Number         0  stm32f4xx_hal_flash_ramfunc.o ABSOLUTE
    ../Drivers/STM32F4xx_HAL_Driver/Src/stm32f4xx_hal_gpio.c 0x00000000   Number         0  stm32f4xx_hal_gpio.o ABSOLUTE
    ../Drivers/STM32F4xx_HAL_Driver/Src/stm32f4xx_hal_pwr.c 0x00000000   Number         0  stm32f4xx_hal_pwr.o ABSOLUTE
    ../Drivers/STM32F4xx_HAL_Driver/Src/stm32f4xx_hal_pwr_ex.c 0x00000000   Number         0  stm32f4xx_hal_pwr_ex.o ABSOLUTE
    ../Drivers/STM32F4xx_HAL_Driver/Src/stm32f4xx_hal_rcc.c 0x00000000   Number         0  stm32f4xx_hal_rcc.o ABSOLUTE
    ../Drivers/STM32F4xx_HAL_Driver/Src/stm32f4xx_hal_rcc_ex.c 0x00000000   Number         0  stm32f4xx_hal_rcc_ex.o ABSOLUTE
    ../Drivers/STM32F4xx_HAL_Driver/Src/stm32f4xx_hal_tim.c 0x00000000   Number         0  stm32f4xx_hal_tim.o ABSOLUTE
    ../Drivers/STM32F4xx_HAL_Driver/Src/stm32f4xx_hal_tim_ex.c 0x00000000   Number         0  stm32f4xx_hal_tim_ex.o ABSOLUTE
    ../Drivers/STM32F4xx_HAL_Driver/Src/stm32f4xx_hal_uart.c 0x00000000   Number         0  stm32f4xx_hal_uart.o ABSOLUTE
    ../Src/gpio.c                            0x00000000   Number         0  gpio.o ABSOLUTE
    ../Src/main.c                            0x00000000   Number         0  main.o ABSOLUTE
    ../Src/stm32f4xx_hal_msp.c               0x00000000   Number         0  stm32f4xx_hal_msp.o ABSOLUTE
    ../Src/stm32f4xx_it.c                    0x00000000   Number         0  stm32f4xx_it.o ABSOLUTE
    ../Src/usart.c                           0x00000000   Number         0  usart.o ABSOLUTE
    ../clib/microlib/division.c              0x00000000   Number         0  uldiv.o ABSOLUTE
    ../clib/microlib/init/entry.s            0x00000000   Number         0  entry10a.o ABSOLUTE
    ../clib/microlib/init/entry.s            0x00000000   Number         0  entry9b.o ABSOLUTE
    ../clib/microlib/init/entry.s            0x00000000   Number         0  entry9a.o ABSOLUTE
    ../clib/microlib/init/entry.s            0x00000000   Number         0  entry2.o ABSOLUTE
    ../clib/microlib/init/entry.s            0x00000000   Number         0  entry11b.o ABSOLUTE
    ../clib/microlib/init/entry.s            0x00000000   Number         0  entry5.o ABSOLUTE
    ../clib/microlib/init/entry.s            0x00000000   Number         0  entry8b.o ABSOLUTE
    ../clib/microlib/init/entry.s            0x00000000   Number         0  entry8a.o ABSOLUTE
    ../clib/microlib/init/entry.s            0x00000000   Number         0  entry11a.o ABSOLUTE
    ../clib/microlib/init/entry.s            0x00000000   Number         0  entry10b.o ABSOLUTE
    ../clib/microlib/init/entry.s            0x00000000   Number         0  entry.o ABSOLUTE
    ../clib/microlib/init/entry.s            0x00000000   Number         0  entry7b.o ABSOLUTE
    ../clib/microlib/init/entry.s            0x00000000   Number         0  entry7a.o ABSOLUTE
    ../clib/microlib/longlong.c              0x00000000   Number         0  llshl.o ABSOLUTE
    ../clib/microlib/longlong.c              0x00000000   Number         0  llushr.o ABSOLUTE
    ../clib/microlib/malloc/malloc.c         0x00000000   Number         0  malloc.o ABSOLUTE
    ../clib/microlib/malloc/malloc.c         0x00000000   Number         0  mallocr.o ABSOLUTE
    ../clib/microlib/malloc/malloc.c         0x00000000   Number         0  malloca.o ABSOLUTE
    ../clib/microlib/malloc/malloc.c         0x00000000   Number         0  mallocra.o ABSOLUTE
    ../clib/microlib/malloc/mvars.c          0x00000000   Number         0  mvars.o ABSOLUTE
    ../clib/microlib/string/memcmp.c         0x00000000   Number         0  memcmp.o ABSOLUTE
    ../clib/microlib/string/memcpy.c         0x00000000   Number         0  memcpya.o ABSOLUTE
    ../clib/microlib/string/memcpy.c         0x00000000   Number         0  memcpyb.o ABSOLUTE
    ../clib/microlib/string/memset.c         0x00000000   Number         0  memseta.o ABSOLUTE
    ..\Drivers\STM32F4xx_HAL_Driver\Src\stm32f4xx_hal.c 0x00000000   Number         0  stm32f4xx_hal.o ABSOLUTE
    ..\Drivers\STM32F4xx_HAL_Driver\Src\stm32f4xx_hal_cortex.c 0x00000000   Number         0  stm32f4xx_hal_cortex.o ABSOLUTE
    ..\Drivers\STM32F4xx_HAL_Driver\Src\stm32f4xx_hal_dma.c 0x00000000   Number         0  stm32f4xx_hal_dma.o ABSOLUTE
    ..\Drivers\STM32F4xx_HAL_Driver\Src\stm32f4xx_hal_dma_ex.c 0x00000000   Number         0  stm32f4xx_hal_dma_ex.o ABSOLUTE
    ..\Drivers\STM32F4xx_HAL_Driver\Src\stm32f4xx_hal_flash.c 0x00000000   Number         0  stm32f4xx_hal_flash.o ABSOLUTE
    ..\Drivers\STM32F4xx_HAL_Driver\Src\stm32f4xx_hal_flash_ex.c 0x00000000   Number         0  stm32f4xx_hal_flash_ex.o ABSOLUTE
    ..\Drivers\STM32F4xx_HAL_Driver\Src\stm32f4xx_hal_flash_ramfunc.c 0x00000000   Number         0  stm32f4xx_hal_flash_ramfunc.o ABSOLUTE
    ..\Drivers\STM32F4xx_HAL_Driver\Src\stm32f4xx_hal_gpio.c 0x00000000   Number         0  stm32f4xx_hal_gpio.o ABSOLUTE
    ..\Drivers\STM32F4xx_HAL_Driver\Src\stm32f4xx_hal_pwr.c 0x00000000   Number         0  stm32f4xx_hal_pwr.o ABSOLUTE
    ..\Drivers\STM32F4xx_HAL_Driver\Src\stm32f4xx_hal_pwr_ex.c 0x00000000   Number         0  stm32f4xx_hal_pwr_ex.o ABSOLUTE
    ..\Drivers\STM32F4xx_HAL_Driver\Src\stm32f4xx_hal_rcc.c 0x00000000   Number         0  stm32f4xx_hal_rcc.o ABSOLUTE
    ..\Drivers\STM32F4xx_HAL_Driver\Src\stm32f4xx_hal_rcc_ex.c 0x00000000   Number         0  stm32f4xx_hal_rcc_ex.o ABSOLUTE
    ..\Drivers\STM32F4xx_HAL_Driver\Src\stm32f4xx_hal_tim.c 0x00000000   Number         0  stm32f4xx_hal_tim.o ABSOLUTE
    ..\Drivers\STM32F4xx_HAL_Driver\Src\stm32f4xx_hal_tim_ex.c 0x00000000   Number         0  stm32f4xx_hal_tim_ex.o ABSOLUTE
    ..\Drivers\STM32F4xx_HAL_Driver\Src\stm32f4xx_hal_uart.c 0x00000000   Number         0  stm32f4xx_hal_uart.o ABSOLUTE
    ..\Src\FN_RM01.c                         0x00000000   Number         0  fn_rm01.o ABSOLUTE
    ..\Src\Mifare_Classic.c                  0x00000000   Number         0  mifare_classic.o ABSOLUTE
    ..\Src\NDEF_Message.c                    0x00000000   Number         0  ndef_message.o ABSOLUTE
    ..\Src\NDEF_Record.c                     0x00000000   Number         0  ndef_record.o ABSOLUTE
    ..\Src\NFC_Tag.c                         0x00000000   Number         0  nfc_tag.o ABSOLUTE
    ..\Src\PN532.c                           0x00000000   Number         0  pn532.o ABSOLUTE
    ..\Src\gpio.c                            0x00000000   Number         0  gpio.o ABSOLUTE
    ..\Src\main.c                            0x00000000   Number         0  main.o ABSOLUTE
    ..\Src\stm32f4xx_hal_msp.c               0x00000000   Number         0  stm32f4xx_hal_msp.o ABSOLUTE
    ..\Src\stm32f4xx_it.c                    0x00000000   Number         0  stm32f4xx_it.o ABSOLUTE
    ..\Src\usart.c                           0x00000000   Number         0  usart.o ABSOLUTE
    ..\\Src\\FN_RM01.c                       0x00000000   Number         0  fn_rm01.o ABSOLUTE
    ..\\Src\\Mifare_Classic.c                0x00000000   Number         0  mifare_classic.o ABSOLUTE
    ..\\Src\\NDEF_Message.c                  0x00000000   Number         0  ndef_message.o ABSOLUTE
    ..\\Src\\NDEF_Record.c                   0x00000000   Number         0  ndef_record.o ABSOLUTE
    ..\\Src\\NFC_Tag.c                       0x00000000   Number         0  nfc_tag.o ABSOLUTE
    ..\\Src\\PN532.c                         0x00000000   Number         0  pn532.o ABSOLUTE
    ..\\Src\system_stm32f4xx.c               0x00000000   Number         0  system_stm32f4xx.o ABSOLUTE
    dc.s                                     0x00000000   Number         0  dc.o ABSOLUTE
    handlers.s                               0x00000000   Number         0  handlers.o ABSOLUTE
    init.s                                   0x00000000   Number         0  init.o ABSOLUTE
    startup_stm32f407xx.s                    0x00000000   Number         0  startup_stm32f407xx.o ABSOLUTE
    RESET                                    0x08000000   Section      392  startup_stm32f407xx.o(RESET)
    .ARM.Collect$$$$00000000                 0x08000188   Section        0  entry.o(.ARM.Collect$$$$00000000)
    .ARM.Collect$$$$00000001                 0x08000188   Section        4  entry2.o(.ARM.Collect$$$$00000001)
    .ARM.Collect$$$$00000004                 0x0800018c   Section        4  entry5.o(.ARM.Collect$$$$00000004)
    .ARM.Collect$$$$00000008                 0x08000190   Section        0  entry7b.o(.ARM.Collect$$$$00000008)
    .ARM.Collect$$$$0000000A                 0x08000190   Section        0  entry8b.o(.ARM.Collect$$$$0000000A)
    .ARM.Collect$$$$0000000B                 0x08000190   Section        8  entry9a.o(.ARM.Collect$$$$0000000B)
    .ARM.Collect$$$$0000000D                 0x08000198   Section        0  entry10a.o(.ARM.Collect$$$$0000000D)
    .ARM.Collect$$$$0000000F                 0x08000198   Section        0  entry11a.o(.ARM.Collect$$$$0000000F)
    .ARM.Collect$$$$00002712                 0x08000198   Section        4  entry2.o(.ARM.Collect$$$$00002712)
    __lit__00000000                          0x08000198   Data           4  entry2.o(.ARM.Collect$$$$00002712)
    .text                                    0x0800019c   Section       36  startup_stm32f407xx.o(.text)
    $v0                                      0x0800019c   Number         0  startup_stm32f407xx.o(.text)
    .text                                    0x080001c0   Section        0  uldiv.o(.text)
    .text                                    0x08000222   Section        0  memcpya.o(.text)
    .text                                    0x08000246   Section        0  memseta.o(.text)
    .text                                    0x0800026a   Section        0  memcmp.o(.text)
    .text                                    0x08000284   Section        0  llshl.o(.text)
    .text                                    0x080002a2   Section        0  llushr.o(.text)
    .text                                    0x080002c4   Section       36  init.o(.text)
    i.BusFault_Handler                       0x080002e8   Section        0  stm32f4xx_it.o(i.BusFault_Handler)
    i.DebugMon_Handler                       0x080002ea   Section        0  stm32f4xx_it.o(i.DebugMon_Handler)
    i.EXTI4_IRQHandler                       0x080002ec   Section        0  stm32f4xx_it.o(i.EXTI4_IRQHandler)
    i.FN_RM01_Get_FileName                   0x080002f2   Section        0  fn_rm01.o(i.FN_RM01_Get_FileName)
    i.FN_RM01_Get_File_Num                   0x0800033c   Section        0  fn_rm01.o(i.FN_RM01_Get_File_Num)
    i.FN_RM01_Play_Sound                     0x08000390   Section        0  fn_rm01.o(i.FN_RM01_Play_Sound)
    i.FN_RM01_Record_Sound                   0x080003fc   Section        0  fn_rm01.o(i.FN_RM01_Record_Sound)
    i.FN_RM01_Remove_Sound                   0x08000468   Section        0  fn_rm01.o(i.FN_RM01_Remove_Sound)
    i.FN_RM01_Stop_Record                    0x080004d4   Section        0  fn_rm01.o(i.FN_RM01_Stop_Record)
    i.Get_NDEF_Message                       0x08000520   Section        0  ndef_message.o(i.Get_NDEF_Message)
    i.HAL_DMA_Abort_IT                       0x080005e8   Section        0  stm32f4xx_hal_dma.o(i.HAL_DMA_Abort_IT)
    i.HAL_Delay                              0x0800060c   Section        0  stm32f4xx_hal.o(i.HAL_Delay)
    i.HAL_GPIO_EXTI_Callback                 0x08000630   Section        0  gpio.o(i.HAL_GPIO_EXTI_Callback)
    i.HAL_GPIO_EXTI_IRQHandler               0x08000708   Section        0  stm32f4xx_hal_gpio.o(i.HAL_GPIO_EXTI_IRQHandler)
    i.HAL_GPIO_Init                          0x08000720   Section        0  stm32f4xx_hal_gpio.o(i.HAL_GPIO_Init)
    i.HAL_GPIO_ReadPin                       0x080008d0   Section        0  stm32f4xx_hal_gpio.o(i.HAL_GPIO_ReadPin)
    i.HAL_GetTick                            0x080008dc   Section        0  stm32f4xx_hal.o(i.HAL_GetTick)
    i.HAL_IncTick                            0x080008e8   Section        0  stm32f4xx_hal.o(i.HAL_IncTick)
    i.HAL_Init                               0x080008f8   Section        0  stm32f4xx_hal.o(i.HAL_Init)
    i.HAL_InitTick                           0x0800092c   Section        0  stm32f4xx_hal.o(i.HAL_InitTick)
    i.HAL_MspInit                            0x0800096c   Section        0  stm32f4xx_hal_msp.o(i.HAL_MspInit)
    i.HAL_NVIC_DisableIRQ                    0x08000a00   Section        0  stm32f4xx_hal_cortex.o(i.HAL_NVIC_DisableIRQ)
    i.HAL_NVIC_EnableIRQ                     0x08000a16   Section        0  stm32f4xx_hal_cortex.o(i.HAL_NVIC_EnableIRQ)
    i.HAL_NVIC_SetPriority                   0x08000a2c   Section        0  stm32f4xx_hal_cortex.o(i.HAL_NVIC_SetPriority)
    i.HAL_NVIC_SetPriorityGrouping           0x08000a6c   Section        0  stm32f4xx_hal_cortex.o(i.HAL_NVIC_SetPriorityGrouping)
    i.HAL_RCC_ClockConfig                    0x08000a90   Section        0  stm32f4xx_hal_rcc.o(i.HAL_RCC_ClockConfig)
    i.HAL_RCC_GetHCLKFreq                    0x08000bc0   Section        0  stm32f4xx_hal_rcc.o(i.HAL_RCC_GetHCLKFreq)
    i.HAL_RCC_GetPCLK1Freq                   0x08000bcc   Section        0  stm32f4xx_hal_rcc.o(i.HAL_RCC_GetPCLK1Freq)
    i.HAL_RCC_GetPCLK2Freq                   0x08000bec   Section        0  stm32f4xx_hal_rcc.o(i.HAL_RCC_GetPCLK2Freq)
    i.HAL_RCC_GetSysClockFreq                0x08000c0c   Section        0  stm32f4xx_hal_rcc.o(i.HAL_RCC_GetSysClockFreq)
    i.HAL_RCC_OscConfig                      0x08000c70   Section        0  stm32f4xx_hal_rcc.o(i.HAL_RCC_OscConfig)
    i.HAL_SYSTICK_CLKSourceConfig            0x08000f8c   Section        0  stm32f4xx_hal_cortex.o(i.HAL_SYSTICK_CLKSourceConfig)
    i.HAL_SYSTICK_Callback                   0x08000fa4   Section        0  stm32f4xx_hal_cortex.o(i.HAL_SYSTICK_Callback)
    i.HAL_SYSTICK_Config                     0x08000fa6   Section        0  stm32f4xx_hal_cortex.o(i.HAL_SYSTICK_Config)
    i.HAL_SYSTICK_IRQHandler                 0x08000fce   Section        0  stm32f4xx_hal_cortex.o(i.HAL_SYSTICK_IRQHandler)
    i.HAL_UART_ErrorCallback                 0x08000fd6   Section        0  stm32f4xx_hal_uart.o(i.HAL_UART_ErrorCallback)
    i.HAL_UART_IRQHandler                    0x08000fd8   Section        0  stm32f4xx_hal_uart.o(i.HAL_UART_IRQHandler)
    i.HAL_UART_Init                          0x080010e8   Section        0  stm32f4xx_hal_uart.o(i.HAL_UART_Init)
    i.HAL_UART_MspInit                       0x0800114c   Section        0  usart.o(i.HAL_UART_MspInit)
    i.HAL_UART_Receive_IT                    0x080011d8   Section        0  stm32f4xx_hal_uart.o(i.HAL_UART_Receive_IT)
    i.HAL_UART_RxCpltCallback                0x08001220   Section        0  usart.o(i.HAL_UART_RxCpltCallback)
    i.HAL_UART_Transmit                      0x08001284   Section        0  stm32f4xx_hal_uart.o(i.HAL_UART_Transmit)
    i.HAL_UART_TxCpltCallback                0x0800133e   Section        0  stm32f4xx_hal_uart.o(i.HAL_UART_TxCpltCallback)
    i.HardFault_Handler                      0x08001340   Section        0  stm32f4xx_it.o(i.HardFault_Handler)
    i.MX_GPIO_Init                           0x08001344   Section        0  gpio.o(i.MX_GPIO_Init)
    i.MX_USART1_UART_Init                    0x08001448   Section        0  usart.o(i.MX_USART1_UART_Init)
    i.MX_USART2_UART_Init                    0x08001494   Section        0  usart.o(i.MX_USART2_UART_Init)
    i.MemManage_Handler                      0x080014e0   Section        0  stm32f4xx_it.o(i.MemManage_Handler)
    i.Mifare_Classic_Authenicate_Block       0x080014e4   Section        0  mifare_classic.o(i.Mifare_Classic_Authenicate_Block)
    i.Mifare_Classic_DecodeTlv               0x08001540   Section        0  mifare_classic.o(i.Mifare_Classic_DecodeTlv)
    i.Mifare_Classic_GetBufferSize           0x08001576   Section        0  mifare_classic.o(i.Mifare_Classic_GetBufferSize)
    i.Mifare_Classic_GetNdefStartIndex       0x08001594   Section        0  mifare_classic.o(i.Mifare_Classic_GetNdefStartIndex)
    i.Mifare_Classic_IsFirstBlock            0x080015b2   Section        0  mifare_classic.o(i.Mifare_Classic_IsFirstBlock)
    i.Mifare_Classic_IsTrailerBlock          0x080015c6   Section        0  mifare_classic.o(i.Mifare_Classic_IsTrailerBlock)
    i.Mifare_Classic_Read                    0x080015e4   Section        0  mifare_classic.o(i.Mifare_Classic_Read)
    i.Mifare_Classic_ReadDataBlock           0x080016b8   Section        0  mifare_classic.o(i.Mifare_Classic_ReadDataBlock)
    i.Mifare_Classic_Write                   0x0800170c   Section        0  mifare_classic.o(i.Mifare_Classic_Write)
    i.Mifare_Classic_WriteDataBlock          0x080017f8   Section        0  mifare_classic.o(i.Mifare_Classic_WriteDataBlock)
    i.NDEF_Message_AddRecord                 0x08001840   Section        0  ndef_message.o(i.NDEF_Message_AddRecord)
    i.NDEF_Message_Encode                    0x08001862   Section        0  ndef_message.o(i.NDEF_Message_Encode)
    i.NDEF_Message_GetEncodeSize             0x080018a4   Section        0  ndef_message.o(i.NDEF_Message_GetEncodeSize)
    i.NDEF_Message_Init                      0x080018c8   Section        0  ndef_message.o(i.NDEF_Message_Init)
    i.NDEF_Record_Create_TextRecord          0x080018e4   Section        0  ndef_record.o(i.NDEF_Record_Create_TextRecord)
    i.NDEF_Record_Encode                     0x08001948   Section        0  ndef_record.o(i.NDEF_Record_Encode)
    i.NDEF_Record_GetEncodedSize             0x080019a2   Section        0  ndef_record.o(i.NDEF_Record_GetEncodedSize)
    i.NDEF_Record_GetTnfByte                 0x080019b8   Section        0  ndef_record.o(i.NDEF_Record_GetTnfByte)
    i.NDEF_Record_Init                       0x080019d6   Section        0  ndef_record.o(i.NDEF_Record_Init)
    i.NDEF_Record_SetId                      0x080019e2   Section        0  ndef_record.o(i.NDEF_Record_SetId)
    i.NDEF_Record_SetPayload                 0x080019fe   Section        0  ndef_record.o(i.NDEF_Record_SetPayload)
    i.NDEF_Record_SetType                    0x08001a1a   Section        0  ndef_record.o(i.NDEF_Record_SetType)
    i.NFC_Clear_Tag                          0x08001a36   Section        0  nfc_tag.o(i.NFC_Clear_Tag)
    i.NMI_Handler                            0x08001a96   Section        0  stm32f4xx_it.o(i.NMI_Handler)
    i.NVIC_SetPriority                       0x08001a98   Section        0  stm32f4xx_hal_cortex.o(i.NVIC_SetPriority)
    NVIC_SetPriority                         0x08001a99   Thumb Code    32  stm32f4xx_hal_cortex.o(i.NVIC_SetPriority)
    i.PN532_Correct_AckFrame                 0x08001ab8   Section        0  pn532.o(i.PN532_Correct_AckFrame)
    i.PN532_Correct_CheckSum                 0x08001ae4   Section        0  pn532.o(i.PN532_Correct_CheckSum)
    i.PN532_InListPassiveTarget              0x08001b18   Section        0  pn532.o(i.PN532_InListPassiveTarget)
    i.PN532_SAMConfig                        0x08001b7c   Section        0  pn532.o(i.PN532_SAMConfig)
    i.PN532_WakeUp                           0x08001ba4   Section        0  pn532.o(i.PN532_WakeUp)
    i.PN532_WriteCommand                     0x08001bd8   Section        0  pn532.o(i.PN532_WriteCommand)
    i.PendSV_Handler                         0x08001c80   Section        0  stm32f4xx_it.o(i.PendSV_Handler)
    i.RCC_IRQHandler                         0x08001c82   Section        0  stm32f4xx_it.o(i.RCC_IRQHandler)
    i.SVC_Handler                            0x08001c84   Section        0  stm32f4xx_it.o(i.SVC_Handler)
    i.SysTick_Handler                        0x08001c86   Section        0  stm32f4xx_it.o(i.SysTick_Handler)
    i.SystemClock_Config                     0x08001c94   Section        0  main.o(i.SystemClock_Config)
    i.SystemInit                             0x08001d34   Section        0  system_stm32f4xx.o(i.SystemInit)
    i.UART_DMAAbortOnError                   0x08001d88   Section        0  stm32f4xx_hal_uart.o(i.UART_DMAAbortOnError)
    UART_DMAAbortOnError                     0x08001d89   Thumb Code    16  stm32f4xx_hal_uart.o(i.UART_DMAAbortOnError)
    i.UART_EndRxTransfer                     0x08001d98   Section        0  stm32f4xx_hal_uart.o(i.UART_EndRxTransfer)
    UART_EndRxTransfer                       0x08001d99   Thumb Code    28  stm32f4xx_hal_uart.o(i.UART_EndRxTransfer)
    i.UART_Receive_IT                        0x08001db4   Section        0  stm32f4xx_hal_uart.o(i.UART_Receive_IT)
    UART_Receive_IT                          0x08001db5   Thumb Code   140  stm32f4xx_hal_uart.o(i.UART_Receive_IT)
    i.UART_SetConfig                         0x08001e40   Section        0  stm32f4xx_hal_uart.o(i.UART_SetConfig)
    UART_SetConfig                           0x08001e41   Thumb Code   676  stm32f4xx_hal_uart.o(i.UART_SetConfig)
    i.UART_Transmit_IT                       0x080020ec   Section        0  stm32f4xx_hal_uart.o(i.UART_Transmit_IT)
    UART_Transmit_IT                         0x080020ed   Thumb Code    98  stm32f4xx_hal_uart.o(i.UART_Transmit_IT)
    i.UART_WaitOnFlagUntilTimeout            0x0800214e   Section        0  stm32f4xx_hal_uart.o(i.UART_WaitOnFlagUntilTimeout)
    UART_WaitOnFlagUntilTimeout              0x0800214f   Thumb Code   100  stm32f4xx_hal_uart.o(i.UART_WaitOnFlagUntilTimeout)
    i.USART1_IRQHandler                      0x080021b4   Section        0  stm32f4xx_it.o(i.USART1_IRQHandler)
    i.USART2_IRQHandler                      0x080021c0   Section        0  stm32f4xx_it.o(i.USART2_IRQHandler)
    i.UsageFault_Handler                     0x080021cc   Section        0  stm32f4xx_it.o(i.UsageFault_Handler)
    i._Error_Handler                         0x080021ce   Section        0  main.o(i._Error_Handler)
    i.__scatterload_copy                     0x080021d0   Section       14  handlers.o(i.__scatterload_copy)
    i.__scatterload_null                     0x080021de   Section        2  handlers.o(i.__scatterload_null)
    i.__scatterload_zeroinit                 0x080021e0   Section       14  handlers.o(i.__scatterload_zeroinit)
    i.clean_uart1_rx_data                    0x080021f0   Section        0  usart.o(i.clean_uart1_rx_data)
    i.clean_uart2_rx_data                    0x08002210   Section        0  usart.o(i.clean_uart2_rx_data)
    i.free                                   0x08002230   Section        0  malloc.o(i.free)
    i.get_rx_data_len                        0x08002280   Section        0  usart.o(i.get_rx_data_len)
    i.main                                   0x0800228c   Section        0  main.o(i.main)
    i.malloc                                 0x08002338   Section        0  malloc.o(i.malloc)
    .constdata                               0x080023a4   Section       16  system_stm32f4xx.o(.constdata)
    .constdata                               0x080023b4   Section        8  system_stm32f4xx.o(.constdata)
    .data                                    0x20000000   Section        4  main.o(.data)
    .data                                    0x20000004   Section        4  usart.o(.data)
    .data                                    0x20000008   Section       12  stm32f4xx_hal.o(.data)
    .data                                    0x20000014   Section        4  system_stm32f4xx.o(.data)
    .data                                    0x20000018   Section        4  mvars.o(.data)
    .data                                    0x2000001c   Section        4  mvars.o(.data)
    .bss                                     0x20000020   Section       16  main.o(.bss)
    .bss                                     0x20000030   Section      328  usart.o(.bss)
    HEAP                                     0x20000178   Section      512  startup_stm32f407xx.o(HEAP)
    STACK                                    0x20000378   Section     1024  startup_stm32f407xx.o(STACK)

    Global Symbols

    Symbol Name                              Value     Ov Type        Size  Object(Section)

    BuildAttributes$$THM_ISAv4$E$P$D$K$B$S$7EM$VFPi3$EXTD16$VFPS$VFMA$PE$A:L22UL41UL21$X:L11$S22US41US21$IEEE1$IW$USESV6$~STKCKD$USESV7$~SHL$OSPACE$EBA8$MICROLIB$REQ8$PRES8$EABIv2 0x00000000   Number         0  anon$$obj.o ABSOLUTE
    __ARM_use_no_argv                        0x00000000   Number         0  main.o ABSOLUTE
    __cpp_initialize__aeabi_                  - Undefined Weak Reference
    __cxa_finalize                            - Undefined Weak Reference
    __decompress                              - Undefined Weak Reference
    _clock_init                               - Undefined Weak Reference
    _microlib_exit                            - Undefined Weak Reference
    __Vectors_Size                           0x00000188   Number         0  startup_stm32f407xx.o ABSOLUTE
    __Vectors                                0x08000000   Data           4  startup_stm32f407xx.o(RESET)
    __Vectors_End                            0x08000188   Data           0  startup_stm32f407xx.o(RESET)
    __main                                   0x08000189   Thumb Code     0  entry.o(.ARM.Collect$$$$00000000)
    _main_stk                                0x08000189   Thumb Code     0  entry2.o(.ARM.Collect$$$$00000001)
    _main_scatterload                        0x0800018d   Thumb Code     0  entry5.o(.ARM.Collect$$$$00000004)
    __main_after_scatterload                 0x08000191   Thumb Code     0  entry5.o(.ARM.Collect$$$$00000004)
    _main_clock                              0x08000191   Thumb Code     0  entry7b.o(.ARM.Collect$$$$00000008)
    _main_cpp_init                           0x08000191   Thumb Code     0  entry8b.o(.ARM.Collect$$$$0000000A)
    _main_init                               0x08000191   Thumb Code     0  entry9a.o(.ARM.Collect$$$$0000000B)
    __rt_final_cpp                           0x08000199   Thumb Code     0  entry10a.o(.ARM.Collect$$$$0000000D)
    __rt_final_exit                          0x08000199   Thumb Code     0  entry11a.o(.ARM.Collect$$$$0000000F)
    Reset_Handler                            0x0800019d   Thumb Code     8  startup_stm32f407xx.o(.text)
    ADC_IRQHandler                           0x080001b7   Thumb Code     0  startup_stm32f407xx.o(.text)
    CAN1_RX0_IRQHandler                      0x080001b7   Thumb Code     0  startup_stm32f407xx.o(.text)
    CAN1_RX1_IRQHandler                      0x080001b7   Thumb Code     0  startup_stm32f407xx.o(.text)
    CAN1_SCE_IRQHandler                      0x080001b7   Thumb Code     0  startup_stm32f407xx.o(.text)
    CAN1_TX_IRQHandler                       0x080001b7   Thumb Code     0  startup_stm32f407xx.o(.text)
    CAN2_RX0_IRQHandler                      0x080001b7   Thumb Code     0  startup_stm32f407xx.o(.text)
    CAN2_RX1_IRQHandler                      0x080001b7   Thumb Code     0  startup_stm32f407xx.o(.text)
    CAN2_SCE_IRQHandler                      0x080001b7   Thumb Code     0  startup_stm32f407xx.o(.text)
    CAN2_TX_IRQHandler                       0x080001b7   Thumb Code     0  startup_stm32f407xx.o(.text)
    DCMI_IRQHandler                          0x080001b7   Thumb Code     0  startup_stm32f407xx.o(.text)
    DMA1_Stream0_IRQHandler                  0x080001b7   Thumb Code     0  startup_stm32f407xx.o(.text)
    DMA1_Stream1_IRQHandler                  0x080001b7   Thumb Code     0  startup_stm32f407xx.o(.text)
    DMA1_Stream2_IRQHandler                  0x080001b7   Thumb Code     0  startup_stm32f407xx.o(.text)
    DMA1_Stream3_IRQHandler                  0x080001b7   Thumb Code     0  startup_stm32f407xx.o(.text)
    DMA1_Stream4_IRQHandler                  0x080001b7   Thumb Code     0  startup_stm32f407xx.o(.text)
    DMA1_Stream5_IRQHandler                  0x080001b7   Thumb Code     0  startup_stm32f407xx.o(.text)
    DMA1_Stream6_IRQHandler                  0x080001b7   Thumb Code     0  startup_stm32f407xx.o(.text)
    DMA1_Stream7_IRQHandler                  0x080001b7   Thumb Code     0  startup_stm32f407xx.o(.text)
    DMA2_Stream0_IRQHandler                  0x080001b7   Thumb Code     0  startup_stm32f407xx.o(.text)
    DMA2_Stream1_IRQHandler                  0x080001b7   Thumb Code     0  startup_stm32f407xx.o(.text)
    DMA2_Stream2_IRQHandler                  0x080001b7   Thumb Code     0  startup_stm32f407xx.o(.text)
    DMA2_Stream3_IRQHandler                  0x080001b7   Thumb Code     0  startup_stm32f407xx.o(.text)
    DMA2_Stream4_IRQHandler                  0x080001b7   Thumb Code     0  startup_stm32f407xx.o(.text)
    DMA2_Stream5_IRQHandler                  0x080001b7   Thumb Code     0  startup_stm32f407xx.o(.text)
    DMA2_Stream6_IRQHandler                  0x080001b7   Thumb Code     0  startup_stm32f407xx.o(.text)
    DMA2_Stream7_IRQHandler                  0x080001b7   Thumb Code     0  startup_stm32f407xx.o(.text)
    ETH_IRQHandler                           0x080001b7   Thumb Code     0  startup_stm32f407xx.o(.text)
    ETH_WKUP_IRQHandler                      0x080001b7   Thumb Code     0  startup_stm32f407xx.o(.text)
    EXTI0_IRQHandler                         0x080001b7   Thumb Code     0  startup_stm32f407xx.o(.text)
    EXTI15_10_IRQHandler                     0x080001b7   Thumb Code     0  startup_stm32f407xx.o(.text)
    EXTI1_IRQHandler                         0x080001b7   Thumb Code     0  startup_stm32f407xx.o(.text)
    EXTI2_IRQHandler                         0x080001b7   Thumb Code     0  startup_stm32f407xx.o(.text)
    EXTI3_IRQHandler                         0x080001b7   Thumb Code     0  startup_stm32f407xx.o(.text)
    EXTI9_5_IRQHandler                       0x080001b7   Thumb Code     0  startup_stm32f407xx.o(.text)
    FLASH_IRQHandler                         0x080001b7   Thumb Code     0  startup_stm32f407xx.o(.text)
    FMC_IRQHandler                           0x080001b7   Thumb Code     0  startup_stm32f407xx.o(.text)
    FPU_IRQHandler                           0x080001b7   Thumb Code     0  startup_stm32f407xx.o(.text)
    HASH_RNG_IRQHandler                      0x080001b7   Thumb Code     0  startup_stm32f407xx.o(.text)
    I2C1_ER_IRQHandler                       0x080001b7   Thumb Code     0  startup_stm32f407xx.o(.text)
    I2C1_EV_IRQHandler                       0x080001b7   Thumb Code     0  startup_stm32f407xx.o(.text)
    I2C2_ER_IRQHandler                       0x080001b7   Thumb Code     0  startup_stm32f407xx.o(.text)
    I2C2_EV_IRQHandler                       0x080001b7   Thumb Code     0  startup_stm32f407xx.o(.text)
    I2C3_ER_IRQHandler                       0x080001b7   Thumb Code     0  startup_stm32f407xx.o(.text)
    I2C3_EV_IRQHandler                       0x080001b7   Thumb Code     0  startup_stm32f407xx.o(.text)
    OTG_FS_IRQHandler                        0x080001b7   Thumb Code     0  startup_stm32f407xx.o(.text)
    OTG_FS_WKUP_IRQHandler                   0x080001b7   Thumb Code     0  startup_stm32f407xx.o(.text)
    OTG_HS_EP1_IN_IRQHandler                 0x080001b7   Thumb Code     0  startup_stm32f407xx.o(.text)
    OTG_HS_EP1_OUT_IRQHandler                0x080001b7   Thumb Code     0  startup_stm32f407xx.o(.text)
    OTG_HS_IRQHandler                        0x080001b7   Thumb Code     0  startup_stm32f407xx.o(.text)
    OTG_HS_WKUP_IRQHandler                   0x080001b7   Thumb Code     0  startup_stm32f407xx.o(.text)
    PVD_IRQHandler                           0x080001b7   Thumb Code     0  startup_stm32f407xx.o(.text)
    RTC_Alarm_IRQHandler                     0x080001b7   Thumb Code     0  startup_stm32f407xx.o(.text)
    RTC_WKUP_IRQHandler                      0x080001b7   Thumb Code     0  startup_stm32f407xx.o(.text)
    SDIO_IRQHandler                          0x080001b7   Thumb Code     0  startup_stm32f407xx.o(.text)
    SPI1_IRQHandler                          0x080001b7   Thumb Code     0  startup_stm32f407xx.o(.text)
    SPI2_IRQHandler                          0x080001b7   Thumb Code     0  startup_stm32f407xx.o(.text)
    SPI3_IRQHandler                          0x080001b7   Thumb Code     0  startup_stm32f407xx.o(.text)
    TAMP_STAMP_IRQHandler                    0x080001b7   Thumb Code     0  startup_stm32f407xx.o(.text)
    TIM1_BRK_TIM9_IRQHandler                 0x080001b7   Thumb Code     0  startup_stm32f407xx.o(.text)
    TIM1_CC_IRQHandler                       0x080001b7   Thumb Code     0  startup_stm32f407xx.o(.text)
    TIM1_TRG_COM_TIM11_IRQHandler            0x080001b7   Thumb Code     0  startup_stm32f407xx.o(.text)
    TIM1_UP_TIM10_IRQHandler                 0x080001b7   Thumb Code     0  startup_stm32f407xx.o(.text)
    TIM2_IRQHandler                          0x080001b7   Thumb Code     0  startup_stm32f407xx.o(.text)
    TIM3_IRQHandler                          0x080001b7   Thumb Code     0  startup_stm32f407xx.o(.text)
    TIM4_IRQHandler                          0x080001b7   Thumb Code     0  startup_stm32f407xx.o(.text)
    TIM5_IRQHandler                          0x080001b7   Thumb Code     0  startup_stm32f407xx.o(.text)
    TIM6_DAC_IRQHandler                      0x080001b7   Thumb Code     0  startup_stm32f407xx.o(.text)
    TIM7_IRQHandler                          0x080001b7   Thumb Code     0  startup_stm32f407xx.o(.text)
    TIM8_BRK_TIM12_IRQHandler                0x080001b7   Thumb Code     0  startup_stm32f407xx.o(.text)
    TIM8_CC_IRQHandler                       0x080001b7   Thumb Code     0  startup_stm32f407xx.o(.text)
    TIM8_TRG_COM_TIM14_IRQHandler            0x080001b7   Thumb Code     0  startup_stm32f407xx.o(.text)
    TIM8_UP_TIM13_IRQHandler                 0x080001b7   Thumb Code     0  startup_stm32f407xx.o(.text)
    UART4_IRQHandler                         0x080001b7   Thumb Code     0  startup_stm32f407xx.o(.text)
    UART5_IRQHandler                         0x080001b7   Thumb Code     0  startup_stm32f407xx.o(.text)
    USART3_IRQHandler                        0x080001b7   Thumb Code     0  startup_stm32f407xx.o(.text)
    USART6_IRQHandler                        0x080001b7   Thumb Code     0  startup_stm32f407xx.o(.text)
    WWDG_IRQHandler                          0x080001b7   Thumb Code     0  startup_stm32f407xx.o(.text)
    __aeabi_uldivmod                         0x080001c1   Thumb Code    98  uldiv.o(.text)
    __aeabi_memcpy                           0x08000223   Thumb Code    36  memcpya.o(.text)
    __aeabi_memcpy4                          0x08000223   Thumb Code     0  memcpya.o(.text)
    __aeabi_memcpy8                          0x08000223   Thumb Code     0  memcpya.o(.text)
    __aeabi_memset                           0x08000247   Thumb Code    14  memseta.o(.text)
    __aeabi_memset4                          0x08000247   Thumb Code     0  memseta.o(.text)
    __aeabi_memset8                          0x08000247   Thumb Code     0  memseta.o(.text)
    __aeabi_memclr                           0x08000255   Thumb Code     4  memseta.o(.text)
    __aeabi_memclr4                          0x08000255   Thumb Code     0  memseta.o(.text)
    __aeabi_memclr8                          0x08000255   Thumb Code     0  memseta.o(.text)
    _memset$wrapper                          0x08000259   Thumb Code    18  memseta.o(.text)
    memcmp                                   0x0800026b   Thumb Code    26  memcmp.o(.text)
    __aeabi_llsl                             0x08000285   Thumb Code    30  llshl.o(.text)
    _ll_shift_l                              0x08000285   Thumb Code     0  llshl.o(.text)
    __aeabi_llsr                             0x080002a3   Thumb Code    32  llushr.o(.text)
    _ll_ushift_r                             0x080002a3   Thumb Code     0  llushr.o(.text)
    __scatterload                            0x080002c5   Thumb Code    28  init.o(.text)
    __scatterload_rt2                        0x080002c5   Thumb Code     0  init.o(.text)
    BusFault_Handler                         0x080002e9   Thumb Code     2  stm32f4xx_it.o(i.BusFault_Handler)
    DebugMon_Handler                         0x080002eb   Thumb Code     2  stm32f4xx_it.o(i.DebugMon_Handler)
    EXTI4_IRQHandler                         0x080002ed   Thumb Code     6  stm32f4xx_it.o(i.EXTI4_IRQHandler)
    FN_RM01_Get_FileName                     0x080002f3   Thumb Code    72  fn_rm01.o(i.FN_RM01_Get_FileName)
    FN_RM01_Get_File_Num                     0x0800033d   Thumb Code    74  fn_rm01.o(i.FN_RM01_Get_File_Num)
    FN_RM01_Play_Sound                       0x08000391   Thumb Code   100  fn_rm01.o(i.FN_RM01_Play_Sound)
    FN_RM01_Record_Sound                     0x080003fd   Thumb Code   100  fn_rm01.o(i.FN_RM01_Record_Sound)
    FN_RM01_Remove_Sound                     0x08000469   Thumb Code   100  fn_rm01.o(i.FN_RM01_Remove_Sound)
    FN_RM01_Stop_Record                      0x080004d5   Thumb Code    68  fn_rm01.o(i.FN_RM01_Stop_Record)
    Get_NDEF_Message                         0x08000521   Thumb Code   200  ndef_message.o(i.Get_NDEF_Message)
    HAL_DMA_Abort_IT                         0x080005e9   Thumb Code    36  stm32f4xx_hal_dma.o(i.HAL_DMA_Abort_IT)
    HAL_Delay                                0x0800060d   Thumb Code    32  stm32f4xx_hal.o(i.HAL_Delay)
    HAL_GPIO_EXTI_Callback                   0x08000631   Thumb Code   178  gpio.o(i.HAL_GPIO_EXTI_Callback)
    HAL_GPIO_EXTI_IRQHandler                 0x08000709   Thumb Code    18  stm32f4xx_hal_gpio.o(i.HAL_GPIO_EXTI_IRQHandler)
    HAL_GPIO_Init                            0x08000721   Thumb Code   388  stm32f4xx_hal_gpio.o(i.HAL_GPIO_Init)
    HAL_GPIO_ReadPin                         0x080008d1   Thumb Code    10  stm32f4xx_hal_gpio.o(i.HAL_GPIO_ReadPin)
    HAL_GetTick                              0x080008dd   Thumb Code     6  stm32f4xx_hal.o(i.HAL_GetTick)
    HAL_IncTick                              0x080008e9   Thumb Code    12  stm32f4xx_hal.o(i.HAL_IncTick)
    HAL_Init                                 0x080008f9   Thumb Code    48  stm32f4xx_hal.o(i.HAL_Init)
    HAL_InitTick                             0x0800092d   Thumb Code    54  stm32f4xx_hal.o(i.HAL_InitTick)
    HAL_MspInit                              0x0800096d   Thumb Code   142  stm32f4xx_hal_msp.o(i.HAL_MspInit)
    HAL_NVIC_DisableIRQ                      0x08000a01   Thumb Code    22  stm32f4xx_hal_cortex.o(i.HAL_NVIC_DisableIRQ)
    HAL_NVIC_EnableIRQ                       0x08000a17   Thumb Code    22  stm32f4xx_hal_cortex.o(i.HAL_NVIC_EnableIRQ)
    HAL_NVIC_SetPriority                     0x08000a2d   Thumb Code    60  stm32f4xx_hal_cortex.o(i.HAL_NVIC_SetPriority)
    HAL_NVIC_SetPriorityGrouping             0x08000a6d   Thumb Code    26  stm32f4xx_hal_cortex.o(i.HAL_NVIC_SetPriorityGrouping)
    HAL_RCC_ClockConfig                      0x08000a91   Thumb Code   286  stm32f4xx_hal_rcc.o(i.HAL_RCC_ClockConfig)
    HAL_RCC_GetHCLKFreq                      0x08000bc1   Thumb Code     6  stm32f4xx_hal_rcc.o(i.HAL_RCC_GetHCLKFreq)
    HAL_RCC_GetPCLK1Freq                     0x08000bcd   Thumb Code    20  stm32f4xx_hal_rcc.o(i.HAL_RCC_GetPCLK1Freq)
    HAL_RCC_GetPCLK2Freq                     0x08000bed   Thumb Code    20  stm32f4xx_hal_rcc.o(i.HAL_RCC_GetPCLK2Freq)
    HAL_RCC_GetSysClockFreq                  0x08000c0d   Thumb Code    88  stm32f4xx_hal_rcc.o(i.HAL_RCC_GetSysClockFreq)
    HAL_RCC_OscConfig                        0x08000c71   Thumb Code   770  stm32f4xx_hal_rcc.o(i.HAL_RCC_OscConfig)
    HAL_SYSTICK_CLKSourceConfig              0x08000f8d   Thumb Code    24  stm32f4xx_hal_cortex.o(i.HAL_SYSTICK_CLKSourceConfig)
    HAL_SYSTICK_Callback                     0x08000fa5   Thumb Code     2  stm32f4xx_hal_cortex.o(i.HAL_SYSTICK_Callback)
    HAL_SYSTICK_Config                       0x08000fa7   Thumb Code    40  stm32f4xx_hal_cortex.o(i.HAL_SYSTICK_Config)
    HAL_SYSTICK_IRQHandler                   0x08000fcf   Thumb Code     8  stm32f4xx_hal_cortex.o(i.HAL_SYSTICK_IRQHandler)
    HAL_UART_ErrorCallback                   0x08000fd7   Thumb Code     2  stm32f4xx_hal_uart.o(i.HAL_UART_ErrorCallback)
    HAL_UART_IRQHandler                      0x08000fd9   Thumb Code   266  stm32f4xx_hal_uart.o(i.HAL_UART_IRQHandler)
    HAL_UART_Init                            0x080010e9   Thumb Code    98  stm32f4xx_hal_uart.o(i.HAL_UART_Init)
    HAL_UART_MspInit                         0x0800114d   Thumb Code   124  usart.o(i.HAL_UART_MspInit)
    HAL_UART_Receive_IT                      0x080011d9   Thumb Code    72  stm32f4xx_hal_uart.o(i.HAL_UART_Receive_IT)
    HAL_UART_RxCpltCallback                  0x08001221   Thumb Code    78  usart.o(i.HAL_UART_RxCpltCallback)
    HAL_UART_Transmit                        0x08001285   Thumb Code   186  stm32f4xx_hal_uart.o(i.HAL_UART_Transmit)
    HAL_UART_TxCpltCallback                  0x0800133f   Thumb Code     2  stm32f4xx_hal_uart.o(i.HAL_UART_TxCpltCallback)
    HardFault_Handler                        0x08001341   Thumb Code     2  stm32f4xx_it.o(i.HardFault_Handler)
    MX_GPIO_Init                             0x08001345   Thumb Code   230  gpio.o(i.MX_GPIO_Init)
    MX_USART1_UART_Init                      0x08001449   Thumb Code    52  usart.o(i.MX_USART1_UART_Init)
    MX_USART2_UART_Init                      0x08001495   Thumb Code    52  usart.o(i.MX_USART2_UART_Init)
    MemManage_Handler                        0x080014e1   Thumb Code     2  stm32f4xx_it.o(i.MemManage_Handler)
    Mifare_Classic_Authenicate_Block         0x080014e5   Thumb Code    88  mifare_classic.o(i.Mifare_Classic_Authenicate_Block)
    Mifare_Classic_DecodeTlv                 0x08001541   Thumb Code    54  mifare_classic.o(i.Mifare_Classic_DecodeTlv)
    Mifare_Classic_GetBufferSize             0x08001577   Thumb Code    30  mifare_classic.o(i.Mifare_Classic_GetBufferSize)
    Mifare_Classic_GetNdefStartIndex         0x08001595   Thumb Code    30  mifare_classic.o(i.Mifare_Classic_GetNdefStartIndex)
    Mifare_Classic_IsFirstBlock              0x080015b3   Thumb Code    20  mifare_classic.o(i.Mifare_Classic_IsFirstBlock)
    Mifare_Classic_IsTrailerBlock            0x080015c7   Thumb Code    28  mifare_classic.o(i.Mifare_Classic_IsTrailerBlock)
    Mifare_Classic_Read                      0x080015e5   Thumb Code   202  mifare_classic.o(i.Mifare_Classic_Read)
    Mifare_Classic_ReadDataBlock             0x080016b9   Thumb Code    78  mifare_classic.o(i.Mifare_Classic_ReadDataBlock)
    Mifare_Classic_Write                     0x0800170d   Thumb Code   226  mifare_classic.o(i.Mifare_Classic_Write)
    Mifare_Classic_WriteDataBlock            0x080017f9   Thumb Code    68  mifare_classic.o(i.Mifare_Classic_WriteDataBlock)
    NDEF_Message_AddRecord                   0x08001841   Thumb Code    34  ndef_message.o(i.NDEF_Message_AddRecord)
    NDEF_Message_Encode                      0x08001863   Thumb Code    64  ndef_message.o(i.NDEF_Message_Encode)
    NDEF_Message_GetEncodeSize               0x080018a5   Thumb Code    36  ndef_message.o(i.NDEF_Message_GetEncodeSize)
    NDEF_Message_Init                        0x080018c9   Thumb Code    26  ndef_message.o(i.NDEF_Message_Init)
    NDEF_Record_Create_TextRecord            0x080018e5   Thumb Code    92  ndef_record.o(i.NDEF_Record_Create_TextRecord)
    NDEF_Record_Encode                       0x08001949   Thumb Code    90  ndef_record.o(i.NDEF_Record_Encode)
    NDEF_Record_GetEncodedSize               0x080019a3   Thumb Code    22  ndef_record.o(i.NDEF_Record_GetEncodedSize)
    NDEF_Record_GetTnfByte                   0x080019b9   Thumb Code    30  ndef_record.o(i.NDEF_Record_GetTnfByte)
    NDEF_Record_Init                         0x080019d7   Thumb Code    12  ndef_record.o(i.NDEF_Record_Init)
    NDEF_Record_SetId                        0x080019e3   Thumb Code    28  ndef_record.o(i.NDEF_Record_SetId)
    NDEF_Record_SetPayload                   0x080019ff   Thumb Code    28  ndef_record.o(i.NDEF_Record_SetPayload)
    NDEF_Record_SetType                      0x08001a1b   Thumb Code    28  ndef_record.o(i.NDEF_Record_SetType)
    NFC_Clear_Tag                            0x08001a37   Thumb Code    96  nfc_tag.o(i.NFC_Clear_Tag)
    NMI_Handler                              0x08001a97   Thumb Code     2  stm32f4xx_it.o(i.NMI_Handler)
    PN532_Correct_AckFrame                   0x08001ab9   Thumb Code    32  pn532.o(i.PN532_Correct_AckFrame)
    PN532_Correct_CheckSum                   0x08001ae5   Thumb Code    46  pn532.o(i.PN532_Correct_CheckSum)
    PN532_InListPassiveTarget                0x08001b19   Thumb Code    94  pn532.o(i.PN532_InListPassiveTarget)
    PN532_SAMConfig                          0x08001b7d   Thumb Code    40  pn532.o(i.PN532_SAMConfig)
    PN532_WakeUp                             0x08001ba5   Thumb Code    40  pn532.o(i.PN532_WakeUp)
    PN532_WriteCommand                       0x08001bd9   Thumb Code   164  pn532.o(i.PN532_WriteCommand)
    PendSV_Handler                           0x08001c81   Thumb Code     2  stm32f4xx_it.o(i.PendSV_Handler)
    RCC_IRQHandler                           0x08001c83   Thumb Code     2  stm32f4xx_it.o(i.RCC_IRQHandler)
    SVC_Handler                              0x08001c85   Thumb Code     2  stm32f4xx_it.o(i.SVC_Handler)
    SysTick_Handler                          0x08001c87   Thumb Code    14  stm32f4xx_it.o(i.SysTick_Handler)
    SystemClock_Config                       0x08001c95   Thumb Code   150  main.o(i.SystemClock_Config)
    SystemInit                               0x08001d35   Thumb Code    66  system_stm32f4xx.o(i.SystemInit)
    USART1_IRQHandler                        0x080021b5   Thumb Code     6  stm32f4xx_it.o(i.USART1_IRQHandler)
    USART2_IRQHandler                        0x080021c1   Thumb Code     6  stm32f4xx_it.o(i.USART2_IRQHandler)
    UsageFault_Handler                       0x080021cd   Thumb Code     2  stm32f4xx_it.o(i.UsageFault_Handler)
    _Error_Handler                           0x080021cf   Thumb Code     2  main.o(i._Error_Handler)
    __scatterload_copy                       0x080021d1   Thumb Code    14  handlers.o(i.__scatterload_copy)
    __scatterload_null                       0x080021df   Thumb Code     2  handlers.o(i.__scatterload_null)
    __scatterload_zeroinit                   0x080021e1   Thumb Code    14  handlers.o(i.__scatterload_zeroinit)
    clean_uart1_rx_data                      0x080021f1   Thumb Code    24  usart.o(i.clean_uart1_rx_data)
    clean_uart2_rx_data                      0x08002211   Thumb Code    24  usart.o(i.clean_uart2_rx_data)
    free                                     0x08002231   Thumb Code    76  malloc.o(i.free)
    get_rx_data_len                          0x08002281   Thumb Code     8  usart.o(i.get_rx_data_len)
    main                                     0x0800228d   Thumb Code   138  main.o(i.main)
    malloc                                   0x08002339   Thumb Code    92  malloc.o(i.malloc)
    AHBPrescTable                            0x080023a4   Data          16  system_stm32f4xx.o(.constdata)
    APBPrescTable                            0x080023b4   Data           8  system_stm32f4xx.o(.constdata)
    Region$$Table$$Base                      0x080023bc   Number         0  anon$$obj.o(Region$$Table)
    Region$$Table$$Limit                     0x080023dc   Number         0  anon$$obj.o(Region$$Table)
    file_num                                 0x20000000   Data           4  main.o(.data)
    uart1_rx_len                             0x20000004   Data           1  usart.o(.data)
    uart1_rx_temp                            0x20000005   Data           1  usart.o(.data)
    uart2_rx_len                             0x20000006   Data           1  usart.o(.data)
    uart2_rx_temp                            0x20000007   Data           1  usart.o(.data)
    uwTickFreq                               0x20000008   Data           1  stm32f4xx_hal.o(.data)
    uwTickPrio                               0x2000000c   Data           4  stm32f4xx_hal.o(.data)
    uwTick                                   0x20000010   Data           4  stm32f4xx_hal.o(.data)
    SystemCoreClock                          0x20000014   Data           4  system_stm32f4xx.o(.data)
    __microlib_freelist                      0x20000018   Data           4  mvars.o(.data)
    __microlib_freelist_initialised          0x2000001c   Data           4  mvars.o(.data)
    tag                                      0x20000020   Data          16  main.o(.bss)
    uart1_rx_data                            0x20000030   Data         100  usart.o(.bss)
    uart2_rx_data                            0x20000094   Data         100  usart.o(.bss)
    huart1                                   0x200000f8   Data          64  usart.o(.bss)
    huart2                                   0x20000138   Data          64  usart.o(.bss)
    __heap_base                              0x20000178   Data           0  startup_stm32f407xx.o(HEAP)
    __heap_limit                             0x20000378   Data           0  startup_stm32f407xx.o(HEAP)
    __initial_sp                             0x20000778   Data           0  startup_stm32f407xx.o(STACK)



==============================================================================

Memory Map of the image

  Image Entry point : 0x08000189

  Load Region LR_IROM1 (Base: 0x08000000, Size: 0x000023fc, Max: 0x00080000, ABSOLUTE)

    Execution Region ER_IROM1 (Exec base: 0x08000000, Load base: 0x08000000, Size: 0x000023dc, Max: 0x00080000, ABSOLUTE)

    Exec Addr    Load Addr    Size         Type   Attr      Idx    E Section Name        Object

    0x08000000   0x08000000   0x00000188   Data   RO            3    RESET               startup_stm32f407xx.o
    0x08000188   0x08000188   0x00000000   Code   RO         2177  * .ARM.Collect$$$$00000000  mc_w.l(entry.o)
    0x08000188   0x08000188   0x00000004   Code   RO         2218    .ARM.Collect$$$$00000001  mc_w.l(entry2.o)
    0x0800018c   0x0800018c   0x00000004   Code   RO         2221    .ARM.Collect$$$$00000004  mc_w.l(entry5.o)
    0x08000190   0x08000190   0x00000000   Code   RO         2223    .ARM.Collect$$$$00000008  mc_w.l(entry7b.o)
    0x08000190   0x08000190   0x00000000   Code   RO         2225    .ARM.Collect$$$$0000000A  mc_w.l(entry8b.o)
    0x08000190   0x08000190   0x00000008   Code   RO         2226    .ARM.Collect$$$$0000000B  mc_w.l(entry9a.o)
    0x08000198   0x08000198   0x00000000   Code   RO         2228    .ARM.Collect$$$$0000000D  mc_w.l(entry10a.o)
    0x08000198   0x08000198   0x00000000   Code   RO         2230    .ARM.Collect$$$$0000000F  mc_w.l(entry11a.o)
    0x08000198   0x08000198   0x00000004   Code   RO         2219    .ARM.Collect$$$$00002712  mc_w.l(entry2.o)
    0x0800019c   0x0800019c   0x00000024   Code   RO            4    .text               startup_stm32f407xx.o
    0x080001c0   0x080001c0   0x00000062   Code   RO         2180    .text               mc_w.l(uldiv.o)
    0x08000222   0x08000222   0x00000024   Code   RO         2182    .text               mc_w.l(memcpya.o)
    0x08000246   0x08000246   0x00000024   Code   RO         2184    .text               mc_w.l(memseta.o)
    0x0800026a   0x0800026a   0x0000001a   Code   RO         2186    .text               mc_w.l(memcmp.o)
    0x08000284   0x08000284   0x0000001e   Code   RO         2232    .text               mc_w.l(llshl.o)
    0x080002a2   0x080002a2   0x00000020   Code   RO         2234    .text               mc_w.l(llushr.o)
    0x080002c2   0x080002c2   0x00000002   PAD
    0x080002c4   0x080002c4   0x00000024   Code   RO         2238    .text               mc_w.l(init.o)
    0x080002e8   0x080002e8   0x00000002   Code   RO          611    i.BusFault_Handler  stm32f4xx_it.o
    0x080002ea   0x080002ea   0x00000002   Code   RO          612    i.DebugMon_Handler  stm32f4xx_it.o
    0x080002ec   0x080002ec   0x00000006   Code   RO          613    i.EXTI4_IRQHandler  stm32f4xx_it.o
    0x080002f2   0x080002f2   0x00000048   Code   RO          400    i.FN_RM01_Get_FileName  fn_rm01.o
    0x0800033a   0x0800033a   0x00000002   PAD
    0x0800033c   0x0800033c   0x00000054   Code   RO          401    i.FN_RM01_Get_File_Num  fn_rm01.o
    0x08000390   0x08000390   0x0000006c   Code   RO          402    i.FN_RM01_Play_Sound  fn_rm01.o
    0x080003fc   0x080003fc   0x0000006c   Code   RO          403    i.FN_RM01_Record_Sound  fn_rm01.o
    0x08000468   0x08000468   0x0000006c   Code   RO          404    i.FN_RM01_Remove_Sound  fn_rm01.o
    0x080004d4   0x080004d4   0x0000004c   Code   RO          405    i.FN_RM01_Stop_Record  fn_rm01.o
    0x08000520   0x08000520   0x000000c8   Code   RO          256    i.Get_NDEF_Message  ndef_message.o
    0x080005e8   0x080005e8   0x00000024   Code   RO         1560    i.HAL_DMA_Abort_IT  stm32f4xx_hal_dma.o
    0x0800060c   0x0800060c   0x00000024   Code   RO         1978    i.HAL_Delay         stm32f4xx_hal.o
    0x08000630   0x08000630   0x000000d8   Code   RO          504    i.HAL_GPIO_EXTI_Callback  gpio.o
    0x08000708   0x08000708   0x00000018   Code   RO         1451    i.HAL_GPIO_EXTI_IRQHandler  stm32f4xx_hal_gpio.o
    0x08000720   0x08000720   0x000001b0   Code   RO         1452    i.HAL_GPIO_Init     stm32f4xx_hal_gpio.o
    0x080008d0   0x080008d0   0x0000000a   Code   RO         1454    i.HAL_GPIO_ReadPin  stm32f4xx_hal_gpio.o
    0x080008da   0x080008da   0x00000002   PAD
    0x080008dc   0x080008dc   0x0000000c   Code   RO         1984    i.HAL_GetTick       stm32f4xx_hal.o
    0x080008e8   0x080008e8   0x00000010   Code   RO         1988    i.HAL_IncTick       stm32f4xx_hal.o
    0x080008f8   0x080008f8   0x00000034   Code   RO         1989    i.HAL_Init          stm32f4xx_hal.o
    0x0800092c   0x0800092c   0x00000040   Code   RO         1990    i.HAL_InitTick      stm32f4xx_hal.o
    0x0800096c   0x0800096c   0x00000094   Code   RO          711    i.HAL_MspInit       stm32f4xx_hal_msp.o
    0x08000a00   0x08000a00   0x00000016   Code   RO         1840    i.HAL_NVIC_DisableIRQ  stm32f4xx_hal_cortex.o
    0x08000a16   0x08000a16   0x00000016   Code   RO         1841    i.HAL_NVIC_EnableIRQ  stm32f4xx_hal_cortex.o
    0x08000a2c   0x08000a2c   0x00000040   Code   RO         1847    i.HAL_NVIC_SetPriority  stm32f4xx_hal_cortex.o
    0x08000a6c   0x08000a6c   0x00000024   Code   RO         1848    i.HAL_NVIC_SetPriorityGrouping  stm32f4xx_hal_cortex.o
    0x08000a90   0x08000a90   0x00000130   Code   RO         1098    i.HAL_RCC_ClockConfig  stm32f4xx_hal_rcc.o
    0x08000bc0   0x08000bc0   0x0000000c   Code   RO         1103    i.HAL_RCC_GetHCLKFreq  stm32f4xx_hal_rcc.o
    0x08000bcc   0x08000bcc   0x00000020   Code   RO         1105    i.HAL_RCC_GetPCLK1Freq  stm32f4xx_hal_rcc.o
    0x08000bec   0x08000bec   0x00000020   Code   RO         1106    i.HAL_RCC_GetPCLK2Freq  stm32f4xx_hal_rcc.o
    0x08000c0c   0x08000c0c   0x00000064   Code   RO         1107    i.HAL_RCC_GetSysClockFreq  stm32f4xx_hal_rcc.o
    0x08000c70   0x08000c70   0x0000031c   Code   RO         1110    i.HAL_RCC_OscConfig  stm32f4xx_hal_rcc.o
    0x08000f8c   0x08000f8c   0x00000018   Code   RO         1850    i.HAL_SYSTICK_CLKSourceConfig  stm32f4xx_hal_cortex.o
    0x08000fa4   0x08000fa4   0x00000002   Code   RO         1851    i.HAL_SYSTICK_Callback  stm32f4xx_hal_cortex.o
    0x08000fa6   0x08000fa6   0x00000028   Code   RO         1852    i.HAL_SYSTICK_Config  stm32f4xx_hal_cortex.o
    0x08000fce   0x08000fce   0x00000008   Code   RO         1853    i.HAL_SYSTICK_IRQHandler  stm32f4xx_hal_cortex.o
    0x08000fd6   0x08000fd6   0x00000002   Code   RO          792    i.HAL_UART_ErrorCallback  stm32f4xx_hal_uart.o
    0x08000fd8   0x08000fd8   0x00000110   Code   RO          795    i.HAL_UART_IRQHandler  stm32f4xx_hal_uart.o
    0x080010e8   0x080010e8   0x00000062   Code   RO          796    i.HAL_UART_Init     stm32f4xx_hal_uart.o
    0x0800114a   0x0800114a   0x00000002   PAD
    0x0800114c   0x0800114c   0x0000008c   Code   RO          539    i.HAL_UART_MspInit  usart.o
    0x080011d8   0x080011d8   0x00000048   Code   RO          801    i.HAL_UART_Receive_IT  stm32f4xx_hal_uart.o
    0x08001220   0x08001220   0x00000064   Code   RO          540    i.HAL_UART_RxCpltCallback  usart.o
    0x08001284   0x08001284   0x000000ba   Code   RO          804    i.HAL_UART_Transmit  stm32f4xx_hal_uart.o
    0x0800133e   0x0800133e   0x00000002   Code   RO          807    i.HAL_UART_TxCpltCallback  stm32f4xx_hal_uart.o
    0x08001340   0x08001340   0x00000002   Code   RO          614    i.HardFault_Handler  stm32f4xx_it.o
    0x08001342   0x08001342   0x00000002   PAD
    0x08001344   0x08001344   0x00000104   Code   RO          505    i.MX_GPIO_Init      gpio.o
    0x08001448   0x08001448   0x0000004c   Code   RO          541    i.MX_USART1_UART_Init  usart.o
    0x08001494   0x08001494   0x0000004c   Code   RO          542    i.MX_USART2_UART_Init  usart.o
    0x080014e0   0x080014e0   0x00000002   Code   RO          615    i.MemManage_Handler  stm32f4xx_it.o
    0x080014e2   0x080014e2   0x00000002   PAD
    0x080014e4   0x080014e4   0x0000005c   Code   RO          177    i.Mifare_Classic_Authenicate_Block  mifare_classic.o
    0x08001540   0x08001540   0x00000036   Code   RO          178    i.Mifare_Classic_DecodeTlv  mifare_classic.o
    0x08001576   0x08001576   0x0000001e   Code   RO          179    i.Mifare_Classic_GetBufferSize  mifare_classic.o
    0x08001594   0x08001594   0x0000001e   Code   RO          180    i.Mifare_Classic_GetNdefStartIndex  mifare_classic.o
    0x080015b2   0x080015b2   0x00000014   Code   RO          181    i.Mifare_Classic_IsFirstBlock  mifare_classic.o
    0x080015c6   0x080015c6   0x0000001c   Code   RO          182    i.Mifare_Classic_IsTrailerBlock  mifare_classic.o
    0x080015e2   0x080015e2   0x00000002   PAD
    0x080015e4   0x080015e4   0x000000d4   Code   RO          183    i.Mifare_Classic_Read  mifare_classic.o
    0x080016b8   0x080016b8   0x00000054   Code   RO          184    i.Mifare_Classic_ReadDataBlock  mifare_classic.o
    0x0800170c   0x0800170c   0x000000ec   Code   RO          185    i.Mifare_Classic_Write  mifare_classic.o
    0x080017f8   0x080017f8   0x00000048   Code   RO          186    i.Mifare_Classic_WriteDataBlock  mifare_classic.o
    0x08001840   0x08001840   0x00000022   Code   RO          257    i.NDEF_Message_AddRecord  ndef_message.o
    0x08001862   0x08001862   0x00000040   Code   RO          258    i.NDEF_Message_Encode  ndef_message.o
    0x080018a2   0x080018a2   0x00000002   PAD
    0x080018a4   0x080018a4   0x00000024   Code   RO          259    i.NDEF_Message_GetEncodeSize  ndef_message.o
    0x080018c8   0x080018c8   0x0000001a   Code   RO          260    i.NDEF_Message_Init  ndef_message.o
    0x080018e2   0x080018e2   0x00000002   PAD
    0x080018e4   0x080018e4   0x00000064   Code   RO          307    i.NDEF_Record_Create_TextRecord  ndef_record.o
    0x08001948   0x08001948   0x0000005a   Code   RO          308    i.NDEF_Record_Encode  ndef_record.o
    0x080019a2   0x080019a2   0x00000016   Code   RO          309    i.NDEF_Record_GetEncodedSize  ndef_record.o
    0x080019b8   0x080019b8   0x0000001e   Code   RO          310    i.NDEF_Record_GetTnfByte  ndef_record.o
    0x080019d6   0x080019d6   0x0000000c   Code   RO          311    i.NDEF_Record_Init  ndef_record.o
    0x080019e2   0x080019e2   0x0000001c   Code   RO          312    i.NDEF_Record_SetId  ndef_record.o
    0x080019fe   0x080019fe   0x0000001c   Code   RO          313    i.NDEF_Record_SetPayload  ndef_record.o
    0x08001a1a   0x08001a1a   0x0000001c   Code   RO          314    i.NDEF_Record_SetType  ndef_record.o
    0x08001a36   0x08001a36   0x00000060   Code   RO          376    i.NFC_Clear_Tag     nfc_tag.o
    0x08001a96   0x08001a96   0x00000002   Code   RO          616    i.NMI_Handler       stm32f4xx_it.o
    0x08001a98   0x08001a98   0x00000020   Code   RO         1854    i.NVIC_SetPriority  stm32f4xx_hal_cortex.o
    0x08001ab8   0x08001ab8   0x0000002c   Code   RO           13    i.PN532_Correct_AckFrame  pn532.o
    0x08001ae4   0x08001ae4   0x00000034   Code   RO           14    i.PN532_Correct_CheckSum  pn532.o
    0x08001b18   0x08001b18   0x00000064   Code   RO           15    i.PN532_InListPassiveTarget  pn532.o
    0x08001b7c   0x08001b7c   0x00000028   Code   RO           16    i.PN532_SAMConfig   pn532.o
    0x08001ba4   0x08001ba4   0x00000034   Code   RO           17    i.PN532_WakeUp      pn532.o
    0x08001bd8   0x08001bd8   0x000000a8   Code   RO           18    i.PN532_WriteCommand  pn532.o
    0x08001c80   0x08001c80   0x00000002   Code   RO          617    i.PendSV_Handler    stm32f4xx_it.o
    0x08001c82   0x08001c82   0x00000002   Code   RO          618    i.RCC_IRQHandler    stm32f4xx_it.o
    0x08001c84   0x08001c84   0x00000002   Code   RO          619    i.SVC_Handler       stm32f4xx_it.o
    0x08001c86   0x08001c86   0x0000000e   Code   RO          620    i.SysTick_Handler   stm32f4xx_it.o
    0x08001c94   0x08001c94   0x000000a0   Code   RO          461    i.SystemClock_Config  main.o
    0x08001d34   0x08001d34   0x00000054   Code   RO         2143    i.SystemInit        system_stm32f4xx.o
    0x08001d88   0x08001d88   0x00000010   Code   RO          809    i.UART_DMAAbortOnError  stm32f4xx_hal_uart.o
    0x08001d98   0x08001d98   0x0000001c   Code   RO          819    i.UART_EndRxTransfer  stm32f4xx_hal_uart.o
    0x08001db4   0x08001db4   0x0000008c   Code   RO          821    i.UART_Receive_IT   stm32f4xx_hal_uart.o
    0x08001e40   0x08001e40   0x000002ac   Code   RO          822    i.UART_SetConfig    stm32f4xx_hal_uart.o
    0x080020ec   0x080020ec   0x00000062   Code   RO          823    i.UART_Transmit_IT  stm32f4xx_hal_uart.o
    0x0800214e   0x0800214e   0x00000064   Code   RO          824    i.UART_WaitOnFlagUntilTimeout  stm32f4xx_hal_uart.o
    0x080021b2   0x080021b2   0x00000002   PAD
    0x080021b4   0x080021b4   0x0000000c   Code   RO          621    i.USART1_IRQHandler  stm32f4xx_it.o
    0x080021c0   0x080021c0   0x0000000c   Code   RO          622    i.USART2_IRQHandler  stm32f4xx_it.o
    0x080021cc   0x080021cc   0x00000002   Code   RO          623    i.UsageFault_Handler  stm32f4xx_it.o
    0x080021ce   0x080021ce   0x00000002   Code   RO          462    i._Error_Handler    main.o
    0x080021d0   0x080021d0   0x0000000e   Code   RO         2242    i.__scatterload_copy  mc_w.l(handlers.o)
    0x080021de   0x080021de   0x00000002   Code   RO         2243    i.__scatterload_null  mc_w.l(handlers.o)
    0x080021e0   0x080021e0   0x0000000e   Code   RO         2244    i.__scatterload_zeroinit  mc_w.l(handlers.o)
    0x080021ee   0x080021ee   0x00000002   PAD
    0x080021f0   0x080021f0   0x00000020   Code   RO          543    i.clean_uart1_rx_data  usart.o
    0x08002210   0x08002210   0x00000020   Code   RO          544    i.clean_uart2_rx_data  usart.o
    0x08002230   0x08002230   0x00000050   Code   RO         2190    i.free              mc_w.l(malloc.o)
    0x08002280   0x08002280   0x0000000c   Code   RO          545    i.get_rx_data_len   usart.o
    0x0800228c   0x0800228c   0x000000ac   Code   RO          463    i.main              main.o
    0x08002338   0x08002338   0x0000006c   Code   RO         2191    i.malloc            mc_w.l(malloc.o)
    0x080023a4   0x080023a4   0x00000010   Data   RO         2144    .constdata          system_stm32f4xx.o
    0x080023b4   0x080023b4   0x00000008   Data   RO         2145    .constdata          system_stm32f4xx.o
    0x080023bc   0x080023bc   0x00000020   Data   RO         2240    Region$$Table       anon$$obj.o


    Execution Region RW_IRAM1 (Exec base: 0x20000000, Load base: 0x080023dc, Size: 0x00000778, Max: 0x00020000, ABSOLUTE)

    Exec Addr    Load Addr    Size         Type   Attr      Idx    E Section Name        Object

    0x20000000   0x080023dc   0x00000004   Data   RW          465    .data               main.o
    0x20000004   0x080023e0   0x00000004   Data   RW          547    .data               usart.o
    0x20000008   0x080023e4   0x0000000c   Data   RW         1996    .data               stm32f4xx_hal.o
    0x20000014   0x080023f0   0x00000004   Data   RW         2146    .data               system_stm32f4xx.o
    0x20000018   0x080023f4   0x00000004   Data   RW         2236    .data               mc_w.l(mvars.o)
    0x2000001c   0x080023f8   0x00000004   Data   RW         2237    .data               mc_w.l(mvars.o)
    0x20000020        -       0x00000010   Zero   RW          464    .bss                main.o
    0x20000030        -       0x00000148   Zero   RW          546    .bss                usart.o
    0x20000178        -       0x00000200   Zero   RW            2    HEAP                startup_stm32f407xx.o
    0x20000378        -       0x00000400   Zero   RW            1    STACK               startup_stm32f407xx.o


==============================================================================

Image component sizes


      Code (inc. data)   RO Data    RW Data    ZI Data      Debug   Object Name

       556         42          0          0          0       4155   fn_rm01.o
       476         68          0          0          0       1744   gpio.o
       334         44          0          4         16       2556   main.o
       858         34          0          0          0       8318   mifare_classic.o
       360          0          0          0          0       4555   ndef_message.o
       338          8          0          0          0       5631   ndef_record.o
        96          0          0          0          0        908   nfc_tag.o
       456         40          0          0          0     657828   pn532.o
        36          8        392          0       1536        848   startup_stm32f407xx.o
       180         28          0         12          0       4653   stm32f4xx_hal.o
       250         14          0          0          0      32915   stm32f4xx_hal_cortex.o
        36          0          0          0          0       1239   stm32f4xx_hal_dma.o
       466         50          0          0          0       3098   stm32f4xx_hal_gpio.o
       148          6          0          0          0        938   stm32f4xx_hal_msp.o
      1276         86          0          0          0       5704   stm32f4xx_hal_rcc.o
      1698         14          0          0          0       9915   stm32f4xx_hal_uart.o
        62         12          0          0          0       6094   stm32f4xx_it.o
        84         18         24          4          0       1195   system_stm32f4xx.o
       468        106          0          4        328       4773   usart.o

    ----------------------------------------------------------------------
      8196        578        448         24       1880     757067   Object Totals
         0          0         32          0          0          0   (incl. Generated)
        18          0          0          0          0          0   (incl. Padding)

    ----------------------------------------------------------------------

      Code (inc. data)   RO Data    RW Data    ZI Data      Debug   Library Member Name

         0          0          0          0          0          0   entry.o
         0          0          0          0          0          0   entry10a.o
         0          0          0          0          0          0   entry11a.o
         8          4          0          0          0          0   entry2.o
         4          0          0          0          0          0   entry5.o
         0          0          0          0          0          0   entry7b.o
         0          0          0          0          0          0   entry8b.o
         8          4          0          0          0          0   entry9a.o
        30          0          0          0          0          0   handlers.o
        36          8          0          0          0         68   init.o
        30          0          0          0          0         68   llshl.o
        32          0          0          0          0         68   llushr.o
       188         20          0          0          0        160   malloc.o
        26          0          0          0          0         80   memcmp.o
        36          0          0          0          0         68   memcpya.o
        36          0          0          0          0        108   memseta.o
         0          0          0          8          0          0   mvars.o
        98          0          0          0          0         92   uldiv.o

    ----------------------------------------------------------------------
       536         36          0          8          0        712   Library Totals
         4          0          0          0          0          0   (incl. Padding)

    ----------------------------------------------------------------------

      Code (inc. data)   RO Data    RW Data    ZI Data      Debug   Library Name

       532         36          0          8          0        712   mc_w.l

    ----------------------------------------------------------------------
       536         36          0          8          0        712   Library Totals

    ----------------------------------------------------------------------

==============================================================================


      Code (inc. data)   RO Data    RW Data    ZI Data      Debug   

      8732        614        448         32       1880     748471   Grand Totals
      8732        614        448         32       1880     748471   ELF Image Totals
      8732        614        448         32          0          0   ROM Totals

==============================================================================

    Total RO  Size (Code + RO Data)                 9180 (   8.96kB)
    Total RW  Size (RW Data + ZI Data)              1912 (   1.87kB)
    Total ROM Size (Code + RO Data + RW Data)       9212 (   9.00kB)

==============================================================================

