<html>
<body>
<pre>
<h1>µVision Build Log</h1>
<h2>Tool Versions:</h2>
IDE-Version: £gVision V5.24.2.0
Copyright (C) 2017 ARM Ltd and ARM Germany GmbH. All rights reserved.
License Information: Kwong Hau Shing, ad, LIC=TIVPC-7K145-VEEHA-1J1PE-MA3NH-7ZD80
 
Tool Versions:
Toolchain:       MDK-ARM Plus  Version: 5.24.1
Toolchain Path:  C:\Keil_v5\ARM\ARMCC\Bin
C Compiler:      Armcc.exe V5.06 update 5 (build 528)
Assembler:       Armasm.exe V5.06 update 5 (build 528)
Linker/Locator:  ArmLink.exe V5.06 update 5 (build 528)
Library Manager: ArmAr.exe V5.06 update 5 (build 528)
Hex Converter:   FromElf.exe V5.06 update 5 (build 528)
CPU DLL:         SARMCM3.DLL V5.24.1
Dialog DLL:      DARMCM1.DLL V1.18.0.0
Target DLL:      STLink\ST-LINKIII-KEIL_SWO.dll V3.0.1.0
Dialog DLL:      TARMCM1.DLL V1.13.0.0
 
<h2>Project:</h2>
C:\Users\owen1\Desktop\STM32\TEDY_NFC_F0\MDK-ARM\TEDY_NFC_F0.uvprojx
Project File Date:  07/14/2019

<h2>Output:</h2>
*** Using Compiler 'V5.06 update 5 (build 528)', folder: 'C:\Keil_v5\ARM\ARMCC\Bin'
Build target 'TEDY_NFC_F0'
assembling startup_stm32f070x6.s...
compiling FN_RM01.c...
..\Src\FN_RM01.c(6): warning:  #223-D: function "memset" declared implicitly
  	memset(check_file_num_cmd,0,sizeof(check_file_num_cmd));
..\Src\FN_RM01.c(24): warning:  #223-D: function "memset" declared implicitly
  	memset(play_file_command,0,sizeof(play_file_command));
..\Src\FN_RM01.c(51): warning:  #223-D: function "memset" declared implicitly
  	memset(record_command,0,sizeof(record_command));
..\Src\FN_RM01.c(78): warning:  #223-D: function "memset" declared implicitly
  	memset(stop_record_command,0,sizeof(stop_record_command));
..\Src\FN_RM01.c(98): warning:  #223-D: function "memset" declared implicitly
  	memset(remove_command,0,sizeof(remove_command));
..\Src\FN_RM01.c: 5 warnings, 0 errors
compiling NDEF_Message.c...
..\Src\NDEF_Message.c(17): warning:  #177-D: variable "mb"  was declared but never referenced
  		int mb = (tnf_byte & 0x80) != 0;
..\Src\NDEF_Message.c(19): warning:  #177-D: variable "cf"  was declared but never referenced
  		int cf = (tnf_byte & 0x20) != 0;
..\Src\NDEF_Message.c: 2 warnings, 0 errors
compiling Mifare_Classic.c...
compiling NDEF_Record.c...
compiling NFC_Tag.c...
compiling main.c...
compiling PN532.c...
compiling gpio.c...
compiling stm32f0xx_it.c...
compiling stm32f0xx_hal_msp.c...
compiling usart.c...
compiling stm32f0xx_hal_tim.c...
compiling stm32f0xx_hal_tim_ex.c...
compiling stm32f0xx_hal_uart_ex.c...
compiling stm32f0xx_hal_uart.c...
compiling stm32f0xx_hal_rcc.c...
compiling stm32f0xx_hal_rcc_ex.c...
compiling stm32f0xx_hal.c...
compiling stm32f0xx_hal_i2c_ex.c...
compiling stm32f0xx_hal_gpio.c...
compiling stm32f0xx_hal_dma.c...
compiling stm32f0xx_hal_i2c.c...
compiling stm32f0xx_hal_cortex.c...
compiling stm32f0xx_hal_pwr.c...
compiling stm32f0xx_hal_pwr_ex.c...
compiling stm32f0xx_hal_flash.c...
compiling stm32f0xx_hal_flash_ex.c...
compiling system_stm32f0xx.c...
linking...
Program Size: Code=8532 RO-data=248 RW-data=24 ZI-data=1880  
FromELF: creating hex file...
"TEDY_NFC_F0\TEDY_NFC_F0.axf" - 0 Error(s), 7 Warning(s).

<h2>Software Packages used:</h2>

Package Vendor: ARM
                http://www.keil.com/pack/ARM.CMSIS.5.1.0.pack
                ARM.CMSIS.5.1.0
                CMSIS (Cortex Microcontroller Software Interface Standard)
   * Component: CORE Version: 5.0.2

Package Vendor: Keil
                http://www.keil.com/pack/Keil.STM32F0xx_DFP.2.0.0.pack
                Keil.STM32F0xx_DFP.2.0.0
                STMicroelectronics STM32F0 Series Device Support, Drivers and Examples

<h2>Collection of Component include folders:</h2>
  .\RTE\_TEDY_NFC_F0
  C:\Keil_v5\ARM\PACK\ARM\CMSIS\5.1.0\CMSIS\Include
  C:\Keil_v5\ARM\PACK\Keil\STM32F0xx_DFP\2.0.0\Drivers\CMSIS\Device\ST\STM32F0xx\Include

<h2>Collection of Component Files used:</h2>

   * Component: ARM::CMSIS:CORE:5.0.2
Build Time Elapsed:  00:00:09
</pre>
</body>
</html>
