Component: ARM Compiler 5.06 update 5 (build 528) Tool: armlink [4d35e2]

==============================================================================

Section Cross References

    startup_stm32f070x6.o(RESET) refers to startup_stm32f070x6.o(STACK) for __initial_sp
    startup_stm32f070x6.o(RESET) refers to startup_stm32f070x6.o(.text) for Reset_Handler
    startup_stm32f070x6.o(RESET) refers to stm32f0xx_it.o(i.NMI_Handler) for NMI_Handler
    startup_stm32f070x6.o(RESET) refers to stm32f0xx_it.o(i.HardFault_Handler) for HardFault_Handler
    startup_stm32f070x6.o(RESET) refers to stm32f0xx_it.o(i.SVC_Handler) for SVC_Handler
    startup_stm32f070x6.o(RESET) refers to stm32f0xx_it.o(i.PendSV_Handler) for PendSV_Handler
    startup_stm32f070x6.o(RESET) refers to stm32f0xx_it.o(i.SysTick_Handler) for SysTick_Handler
    startup_stm32f070x6.o(RESET) refers to stm32f0xx_it.o(i.EXTI4_15_IRQHandler) for EXTI4_15_IRQHandler
    startup_stm32f070x6.o(RESET) refers to stm32f0xx_it.o(i.USART1_IRQHandler) for USART1_IRQHandler
    startup_stm32f070x6.o(RESET) refers to stm32f0xx_it.o(i.USART2_IRQHandler) for USART2_IRQHandler
    startup_stm32f070x6.o(.text) refers to startup_stm32f070x6.o(STACK) for __initial_sp
    startup_stm32f070x6.o(.text) refers to system_stm32f0xx.o(i.SystemInit) for SystemInit
    startup_stm32f070x6.o(.text) refers to entry.o(.ARM.Collect$$$$00000000) for __main
    fn_rm01.o(i.FN_RM01_Get_FileName) refers to idiv.o(.text) for __aeabi_idivmod
    fn_rm01.o(i.FN_RM01_Get_File_Num) refers to usart.o(i.clean_uart2_rx_data) for clean_uart2_rx_data
    fn_rm01.o(i.FN_RM01_Get_File_Num) refers to stm32f0xx_hal_uart.o(i.HAL_UART_Transmit) for HAL_UART_Transmit
    fn_rm01.o(i.FN_RM01_Get_File_Num) refers to stm32f0xx_hal.o(i.HAL_Delay) for HAL_Delay
    fn_rm01.o(i.FN_RM01_Get_File_Num) refers to usart.o(.bss) for huart2
    fn_rm01.o(i.FN_RM01_Play_Sound) refers to usart.o(i.clean_uart2_rx_data) for clean_uart2_rx_data
    fn_rm01.o(i.FN_RM01_Play_Sound) refers to stm32f0xx_hal_uart.o(i.HAL_UART_Transmit) for HAL_UART_Transmit
    fn_rm01.o(i.FN_RM01_Play_Sound) refers to stm32f0xx_hal.o(i.HAL_Delay) for HAL_Delay
    fn_rm01.o(i.FN_RM01_Play_Sound) refers to usart.o(.bss) for huart2
    fn_rm01.o(i.FN_RM01_Record_Sound) refers to usart.o(i.clean_uart2_rx_data) for clean_uart2_rx_data
    fn_rm01.o(i.FN_RM01_Record_Sound) refers to stm32f0xx_hal_uart.o(i.HAL_UART_Transmit) for HAL_UART_Transmit
    fn_rm01.o(i.FN_RM01_Record_Sound) refers to stm32f0xx_hal.o(i.HAL_Delay) for HAL_Delay
    fn_rm01.o(i.FN_RM01_Record_Sound) refers to usart.o(.bss) for huart2
    fn_rm01.o(i.FN_RM01_Remove_Sound) refers to usart.o(i.clean_uart2_rx_data) for clean_uart2_rx_data
    fn_rm01.o(i.FN_RM01_Remove_Sound) refers to stm32f0xx_hal_uart.o(i.HAL_UART_Transmit) for HAL_UART_Transmit
    fn_rm01.o(i.FN_RM01_Remove_Sound) refers to stm32f0xx_hal.o(i.HAL_Delay) for HAL_Delay
    fn_rm01.o(i.FN_RM01_Remove_Sound) refers to usart.o(.bss) for huart2
    fn_rm01.o(i.FN_RM01_Stop_Record) refers to usart.o(i.clean_uart2_rx_data) for clean_uart2_rx_data
    fn_rm01.o(i.FN_RM01_Stop_Record) refers to stm32f0xx_hal_uart.o(i.HAL_UART_Transmit) for HAL_UART_Transmit
    fn_rm01.o(i.FN_RM01_Stop_Record) refers to stm32f0xx_hal.o(i.HAL_Delay) for HAL_Delay
    fn_rm01.o(i.FN_RM01_Stop_Record) refers to usart.o(.bss) for huart2
    mifare_classic.o(i.Mifare_Classic_Authenicate_Block) refers to memcpya.o(.text) for __aeabi_memcpy
    mifare_classic.o(i.Mifare_Classic_Authenicate_Block) refers to pn532.o(i.PN532_WriteCommand) for PN532_WriteCommand
    mifare_classic.o(i.Mifare_Classic_Authenicate_Block) refers to usart.o(i.clean_uart1_rx_data) for clean_uart1_rx_data
    mifare_classic.o(i.Mifare_Classic_Authenicate_Block) refers to usart.o(.bss) for uart1_rx_data
    mifare_classic.o(i.Mifare_Classic_DecodeTlv) refers to mifare_classic.o(i.Mifare_Classic_GetNdefStartIndex) for Mifare_Classic_GetNdefStartIndex
    mifare_classic.o(i.Mifare_Classic_Read) refers to pn532.o(i.PN532_WakeUp) for PN532_WakeUp
    mifare_classic.o(i.Mifare_Classic_Read) refers to mifare_classic.o(i.Mifare_Classic_Authenicate_Block) for Mifare_Classic_Authenicate_Block
    mifare_classic.o(i.Mifare_Classic_Read) refers to mifare_classic.o(i.Mifare_Classic_ReadDataBlock) for Mifare_Classic_ReadDataBlock
    mifare_classic.o(i.Mifare_Classic_Read) refers to mifare_classic.o(i.Mifare_Classic_DecodeTlv) for Mifare_Classic_DecodeTlv
    mifare_classic.o(i.Mifare_Classic_Read) refers to mifare_classic.o(i.Mifare_Classic_GetBufferSize) for Mifare_Classic_GetBufferSize
    mifare_classic.o(i.Mifare_Classic_Read) refers to malloc.o(i.malloc) for malloc
    mifare_classic.o(i.Mifare_Classic_Read) refers to memseta.o(.text) for __aeabi_memclr
    mifare_classic.o(i.Mifare_Classic_Read) refers to mifare_classic.o(i.Mifare_Classic_IsFirstBlock) for Mifare_Classic_IsFirstBlock
[...]
    stm32f0xx_hal_i2c.o(i.I2C_Master_ISR_IT) refers to stm32f0xx_hal_i2c.o(i.I2C_ITError) for I2C_ITError
    stm32f0xx_hal_i2c.o(i.I2C_Master_ISR_IT) refers to stm32f0xx_hal_i2c.o(i.I2C_ITMasterCplt) for I2C_ITMasterCplt
    stm32f0xx_hal_i2c.o(i.I2C_Master_ISR_IT) refers to stm32f0xx_hal_i2c.o(i.I2C_ITMasterSequentialCplt) for I2C_ITMasterSequentialCplt
    stm32f0xx_hal_i2c.o(i.I2C_RequestMemoryRead) refers to stm32f0xx_hal_i2c.o(i.I2C_TransferConfig) for I2C_TransferConfig
    stm32f0xx_hal_i2c.o(i.I2C_RequestMemoryRead) refers to stm32f0xx_hal_i2c.o(i.I2C_WaitOnTXISFlagUntilTimeout) for I2C_WaitOnTXISFlagUntilTimeout
    stm32f0xx_hal_i2c.o(i.I2C_RequestMemoryRead) refers to stm32f0xx_hal_i2c.o(i.I2C_WaitOnFlagUntilTimeout) for I2C_WaitOnFlagUntilTimeout
    stm32f0xx_hal_i2c.o(i.I2C_RequestMemoryWrite) refers to stm32f0xx_hal_i2c.o(i.I2C_TransferConfig) for I2C_TransferConfig
    stm32f0xx_hal_i2c.o(i.I2C_RequestMemoryWrite) refers to stm32f0xx_hal_i2c.o(i.I2C_WaitOnTXISFlagUntilTimeout) for I2C_WaitOnTXISFlagUntilTimeout
    stm32f0xx_hal_i2c.o(i.I2C_RequestMemoryWrite) refers to stm32f0xx_hal_i2c.o(i.I2C_WaitOnFlagUntilTimeout) for I2C_WaitOnFlagUntilTimeout
    stm32f0xx_hal_i2c.o(i.I2C_Slave_ISR_DMA) refers to stm32f0xx_hal_i2c.o(i.I2C_ITSlaveCplt) for I2C_ITSlaveCplt
    stm32f0xx_hal_i2c.o(i.I2C_Slave_ISR_IT) refers to stm32f0xx_hal_i2c.o(i.I2C_ITListenCplt) for I2C_ITListenCplt
    stm32f0xx_hal_i2c.o(i.I2C_Slave_ISR_IT) refers to stm32f0xx_hal_i2c.o(i.I2C_Flush_TXDR) for I2C_Flush_TXDR
    stm32f0xx_hal_i2c.o(i.I2C_Slave_ISR_IT) refers to stm32f0xx_hal_i2c.o(i.I2C_ITAddrCplt) for I2C_ITAddrCplt
    stm32f0xx_hal_i2c.o(i.I2C_Slave_ISR_IT) refers to stm32f0xx_hal_i2c.o(i.I2C_ITSlaveSequentialCplt) for I2C_ITSlaveSequentialCplt
    stm32f0xx_hal_i2c.o(i.I2C_Slave_ISR_IT) refers to stm32f0xx_hal_i2c.o(i.I2C_ITSlaveCplt) for I2C_ITSlaveCplt
    stm32f0xx_hal_i2c.o(i.I2C_WaitOnFlagUntilTimeout) refers to stm32f0xx_hal.o(i.HAL_GetTick) for HAL_GetTick
    stm32f0xx_hal_i2c.o(i.I2C_WaitOnRXNEFlagUntilTimeout) refers to stm32f0xx_hal_i2c.o(i.I2C_IsAcknowledgeFailed) for I2C_IsAcknowledgeFailed
    stm32f0xx_hal_i2c.o(i.I2C_WaitOnRXNEFlagUntilTimeout) refers to stm32f0xx_hal.o(i.HAL_GetTick) for HAL_GetTick
    stm32f0xx_hal_i2c.o(i.I2C_WaitOnSTOPFlagUntilTimeout) refers to stm32f0xx_hal_i2c.o(i.I2C_IsAcknowledgeFailed) for I2C_IsAcknowledgeFailed
    stm32f0xx_hal_i2c.o(i.I2C_WaitOnSTOPFlagUntilTimeout) refers to stm32f0xx_hal.o(i.HAL_GetTick) for HAL_GetTick
    stm32f0xx_hal_i2c.o(i.I2C_WaitOnTXISFlagUntilTimeout) refers to stm32f0xx_hal_i2c.o(i.I2C_IsAcknowledgeFailed) for I2C_IsAcknowledgeFailed
    stm32f0xx_hal_i2c.o(i.I2C_WaitOnTXISFlagUntilTimeout) refers to stm32f0xx_hal.o(i.HAL_GetTick) for HAL_GetTick
    stm32f0xx_hal_gpio.o(i.HAL_GPIO_EXTI_IRQHandler) refers to gpio.o(i.HAL_GPIO_EXTI_Callback) for HAL_GPIO_EXTI_Callback
    stm32f0xx_hal_dma.o(i.DMA_CalcBaseAndBitshift) refers to uidiv.o(.text) for __aeabi_uidivmod
    stm32f0xx_hal_dma.o(i.HAL_DMA_DeInit) refers to stm32f0xx_hal_dma.o(i.DMA_CalcBaseAndBitshift) for DMA_CalcBaseAndBitshift
    stm32f0xx_hal_dma.o(i.HAL_DMA_Init) refers to stm32f0xx_hal_dma.o(i.DMA_CalcBaseAndBitshift) for DMA_CalcBaseAndBitshift
    stm32f0xx_hal_dma.o(i.HAL_DMA_PollForTransfer) refers to stm32f0xx_hal.o(i.HAL_GetTick) for HAL_GetTick
    stm32f0xx_hal_dma.o(i.HAL_DMA_Start) refers to stm32f0xx_hal_dma.o(i.DMA_SetConfig) for DMA_SetConfig
    stm32f0xx_hal_dma.o(i.HAL_DMA_Start_IT) refers to stm32f0xx_hal_dma.o(i.DMA_SetConfig) for DMA_SetConfig
    stm32f0xx_hal_dma.o(i.HAL_DMA_UnRegisterCallback) refers to stm32f0xx_hal_dma.o(i.__ARM_common_switch8) for __ARM_common_switch8
    stm32f0xx_hal_cortex.o(i.HAL_NVIC_SetPriority) refers to stm32f0xx_hal_cortex.o(i.NVIC_SetPriority) for NVIC_SetPriority
    stm32f0xx_hal_cortex.o(i.HAL_SYSTICK_Config) refers to stm32f0xx_hal_cortex.o(i.NVIC_SetPriority) for NVIC_SetPriority
    stm32f0xx_hal_cortex.o(i.HAL_SYSTICK_IRQHandler) refers to stm32f0xx_hal_cortex.o(i.HAL_SYSTICK_Callback) for HAL_SYSTICK_Callback
    stm32f0xx_hal_flash.o(i.FLASH_Program_HalfWord) refers to stm32f0xx_hal_flash.o(.bss) for .bss
    stm32f0xx_hal_flash.o(i.FLASH_SetErrorCode) refers to stm32f0xx_hal_flash.o(.bss) for .bss
    stm32f0xx_hal_flash.o(i.FLASH_WaitForLastOperation) refers to stm32f0xx_hal.o(i.HAL_GetTick) for HAL_GetTick
    stm32f0xx_hal_flash.o(i.FLASH_WaitForLastOperation) refers to stm32f0xx_hal_flash.o(i.FLASH_SetErrorCode) for FLASH_SetErrorCode
    stm32f0xx_hal_flash.o(i.HAL_FLASH_GetError) refers to stm32f0xx_hal_flash.o(.bss) for .bss
    stm32f0xx_hal_flash.o(i.HAL_FLASH_IRQHandler) refers to stm32f0xx_hal_flash.o(i.FLASH_SetErrorCode) for FLASH_SetErrorCode
    stm32f0xx_hal_flash.o(i.HAL_FLASH_IRQHandler) refers to stm32f0xx_hal_flash.o(i.HAL_FLASH_OperationErrorCallback) for HAL_FLASH_OperationErrorCallback
    stm32f0xx_hal_flash.o(i.HAL_FLASH_IRQHandler) refers to stm32f0xx_hal_flash.o(i.FLASH_Program_HalfWord) for FLASH_Program_HalfWord
    stm32f0xx_hal_flash.o(i.HAL_FLASH_IRQHandler) refers to stm32f0xx_hal_flash.o(i.HAL_FLASH_EndOfOperationCallback) for HAL_FLASH_EndOfOperationCallback
    stm32f0xx_hal_flash.o(i.HAL_FLASH_IRQHandler) refers to stm32f0xx_hal_flash_ex.o(i.FLASH_PageErase) for FLASH_PageErase
    stm32f0xx_hal_flash.o(i.HAL_FLASH_IRQHandler) refers to stm32f0xx_hal_flash.o(.bss) for .bss
    stm32f0xx_hal_flash.o(i.HAL_FLASH_OB_Launch) refers to stm32f0xx_hal_flash.o(i.FLASH_WaitForLastOperation) for FLASH_WaitForLastOperation
    stm32f0xx_hal_flash.o(i.HAL_FLASH_Program) refers to stm32f0xx_hal_flash.o(i.FLASH_WaitForLastOperation) for FLASH_WaitForLastOperation
    stm32f0xx_hal_flash.o(i.HAL_FLASH_Program) refers to llushr.o(.text) for __aeabi_llsr
    stm32f0xx_hal_flash.o(i.HAL_FLASH_Program) refers to stm32f0xx_hal_flash.o(i.FLASH_Program_HalfWord) for FLASH_Program_HalfWord
    stm32f0xx_hal_flash.o(i.HAL_FLASH_Program) refers to stm32f0xx_hal_flash.o(.bss) for .bss
    stm32f0xx_hal_flash.o(i.HAL_FLASH_Program_IT) refers to stm32f0xx_hal_flash.o(i.FLASH_Program_HalfWord) for FLASH_Program_HalfWord
    stm32f0xx_hal_flash.o(i.HAL_FLASH_Program_IT) refers to stm32f0xx_hal_flash.o(.bss) for .bss
    stm32f0xx_hal_flash_ex.o(i.FLASH_MassErase) refers to stm32f0xx_hal_flash.o(.bss) for pFlash
    stm32f0xx_hal_flash_ex.o(i.FLASH_OB_RDP_LevelConfig) refers to stm32f0xx_hal_flash.o(i.FLASH_WaitForLastOperation) for FLASH_WaitForLastOperation
    stm32f0xx_hal_flash_ex.o(i.FLASH_OB_RDP_LevelConfig) refers to stm32f0xx_hal_flash.o(.bss) for pFlash
    stm32f0xx_hal_flash_ex.o(i.FLASH_PageErase) refers to stm32f0xx_hal_flash.o(.bss) for pFlash
    stm32f0xx_hal_flash_ex.o(i.HAL_FLASHEx_Erase) refers to stm32f0xx_hal_flash.o(i.FLASH_WaitForLastOperation) for FLASH_WaitForLastOperation
    stm32f0xx_hal_flash_ex.o(i.HAL_FLASHEx_Erase) refers to stm32f0xx_hal_flash_ex.o(i.FLASH_MassErase) for FLASH_MassErase
    stm32f0xx_hal_flash_ex.o(i.HAL_FLASHEx_Erase) refers to stm32f0xx_hal_flash_ex.o(i.FLASH_PageErase) for FLASH_PageErase
    stm32f0xx_hal_flash_ex.o(i.HAL_FLASHEx_Erase) refers to stm32f0xx_hal_flash.o(.bss) for pFlash
    stm32f0xx_hal_flash_ex.o(i.HAL_FLASHEx_Erase_IT) refers to stm32f0xx_hal_flash_ex.o(i.FLASH_PageErase) for FLASH_PageErase
    stm32f0xx_hal_flash_ex.o(i.HAL_FLASHEx_Erase_IT) refers to stm32f0xx_hal_flash_ex.o(i.FLASH_MassErase) for FLASH_MassErase
    stm32f0xx_hal_flash_ex.o(i.HAL_FLASHEx_Erase_IT) refers to stm32f0xx_hal_flash.o(.bss) for pFlash
    stm32f0xx_hal_flash_ex.o(i.HAL_FLASHEx_OBErase) refers to stm32f0xx_hal_flash_ex.o(i.FLASH_OB_GetRDP) for FLASH_OB_GetRDP
    stm32f0xx_hal_flash_ex.o(i.HAL_FLASHEx_OBErase) refers to stm32f0xx_hal_flash.o(i.FLASH_WaitForLastOperation) for FLASH_WaitForLastOperation
    stm32f0xx_hal_flash_ex.o(i.HAL_FLASHEx_OBErase) refers to stm32f0xx_hal_flash_ex.o(i.FLASH_OB_RDP_LevelConfig) for FLASH_OB_RDP_LevelConfig
    stm32f0xx_hal_flash_ex.o(i.HAL_FLASHEx_OBErase) refers to stm32f0xx_hal_flash.o(.bss) for pFlash
    stm32f0xx_hal_flash_ex.o(i.HAL_FLASHEx_OBGetConfig) refers to stm32f0xx_hal_flash_ex.o(i.FLASH_OB_GetRDP) for FLASH_OB_GetRDP
    stm32f0xx_hal_flash_ex.o(i.HAL_FLASHEx_OBProgram) refers to stm32f0xx_hal_flash.o(i.FLASH_WaitForLastOperation) for FLASH_WaitForLastOperation
    stm32f0xx_hal_flash_ex.o(i.HAL_FLASHEx_OBProgram) refers to stm32f0xx_hal_flash_ex.o(i.HAL_FLASHEx_OBErase) for HAL_FLASHEx_OBErase
    stm32f0xx_hal_flash_ex.o(i.HAL_FLASHEx_OBProgram) refers to stm32f0xx_hal_flash_ex.o(i.FLASH_OB_RDP_LevelConfig) for FLASH_OB_RDP_LevelConfig
    stm32f0xx_hal_flash_ex.o(i.HAL_FLASHEx_OBProgram) refers to stm32f0xx_hal_flash.o(.bss) for pFlash
    system_stm32f0xx.o(i.SystemCoreClockUpdate) refers to uidiv.o(.text) for __aeabi_uidivmod
    system_stm32f0xx.o(i.SystemCoreClockUpdate) refers to system_stm32f0xx.o(.data) for .data
    system_stm32f0xx.o(i.SystemCoreClockUpdate) refers to system_stm32f0xx.o(.constdata) for .constdata
    entry.o(.ARM.Collect$$$$00000000) refers (Special) to entry10a.o(.ARM.Collect$$$$0000000D) for __rt_final_cpp
    entry.o(.ARM.Collect$$$$00000000) refers (Special) to entry11a.o(.ARM.Collect$$$$0000000F) for __rt_final_exit
    entry.o(.ARM.Collect$$$$00000000) refers (Special) to entry7b.o(.ARM.Collect$$$$00000008) for _main_clock
    entry.o(.ARM.Collect$$$$00000000) refers (Special) to entry8b.o(.ARM.Collect$$$$0000000A) for _main_cpp_init
    entry.o(.ARM.Collect$$$$00000000) refers (Special) to entry9a.o(.ARM.Collect$$$$0000000B) for _main_init
    entry.o(.ARM.Collect$$$$00000000) refers (Special) to entry5.o(.ARM.Collect$$$$00000004) for _main_scatterload
    entry.o(.ARM.Collect$$$$00000000) refers (Special) to entry2.o(.ARM.Collect$$$$00000001) for _main_stk
    idiv.o(.text) refers to uidiv.o(.text) for __aeabi_uidivmod
    malloc.o(i.free) refers to mvars.o(.data) for __microlib_freelist
    malloc.o(i.malloc) refers to mvars.o(.data) for __microlib_freelist_initialised
    malloc.o(i.malloc) refers to mvars.o(.data) for __microlib_freelist
    malloc.o(i.malloc) refers to startup_stm32f070x6.o(HEAP) for __heap_base
    mallocr.o(i.__free$realloc) refers to mvars.o(.data) for __microlib_freelist
    mallocr.o(i.__malloc$realloc) refers to mallocr.o(i.internal_alloc) for internal_alloc
    mallocr.o(i.__malloc$realloc) refers to mvars.o(.data) for __microlib_freelist_initialised
    mallocr.o(i.__malloc$realloc) refers to startup_stm32f070x6.o(HEAP) for __heap_base
    mallocr.o(i.__malloc$realloc) refers to mvars.o(.data) for __microlib_freelist
    mallocr.o(i.internal_alloc) refers to memcpya.o(.text) for __aeabi_memcpy
    mallocr.o(i.internal_alloc) refers to mvars.o(.data) for __microlib_freelist
    mallocr.o(i.realloc) refers to mallocr.o(i.__free$realloc) for __free$realloc
    mallocr.o(i.realloc) refers to mallocr.o(i.internal_alloc) for internal_alloc
    mallocr.o(i.realloc) refers to mallocr.o(i.__malloc$realloc) for __malloc$realloc
    mallocr.o(i.realloc) refers to mvars.o(.data) for __microlib_freelist
    malloca.o(i.__aligned_malloc) refers to mvars.o(.data) for __microlib_freelist
    malloca.o(i.__aligned_malloc) refers to mvars.o(.data) for __microlib_freelist_initialised
    malloca.o(i.__aligned_malloc) refers to startup_stm32f070x6.o(HEAP) for __heap_base
    malloca.o(i.__free$memalign) refers to mvars.o(.data) for __microlib_freelist
    malloca.o(i.__malloc$memalign) refers to malloca.o(i.__aligned_malloc) for __aligned_malloc
    mallocra.o(i.__aligned_malloc$realloc) refers to mallocra.o(i.internal_alloc) for internal_alloc
    mallocra.o(i.__aligned_malloc$realloc) refers to startup_stm32f070x6.o(HEAP) for __heap_base
    mallocra.o(i.__aligned_malloc$realloc) refers to mvars.o(.data) for __microlib_freelist
    mallocra.o(i.__aligned_malloc$realloc) refers to mvars.o(.data) for __microlib_freelist_initialised
    mallocra.o(i.__free$realloc$memalign) refers to mvars.o(.data) for __microlib_freelist
    mallocra.o(i.__malloc$realloc$memalign) refers to mallocra.o(i.__aligned_malloc$realloc) for __aligned_malloc$realloc
    mallocra.o(i.__realloc$memalign) refers to mallocra.o(i.__free$realloc$memalign) for __free$realloc$memalign
    mallocra.o(i.__realloc$memalign) refers to mallocra.o(i.internal_alloc) for internal_alloc
    mallocra.o(i.__realloc$memalign) refers to mallocra.o(i.__malloc$realloc$memalign) for __malloc$realloc$memalign
    mallocra.o(i.__realloc$memalign) refers to mvars.o(.data) for __microlib_freelist
    mallocra.o(i.internal_alloc) refers to memcpya.o(.text) for __aeabi_memcpy
    mallocra.o(i.internal_alloc) refers to mvars.o(.data) for __microlib_freelist
    entry2.o(.ARM.Collect$$$$00000001) refers to entry2.o(.ARM.Collect$$$$00002712) for __lit__00000000
    entry2.o(.ARM.Collect$$$$00002712) refers to startup_stm32f070x6.o(STACK) for __initial_sp
    entry2.o(__vectab_stack_and_reset_area) refers to startup_stm32f070x6.o(STACK) for __initial_sp
    entry2.o(__vectab_stack_and_reset_area) refers to entry.o(.ARM.Collect$$$$00000000) for __main
    entry5.o(.ARM.Collect$$$$00000004) refers to init.o(.text) for __scatterload
    entry9a.o(.ARM.Collect$$$$0000000B) refers to main.o(i.main) for main
    entry9b.o(.ARM.Collect$$$$0000000C) refers to main.o(i.main) for main
    init.o(.text) refers to entry5.o(.ARM.Collect$$$$00000004) for __main_after_scatterload


==============================================================================

Removing Unused input sections from the image.

    Removing fn_rm01.o(.rev16_text), (4 bytes).
    Removing fn_rm01.o(.revsh_text), (4 bytes).
    Removing mifare_classic.o(.rev16_text), (4 bytes).
    Removing mifare_classic.o(.revsh_text), (4 bytes).
    Removing ndef_message.o(.rev16_text), (4 bytes).
    Removing ndef_message.o(.revsh_text), (4 bytes).
    Removing ndef_record.o(.rev16_text), (4 bytes).
    Removing ndef_record.o(.revsh_text), (4 bytes).
    Removing nfc_tag.o(.rev16_text), (4 bytes).
    Removing nfc_tag.o(.revsh_text), (4 bytes).
    Removing pn532.o(.rev16_text), (4 bytes).
    Removing pn532.o(.revsh_text), (4 bytes).
    Removing main.o(.rev16_text), (4 bytes).
    Removing main.o(.revsh_text), (4 bytes).
    Removing gpio.o(.rev16_text), (4 bytes).
    Removing gpio.o(.revsh_text), (4 bytes).
    Removing usart.o(.rev16_text), (4 bytes).
    Removing usart.o(.revsh_text), (4 bytes).
    Removing usart.o(i.HAL_UART_MspDeInit), (80 bytes).
    Removing stm32f0xx_it.o(.rev16_text), (4 bytes).
    Removing stm32f0xx_it.o(.revsh_text), (4 bytes).
    Removing stm32f0xx_hal_msp.o(.rev16_text), (4 bytes).
    Removing stm32f0xx_hal_msp.o(.revsh_text), (4 bytes).
    Removing stm32f0xx_hal_tim.o(.rev16_text), (4 bytes).
    Removing stm32f0xx_hal_tim.o(.revsh_text), (4 bytes).
    Removing stm32f0xx_hal_tim_ex.o(.rev16_text), (4 bytes).
    Removing stm32f0xx_hal_tim_ex.o(.revsh_text), (4 bytes).
    Removing stm32f0xx_hal_uart.o(.rev16_text), (4 bytes).
    Removing stm32f0xx_hal_uart.o(.revsh_text), (4 bytes).
    Removing stm32f0xx_hal_uart.o(i.HAL_HalfDuplex_EnableReceiver), (54 bytes).
    Removing stm32f0xx_hal_uart.o(i.HAL_HalfDuplex_EnableTransmitter), (54 bytes).
    Removing stm32f0xx_hal_uart.o(i.HAL_HalfDuplex_Init), (108 bytes).
    Removing stm32f0xx_hal_uart.o(i.HAL_MultiProcessor_DisableMuteMode), (46 bytes).
    Removing stm32f0xx_hal_uart.o(i.HAL_MultiProcessor_EnableMuteMode), (46 bytes).
    Removing stm32f0xx_hal_uart.o(i.HAL_MultiProcessor_EnterMuteMode), (12 bytes).
    Removing stm32f0xx_hal_uart.o(i.HAL_MultiProcessor_Init), (140 bytes).
    Removing stm32f0xx_hal_uart.o(i.HAL_UART_Abort), (120 bytes).
    Removing stm32f0xx_hal_uart.o(i.HAL_UART_AbortCpltCallback), (2 bytes).
    Removing stm32f0xx_hal_uart.o(i.HAL_UART_AbortReceive), (80 bytes).
    Removing stm32f0xx_hal_uart.o(i.HAL_UART_AbortReceiveCpltCallback), (2 bytes).
    Removing stm32f0xx_hal_uart.o(i.HAL_UART_AbortReceive_IT), (116 bytes).
    Removing stm32f0xx_hal_uart.o(i.HAL_UART_AbortTransmit), (62 bytes).
    Removing stm32f0xx_hal_uart.o(i.HAL_UART_AbortTransmitCpltCallback), (2 bytes).
    Removing stm32f0xx_hal_uart.o(i.HAL_UART_AbortTransmit_IT), (92 bytes).
    Removing stm32f0xx_hal_uart.o(i.HAL_UART_Abort_IT), (196 bytes).
    Removing stm32f0xx_hal_uart.o(i.HAL_UART_DMAPause), (94 bytes).
    Removing stm32f0xx_hal_uart.o(i.HAL_UART_DMAResume), (86 bytes).
    Removing stm32f0xx_hal_uart.o(i.HAL_UART_DMAStop), (88 bytes).
    Removing stm32f0xx_hal_uart.o(i.HAL_UART_DeInit), (62 bytes).
    Removing stm32f0xx_hal_uart.o(i.HAL_UART_GetError), (4 bytes).
    Removing stm32f0xx_hal_uart.o(i.HAL_UART_GetState), (12 bytes).
    Removing stm32f0xx_hal_uart.o(i.HAL_UART_MspDeInit), (2 bytes).
    Removing stm32f0xx_hal_uart.o(i.HAL_UART_MspInit), (2 bytes).
    Removing stm32f0xx_hal_uart.o(i.HAL_UART_Receive), (256 bytes).
    Removing stm32f0xx_hal_uart.o(i.HAL_UART_Receive_DMA), (164 bytes).
    Removing stm32f0xx_hal_uart.o(i.HAL_UART_RxCpltCallback), (2 bytes).
    Removing stm32f0xx_hal_uart.o(i.HAL_UART_RxHalfCpltCallback), (2 bytes).
    Removing stm32f0xx_hal_uart.o(i.HAL_UART_Transmit_DMA), (152 bytes).
    Removing stm32f0xx_hal_uart.o(i.HAL_UART_Transmit_IT), (88 bytes).
    Removing stm32f0xx_hal_uart.o(i.HAL_UART_TxHalfCpltCallback), (2 bytes).
    Removing stm32f0xx_hal_uart.o(i.UART_DMAError), (74 bytes).
    Removing stm32f0xx_hal_uart.o(i.UART_DMAReceiveCplt), (64 bytes).
    Removing stm32f0xx_hal_uart.o(i.UART_DMARxAbortCallback), (54 bytes).
    Removing stm32f0xx_hal_uart.o(i.UART_DMARxHalfCplt), (10 bytes).
    Removing stm32f0xx_hal_uart.o(i.UART_DMARxOnlyAbortCallback), (28 bytes).
    Removing stm32f0xx_hal_uart.o(i.UART_DMATransmitCplt), (48 bytes).
    Removing stm32f0xx_hal_uart.o(i.UART_DMATxAbortCallback), (54 bytes).
    Removing stm32f0xx_hal_uart.o(i.UART_DMATxHalfCplt), (10 bytes).
    Removing stm32f0xx_hal_uart.o(i.UART_DMATxOnlyAbortCallback), (22 bytes).
    Removing stm32f0xx_hal_uart.o(i.UART_EndTxTransfer), (18 bytes).
    Removing stm32f0xx_hal_uart_ex.o(.rev16_text), (4 bytes).
    Removing stm32f0xx_hal_uart_ex.o(.revsh_text), (4 bytes).
    Removing stm32f0xx_hal_uart_ex.o(i.HAL_MultiProcessorEx_AddressLength_Set), (54 bytes).
    Removing stm32f0xx_hal_uart_ex.o(i.HAL_RS485Ex_Init), (144 bytes).
    Removing stm32f0xx_hal_rcc.o(.rev16_text), (4 bytes).
    Removing stm32f0xx_hal_rcc.o(.revsh_text), (4 bytes).
    Removing stm32f0xx_hal_rcc.o(i.HAL_RCC_CSSCallback), (2 bytes).
    Removing stm32f0xx_hal_rcc.o(i.HAL_RCC_DeInit), (76 bytes).
    Removing stm32f0xx_hal_rcc.o(i.HAL_RCC_DisableCSS), (20 bytes).
    Removing stm32f0xx_hal_rcc.o(i.HAL_RCC_EnableCSS), (20 bytes).
    Removing stm32f0xx_hal_rcc.o(i.HAL_RCC_GetClockConfig), (56 bytes).
    Removing stm32f0xx_hal_rcc.o(i.HAL_RCC_GetOscConfig), (156 bytes).
    Removing stm32f0xx_hal_rcc.o(i.HAL_RCC_MCOConfig), (80 bytes).
    Removing stm32f0xx_hal_rcc.o(i.HAL_RCC_NMI_IRQHandler), (24 bytes).
    Removing stm32f0xx_hal_rcc_ex.o(.rev16_text), (4 bytes).
    Removing stm32f0xx_hal_rcc_ex.o(.revsh_text), (4 bytes).
    Removing stm32f0xx_hal_rcc_ex.o(i.HAL_RCCEx_GetPeriphCLKConfig), (60 bytes).
    Removing stm32f0xx_hal_rcc_ex.o(i.HAL_RCCEx_GetPeriphCLKFreq), (232 bytes).
    Removing stm32f0xx_hal.o(.rev16_text), (4 bytes).
    Removing stm32f0xx_hal.o(.revsh_text), (4 bytes).
    Removing stm32f0xx_hal.o(i.HAL_DBGMCU_DisableDBGStandbyMode), (16 bytes).
    Removing stm32f0xx_hal.o(i.HAL_DBGMCU_DisableDBGStopMode), (16 bytes).
    Removing stm32f0xx_hal.o(i.HAL_DBGMCU_EnableDBGStandbyMode), (16 bytes).
    Removing stm32f0xx_hal.o(i.HAL_DBGMCU_EnableDBGStopMode), (16 bytes).
    Removing stm32f0xx_hal.o(i.HAL_DeInit), (36 bytes).
    Removing stm32f0xx_hal.o(i.HAL_GetDEVID), (16 bytes).
    Removing stm32f0xx_hal.o(i.HAL_GetHalVersion), (8 bytes).
    Removing stm32f0xx_hal.o(i.HAL_GetREVID), (12 bytes).
    Removing stm32f0xx_hal.o(i.HAL_GetUIDw0), (12 bytes).
    Removing stm32f0xx_hal.o(i.HAL_GetUIDw1), (12 bytes).
    Removing stm32f0xx_hal.o(i.HAL_GetUIDw2), (12 bytes).
    Removing stm32f0xx_hal.o(i.HAL_MspDeInit), (2 bytes).
    Removing stm32f0xx_hal.o(i.HAL_MspInit), (2 bytes).
    Removing stm32f0xx_hal.o(i.HAL_ResumeTick), (16 bytes).
    Removing stm32f0xx_hal.o(i.HAL_SuspendTick), (16 bytes).
    Removing stm32f0xx_hal_i2c.o(.rev16_text), (4 bytes).
    Removing stm32f0xx_hal_i2c.o(.revsh_text), (4 bytes).
    Removing stm32f0xx_hal_i2c.o(i.HAL_I2C_AbortCpltCallback), (2 bytes).
    Removing stm32f0xx_hal_i2c.o(i.HAL_I2C_AddrCallback), (2 bytes).
    Removing stm32f0xx_hal_i2c.o(i.HAL_I2C_DeInit), (52 bytes).
    Removing stm32f0xx_hal_i2c.o(i.HAL_I2C_DisableListen_IT), (48 bytes).
    Removing stm32f0xx_hal_i2c.o(i.HAL_I2C_ER_IRQHandler), (88 bytes).
    Removing stm32f0xx_hal_i2c.o(i.HAL_I2C_EV_IRQHandler), (16 bytes).
    Removing stm32f0xx_hal_i2c.o(i.HAL_I2C_EnableListen_IT), (40 bytes).
    Removing stm32f0xx_hal_i2c.o(i.HAL_I2C_ErrorCallback), (2 bytes).
    Removing stm32f0xx_hal_i2c.o(i.HAL_I2C_GetError), (4 bytes).
    Removing stm32f0xx_hal_i2c.o(i.HAL_I2C_GetMode), (6 bytes).
    Removing stm32f0xx_hal_i2c.o(i.HAL_I2C_GetState), (6 bytes).
    Removing stm32f0xx_hal_i2c.o(i.HAL_I2C_Init), (180 bytes).
    Removing stm32f0xx_hal_i2c.o(i.HAL_I2C_IsDeviceReady), (284 bytes).
    Removing stm32f0xx_hal_i2c.o(i.HAL_I2C_ListenCpltCallback), (2 bytes).
    Removing stm32f0xx_hal_i2c.o(i.HAL_I2C_MasterRxCpltCallback), (2 bytes).
    Removing stm32f0xx_hal_i2c.o(i.HAL_I2C_MasterTxCpltCallback), (2 bytes).
    Removing stm32f0xx_hal_i2c.o(i.HAL_I2C_Master_Abort_IT), (88 bytes).
    Removing stm32f0xx_hal_i2c.o(i.HAL_I2C_Master_Receive), (280 bytes).
    Removing stm32f0xx_hal_i2c.o(i.HAL_I2C_Master_Receive_DMA), (236 bytes).
    Removing stm32f0xx_hal_i2c.o(i.HAL_I2C_Master_Receive_IT), (124 bytes).
    Removing stm32f0xx_hal_i2c.o(i.HAL_I2C_Master_Sequential_Receive_IT), (116 bytes).
    Removing stm32f0xx_hal_i2c.o(i.HAL_I2C_Master_Sequential_Transmit_IT), (116 bytes).
    Removing stm32f0xx_hal_i2c.o(i.HAL_I2C_Master_Transmit), (280 bytes).
    Removing stm32f0xx_hal_i2c.o(i.HAL_I2C_Master_Transmit_DMA), (240 bytes).
    Removing stm32f0xx_hal_i2c.o(i.HAL_I2C_Master_Transmit_IT), (124 bytes).
    Removing stm32f0xx_hal_i2c.o(i.HAL_I2C_MemRxCpltCallback), (2 bytes).
    Removing stm32f0xx_hal_i2c.o(i.HAL_I2C_MemTxCpltCallback), (2 bytes).
    Removing stm32f0xx_hal_i2c.o(i.HAL_I2C_Mem_Read), (344 bytes).
    Removing stm32f0xx_hal_i2c.o(i.HAL_I2C_Mem_Read_DMA), (248 bytes).
    Removing stm32f0xx_hal_i2c.o(i.HAL_I2C_Mem_Read_IT), (188 bytes).
    Removing stm32f0xx_hal_i2c.o(i.HAL_I2C_Mem_Write), (340 bytes).
    Removing stm32f0xx_hal_i2c.o(i.HAL_I2C_Mem_Write_DMA), (244 bytes).
    Removing stm32f0xx_hal_i2c.o(i.HAL_I2C_Mem_Write_IT), (184 bytes).
    Removing stm32f0xx_hal_i2c.o(i.HAL_I2C_MspDeInit), (2 bytes).
    Removing stm32f0xx_hal_i2c.o(i.HAL_I2C_MspInit), (2 bytes).
    Removing stm32f0xx_hal_i2c.o(i.HAL_I2C_SlaveRxCpltCallback), (2 bytes).
    Removing stm32f0xx_hal_i2c.o(i.HAL_I2C_SlaveTxCpltCallback), (2 bytes).
    Removing stm32f0xx_hal_i2c.o(i.HAL_I2C_Slave_Receive), (292 bytes).
    Removing stm32f0xx_hal_i2c.o(i.HAL_I2C_Slave_Receive_DMA), (156 bytes).
    Removing stm32f0xx_hal_i2c.o(i.HAL_I2C_Slave_Receive_IT), (88 bytes).
    Removing stm32f0xx_hal_i2c.o(i.HAL_I2C_Slave_Sequential_Receive_IT), (144 bytes).
    Removing stm32f0xx_hal_i2c.o(i.HAL_I2C_Slave_Sequential_Transmit_IT), (144 bytes).
    Removing stm32f0xx_hal_i2c.o(i.HAL_I2C_Slave_Transmit), (300 bytes).
    Removing stm32f0xx_hal_i2c.o(i.HAL_I2C_Slave_Transmit_DMA), (156 bytes).
    Removing stm32f0xx_hal_i2c.o(i.HAL_I2C_Slave_Transmit_IT), (88 bytes).
    Removing stm32f0xx_hal_i2c.o(i.I2C_DMAAbort), (52 bytes).
    Removing stm32f0xx_hal_i2c.o(i.I2C_DMAError), (24 bytes).
    Removing stm32f0xx_hal_i2c.o(i.I2C_DMAMasterReceiveCplt), (68 bytes).
    Removing stm32f0xx_hal_i2c.o(i.I2C_DMAMasterTransmitCplt), (68 bytes).
    Removing stm32f0xx_hal_i2c.o(i.I2C_DMASlaveReceiveCplt), (2 bytes).
    Removing stm32f0xx_hal_i2c.o(i.I2C_DMASlaveTransmitCplt), (2 bytes).
    Removing stm32f0xx_hal_i2c.o(i.I2C_Disable_IRQ), (86 bytes).
    Removing stm32f0xx_hal_i2c.o(i.I2C_Enable_IRQ), (100 bytes).
    Removing stm32f0xx_hal_i2c.o(i.I2C_Flush_TXDR), (34 bytes).
    Removing stm32f0xx_hal_i2c.o(i.I2C_ITAddrCplt), (122 bytes).
    Removing stm32f0xx_hal_i2c.o(i.I2C_ITError), (204 bytes).
    Removing stm32f0xx_hal_i2c.o(i.I2C_ITListenCplt), (96 bytes).
    Removing stm32f0xx_hal_i2c.o(i.I2C_ITMasterCplt), (160 bytes).
    Removing stm32f0xx_hal_i2c.o(i.I2C_ITMasterSequentialCplt), (70 bytes).
    Removing stm32f0xx_hal_i2c.o(i.I2C_ITSlaveCplt), (232 bytes).
    Removing stm32f0xx_hal_i2c.o(i.I2C_ITSlaveSequentialCplt), (74 bytes).
    Removing stm32f0xx_hal_i2c.o(i.I2C_IsAcknowledgeFailed), (116 bytes).
    Removing stm32f0xx_hal_i2c.o(i.I2C_Master_ISR_DMA), (194 bytes).
    Removing stm32f0xx_hal_i2c.o(i.I2C_Master_ISR_IT), (296 bytes).
    Removing stm32f0xx_hal_i2c.o(i.I2C_RequestMemoryRead), (106 bytes).
    Removing stm32f0xx_hal_i2c.o(i.I2C_RequestMemoryWrite), (106 bytes).
    Removing stm32f0xx_hal_i2c.o(i.I2C_Slave_ISR_DMA), (104 bytes).
    Removing stm32f0xx_hal_i2c.o(i.I2C_Slave_ISR_IT), (280 bytes).
    Removing stm32f0xx_hal_i2c.o(i.I2C_TransferConfig), (36 bytes).
    Removing stm32f0xx_hal_i2c.o(i.I2C_WaitOnFlagUntilTimeout), (72 bytes).
    Removing stm32f0xx_hal_i2c.o(i.I2C_WaitOnRXNEFlagUntilTimeout), (120 bytes).
    Removing stm32f0xx_hal_i2c.o(i.I2C_WaitOnSTOPFlagUntilTimeout), (78 bytes).
    Removing stm32f0xx_hal_i2c.o(i.I2C_WaitOnTXISFlagUntilTimeout), (82 bytes).
    Removing stm32f0xx_hal_i2c_ex.o(.rev16_text), (4 bytes).
    Removing stm32f0xx_hal_i2c_ex.o(.revsh_text), (4 bytes).
    Removing stm32f0xx_hal_i2c_ex.o(i.HAL_I2CEx_ConfigAnalogFilter), (74 bytes).
    Removing stm32f0xx_hal_i2c_ex.o(i.HAL_I2CEx_ConfigDigitalFilter), (72 bytes).
    Removing stm32f0xx_hal_i2c_ex.o(i.HAL_I2CEx_DisableFastModePlus), (36 bytes).
    Removing stm32f0xx_hal_i2c_ex.o(i.HAL_I2CEx_EnableFastModePlus), (36 bytes).
    Removing stm32f0xx_hal_gpio.o(.rev16_text), (4 bytes).
    Removing stm32f0xx_hal_gpio.o(.revsh_text), (4 bytes).
    Removing stm32f0xx_hal_gpio.o(i.HAL_GPIO_DeInit), (212 bytes).
    Removing stm32f0xx_hal_gpio.o(i.HAL_GPIO_EXTI_Callback), (2 bytes).
    Removing stm32f0xx_hal_gpio.o(i.HAL_GPIO_LockPin), (36 bytes).
    Removing stm32f0xx_hal_gpio.o(i.HAL_GPIO_TogglePin), (8 bytes).
    Removing stm32f0xx_hal_gpio.o(i.HAL_GPIO_WritePin), (12 bytes).
    Removing stm32f0xx_hal_dma.o(.rev16_text), (4 bytes).
    Removing stm32f0xx_hal_dma.o(.revsh_text), (4 bytes).
    Removing stm32f0xx_hal_dma.o(i.DMA_CalcBaseAndBitshift), (36 bytes).
    Removing stm32f0xx_hal_dma.o(i.DMA_SetConfig), (40 bytes).
    Removing stm32f0xx_hal_dma.o(i.HAL_DMA_Abort), (44 bytes).
    Removing stm32f0xx_hal_dma.o(i.HAL_DMA_DeInit), (66 bytes).
    Removing stm32f0xx_hal_dma.o(i.HAL_DMA_GetError), (4 bytes).
    Removing stm32f0xx_hal_dma.o(i.HAL_DMA_GetState), (6 bytes).
    Removing stm32f0xx_hal_dma.o(i.HAL_DMA_IRQHandler), (156 bytes).
    Removing stm32f0xx_hal_dma.o(i.HAL_DMA_Init), (88 bytes).
    Removing stm32f0xx_hal_dma.o(i.HAL_DMA_PollForTransfer), (176 bytes).
    Removing stm32f0xx_hal_dma.o(i.HAL_DMA_RegisterCallback), (72 bytes).
    Removing stm32f0xx_hal_dma.o(i.HAL_DMA_Start), (74 bytes).
    Removing stm32f0xx_hal_dma.o(i.HAL_DMA_Start_IT), (106 bytes).
    Removing stm32f0xx_hal_dma.o(i.HAL_DMA_UnRegisterCallback), (78 bytes).
    Removing stm32f0xx_hal_cortex.o(.rev16_text), (4 bytes).
    Removing stm32f0xx_hal_cortex.o(.revsh_text), (4 bytes).
    Removing stm32f0xx_hal_cortex.o(i.HAL_NVIC_ClearPendingIRQ), (20 bytes).
    Removing stm32f0xx_hal_cortex.o(i.HAL_NVIC_GetPendingIRQ), (28 bytes).
    Removing stm32f0xx_hal_cortex.o(i.HAL_NVIC_GetPriority), (52 bytes).
    Removing stm32f0xx_hal_cortex.o(i.HAL_NVIC_SetPendingIRQ), (20 bytes).
    Removing stm32f0xx_hal_cortex.o(i.HAL_NVIC_SystemReset), (28 bytes).
    Removing stm32f0xx_hal_pwr.o(.rev16_text), (4 bytes).
    Removing stm32f0xx_hal_pwr.o(.revsh_text), (4 bytes).
    Removing stm32f0xx_hal_pwr.o(i.HAL_PWR_DeInit), (24 bytes).
    Removing stm32f0xx_hal_pwr.o(i.HAL_PWR_DisableBkUpAccess), (16 bytes).
    Removing stm32f0xx_hal_pwr.o(i.HAL_PWR_DisableSEVOnPend), (16 bytes).
    Removing stm32f0xx_hal_pwr.o(i.HAL_PWR_DisableSleepOnExit), (16 bytes).
    Removing stm32f0xx_hal_pwr.o(i.HAL_PWR_DisableWakeUpPin), (16 bytes).
    Removing stm32f0xx_hal_pwr.o(i.HAL_PWR_EnableBkUpAccess), (16 bytes).
    Removing stm32f0xx_hal_pwr.o(i.HAL_PWR_EnableSEVOnPend), (16 bytes).
    Removing stm32f0xx_hal_pwr.o(i.HAL_PWR_EnableSleepOnExit), (16 bytes).
    Removing stm32f0xx_hal_pwr.o(i.HAL_PWR_EnableWakeUpPin), (16 bytes).
    Removing stm32f0xx_hal_pwr.o(i.HAL_PWR_EnterSLEEPMode), (32 bytes).
    Removing stm32f0xx_hal_pwr.o(i.HAL_PWR_EnterSTANDBYMode), (32 bytes).
    Removing stm32f0xx_hal_pwr.o(i.HAL_PWR_EnterSTOPMode), (52 bytes).
    Removing stm32f0xx_hal_pwr_ex.o(.rev16_text), (4 bytes).
    Removing stm32f0xx_hal_pwr_ex.o(.revsh_text), (4 bytes).
    Removing stm32f0xx_hal_flash.o(.rev16_text), (4 bytes).
    Removing stm32f0xx_hal_flash.o(.revsh_text), (4 bytes).
    Removing stm32f0xx_hal_flash.o(i.FLASH_Program_HalfWord), (32 bytes).
    Removing stm32f0xx_hal_flash.o(i.FLASH_SetErrorCode), (56 bytes).
    Removing stm32f0xx_hal_flash.o(i.FLASH_WaitForLastOperation), (80 bytes).
    Removing stm32f0xx_hal_flash.o(i.HAL_FLASH_EndOfOperationCallback), (2 bytes).
    Removing stm32f0xx_hal_flash.o(i.HAL_FLASH_GetError), (12 bytes).
    Removing stm32f0xx_hal_flash.o(i.HAL_FLASH_IRQHandler), (268 bytes).
    Removing stm32f0xx_hal_flash.o(i.HAL_FLASH_Lock), (20 bytes).
    Removing stm32f0xx_hal_flash.o(i.HAL_FLASH_OB_Launch), (32 bytes).
    Removing stm32f0xx_hal_flash.o(i.HAL_FLASH_OB_Lock), (20 bytes).
    Removing stm32f0xx_hal_flash.o(i.HAL_FLASH_OB_Unlock), (36 bytes).
    Removing stm32f0xx_hal_flash.o(i.HAL_FLASH_OperationErrorCallback), (2 bytes).
    Removing stm32f0xx_hal_flash.o(i.HAL_FLASH_Program), (124 bytes).
    Removing stm32f0xx_hal_flash.o(i.HAL_FLASH_Program_IT), (100 bytes).
    Removing stm32f0xx_hal_flash.o(i.HAL_FLASH_Unlock), (36 bytes).
    Removing stm32f0xx_hal_flash.o(.bss), (32 bytes).
    Removing stm32f0xx_hal_flash_ex.o(.rev16_text), (4 bytes).
    Removing stm32f0xx_hal_flash_ex.o(.revsh_text), (4 bytes).
    Removing stm32f0xx_hal_flash_ex.o(i.FLASH_MassErase), (36 bytes).
    Removing stm32f0xx_hal_flash_ex.o(i.FLASH_OB_GetRDP), (32 bytes).
    Removing stm32f0xx_hal_flash_ex.o(i.FLASH_OB_RDP_LevelConfig), (96 bytes).
    Removing stm32f0xx_hal_flash_ex.o(i.FLASH_PageErase), (36 bytes).
    Removing stm32f0xx_hal_flash_ex.o(i.HAL_FLASHEx_Erase), (160 bytes).
    Removing stm32f0xx_hal_flash_ex.o(i.HAL_FLASHEx_Erase_IT), (88 bytes).
    Removing stm32f0xx_hal_flash_ex.o(i.HAL_FLASHEx_OBErase), (80 bytes).
    Removing stm32f0xx_hal_flash_ex.o(i.HAL_FLASHEx_OBGetConfig), (36 bytes).
    Removing stm32f0xx_hal_flash_ex.o(i.HAL_FLASHEx_OBGetUserData), (28 bytes).
    Removing stm32f0xx_hal_flash_ex.o(i.HAL_FLASHEx_OBProgram), (328 bytes).
    Removing system_stm32f0xx.o(.rev16_text), (4 bytes).
    Removing system_stm32f0xx.o(.revsh_text), (4 bytes).
    Removing system_stm32f0xx.o(i.SystemCoreClockUpdate), (108 bytes).
    Removing stm32f0xx_hal_dma.o(i.__ARM_common_switch8), (26 bytes).

264 unused section(s) (total 15974 bytes) removed from the image.

==============================================================================

Image Symbol Table

    Local Symbols

    Symbol Name                              Value     Ov Type        Size  Object(Section)

    ..//Src/system_stm32f0xx.c               0x00000000   Number         0  system_stm32f0xx.o ABSOLUTE
    ../Drivers/STM32F0xx_HAL_Driver/Src/stm32f0xx_hal.c 0x00000000   Number         0  stm32f0xx_hal.o ABSOLUTE
    ../Drivers/STM32F0xx_HAL_Driver/Src/stm32f0xx_hal_cortex.c 0x00000000   Number         0  stm32f0xx_hal_cortex.o ABSOLUTE
    ../Drivers/STM32F0xx_HAL_Driver/Src/stm32f0xx_hal_dma.c 0x00000000   Number         0  stm32f0xx_hal_dma.o ABSOLUTE
    ../Drivers/STM32F0xx_HAL_Driver/Src/stm32f0xx_hal_flash.c 0x00000000   Number         0  stm32f0xx_hal_flash.o ABSOLUTE
    ../Drivers/STM32F0xx_HAL_Driver/Src/stm32f0xx_hal_flash_ex.c 0x00000000   Number         0  stm32f0xx_hal_flash_ex.o ABSOLUTE
    ../Drivers/STM32F0xx_HAL_Driver/Src/stm32f0xx_hal_gpio.c 0x00000000   Number         0  stm32f0xx_hal_gpio.o ABSOLUTE
    ../Drivers/STM32F0xx_HAL_Driver/Src/stm32f0xx_hal_i2c.c 0x00000000   Number         0  stm32f0xx_hal_i2c.o ABSOLUTE
    ../Drivers/STM32F0xx_HAL_Driver/Src/stm32f0xx_hal_i2c_ex.c 0x00000000   Number         0  stm32f0xx_hal_i2c_ex.o ABSOLUTE
    ../Drivers/STM32F0xx_HAL_Driver/Src/stm32f0xx_hal_pwr.c 0x00000000   Number         0  stm32f0xx_hal_pwr.o ABSOLUTE
    ../Drivers/STM32F0xx_HAL_Driver/Src/stm32f0xx_hal_pwr_ex.c 0x00000000   Number         0  stm32f0xx_hal_pwr_ex.o ABSOLUTE
    ../Drivers/STM32F0xx_HAL_Driver/Src/stm32f0xx_hal_rcc.c 0x00000000   Number         0  stm32f0xx_hal_rcc.o ABSOLUTE
    ../Drivers/STM32F0xx_HAL_Driver/Src/stm32f0xx_hal_rcc_ex.c 0x00000000   Number         0  stm32f0xx_hal_rcc_ex.o ABSOLUTE
    ../Drivers/STM32F0xx_HAL_Driver/Src/stm32f0xx_hal_tim.c 0x00000000   Number         0  stm32f0xx_hal_tim.o ABSOLUTE
    ../Drivers/STM32F0xx_HAL_Driver/Src/stm32f0xx_hal_tim_ex.c 0x00000000   Number         0  stm32f0xx_hal_tim_ex.o ABSOLUTE
    ../Drivers/STM32F0xx_HAL_Driver/Src/stm32f0xx_hal_uart.c 0x00000000   Number         0  stm32f0xx_hal_uart.o ABSOLUTE
    ../Drivers/STM32F0xx_HAL_Driver/Src/stm32f0xx_hal_uart_ex.c 0x00000000   Number         0  stm32f0xx_hal_uart_ex.o ABSOLUTE
    ../Src/gpio.c                            0x00000000   Number         0  gpio.o ABSOLUTE
    ../Src/main.c                            0x00000000   Number         0  main.o ABSOLUTE
    ../Src/stm32f0xx_hal_msp.c               0x00000000   Number         0  stm32f0xx_hal_msp.o ABSOLUTE
    ../Src/stm32f0xx_it.c                    0x00000000   Number         0  stm32f0xx_it.o ABSOLUTE
    ../Src/usart.c                           0x00000000   Number         0  usart.o ABSOLUTE
    ../clib/microlib/division.c              0x00000000   Number         0  uidiv.o ABSOLUTE
    ../clib/microlib/division.c              0x00000000   Number         0  idiv.o ABSOLUTE
    ../clib/microlib/init/entry.s            0x00000000   Number         0  entry10a.o ABSOLUTE
    ../clib/microlib/init/entry.s            0x00000000   Number         0  entry9b.o ABSOLUTE
    ../clib/microlib/init/entry.s            0x00000000   Number         0  entry9a.o ABSOLUTE
    ../clib/microlib/init/entry.s            0x00000000   Number         0  entry7b.o ABSOLUTE
    ../clib/microlib/init/entry.s            0x00000000   Number         0  entry7a.o ABSOLUTE
    ../clib/microlib/init/entry.s            0x00000000   Number         0  entry5.o ABSOLUTE
    ../clib/microlib/init/entry.s            0x00000000   Number         0  entry8b.o ABSOLUTE
    ../clib/microlib/init/entry.s            0x00000000   Number         0  entry2.o ABSOLUTE
    ../clib/microlib/init/entry.s            0x00000000   Number         0  entry11a.o ABSOLUTE
    ../clib/microlib/init/entry.s            0x00000000   Number         0  entry11b.o ABSOLUTE
    ../clib/microlib/init/entry.s            0x00000000   Number         0  entry8a.o ABSOLUTE
    ../clib/microlib/init/entry.s            0x00000000   Number         0  entry10b.o ABSOLUTE
    ../clib/microlib/init/entry.s            0x00000000   Number         0  entry.o ABSOLUTE
    ../clib/microlib/longlong.c              0x00000000   Number         0  llushr.o ABSOLUTE
    ../clib/microlib/malloc/malloc.c         0x00000000   Number         0  malloc.o ABSOLUTE
    ../clib/microlib/malloc/malloc.c         0x00000000   Number         0  mallocra.o ABSOLUTE
    ../clib/microlib/malloc/malloc.c         0x00000000   Number         0  mallocr.o ABSOLUTE
    ../clib/microlib/malloc/malloc.c         0x00000000   Number         0  malloca.o ABSOLUTE
    ../clib/microlib/malloc/mvars.c          0x00000000   Number         0  mvars.o ABSOLUTE
    ../clib/microlib/string/memcmp.c         0x00000000   Number         0  memcmp.o ABSOLUTE
    ../clib/microlib/string/memcpy.c         0x00000000   Number         0  memcpyb.o ABSOLUTE
    ../clib/microlib/string/memcpy.c         0x00000000   Number         0  memcpya.o ABSOLUTE
    ../clib/microlib/string/memset.c         0x00000000   Number         0  memseta.o ABSOLUTE
    ..\Drivers\STM32F0xx_HAL_Driver\Src\stm32f0xx_hal.c 0x00000000   Number         0  stm32f0xx_hal.o ABSOLUTE
    ..\Drivers\STM32F0xx_HAL_Driver\Src\stm32f0xx_hal_cortex.c 0x00000000   Number         0  stm32f0xx_hal_cortex.o ABSOLUTE
    ..\Drivers\STM32F0xx_HAL_Driver\Src\stm32f0xx_hal_dma.c 0x00000000   Number         0  stm32f0xx_hal_dma.o ABSOLUTE
    ..\Drivers\STM32F0xx_HAL_Driver\Src\stm32f0xx_hal_flash.c 0x00000000   Number         0  stm32f0xx_hal_flash.o ABSOLUTE
    ..\Drivers\STM32F0xx_HAL_Driver\Src\stm32f0xx_hal_flash_ex.c 0x00000000   Number         0  stm32f0xx_hal_flash_ex.o ABSOLUTE
    ..\Drivers\STM32F0xx_HAL_Driver\Src\stm32f0xx_hal_gpio.c 0x00000000   Number         0  stm32f0xx_hal_gpio.o ABSOLUTE
    ..\Drivers\STM32F0xx_HAL_Driver\Src\stm32f0xx_hal_i2c.c 0x00000000   Number         0  stm32f0xx_hal_i2c.o ABSOLUTE
    ..\Drivers\STM32F0xx_HAL_Driver\Src\stm32f0xx_hal_i2c_ex.c 0x00000000   Number         0  stm32f0xx_hal_i2c_ex.o ABSOLUTE
    ..\Drivers\STM32F0xx_HAL_Driver\Src\stm32f0xx_hal_pwr.c 0x00000000   Number         0  stm32f0xx_hal_pwr.o ABSOLUTE
    ..\Drivers\STM32F0xx_HAL_Driver\Src\stm32f0xx_hal_pwr_ex.c 0x00000000   Number         0  stm32f0xx_hal_pwr_ex.o ABSOLUTE
    ..\Drivers\STM32F0xx_HAL_Driver\Src\stm32f0xx_hal_rcc.c 0x00000000   Number         0  stm32f0xx_hal_rcc.o ABSOLUTE
    ..\Drivers\STM32F0xx_HAL_Driver\Src\stm32f0xx_hal_rcc_ex.c 0x00000000   Number         0  stm32f0xx_hal_rcc_ex.o ABSOLUTE
    ..\Drivers\STM32F0xx_HAL_Driver\Src\stm32f0xx_hal_tim.c 0x00000000   Number         0  stm32f0xx_hal_tim.o ABSOLUTE
    ..\Drivers\STM32F0xx_HAL_Driver\Src\stm32f0xx_hal_tim_ex.c 0x00000000   Number         0  stm32f0xx_hal_tim_ex.o ABSOLUTE
    ..\Drivers\STM32F0xx_HAL_Driver\Src\stm32f0xx_hal_uart.c 0x00000000   Number         0  stm32f0xx_hal_uart.o ABSOLUTE
    ..\Drivers\STM32F0xx_HAL_Driver\Src\stm32f0xx_hal_uart_ex.c 0x00000000   Number         0  stm32f0xx_hal_uart_ex.o ABSOLUTE
    ..\Src\FN_RM01.c                         0x00000000   Number         0  fn_rm01.o ABSOLUTE
    ..\Src\Mifare_Classic.c                  0x00000000   Number         0  mifare_classic.o ABSOLUTE
    ..\Src\NDEF_Message.c                    0x00000000   Number         0  ndef_message.o ABSOLUTE
    ..\Src\NDEF_Record.c                     0x00000000   Number         0  ndef_record.o ABSOLUTE
    ..\Src\NFC_Tag.c                         0x00000000   Number         0  nfc_tag.o ABSOLUTE
    ..\Src\PN532.c                           0x00000000   Number         0  pn532.o ABSOLUTE
    ..\Src\gpio.c                            0x00000000   Number         0  gpio.o ABSOLUTE
    ..\Src\main.c                            0x00000000   Number         0  main.o ABSOLUTE
    ..\Src\stm32f0xx_hal_msp.c               0x00000000   Number         0  stm32f0xx_hal_msp.o ABSOLUTE
    ..\Src\stm32f0xx_it.c                    0x00000000   Number         0  stm32f0xx_it.o ABSOLUTE
    ..\Src\usart.c                           0x00000000   Number         0  usart.o ABSOLUTE
    ..\\Src\\FN_RM01.c                       0x00000000   Number         0  fn_rm01.o ABSOLUTE
    ..\\Src\\Mifare_Classic.c                0x00000000   Number         0  mifare_classic.o ABSOLUTE
    ..\\Src\\NDEF_Message.c                  0x00000000   Number         0  ndef_message.o ABSOLUTE
    ..\\Src\\NDEF_Record.c                   0x00000000   Number         0  ndef_record.o ABSOLUTE
    ..\\Src\\NFC_Tag.c                       0x00000000   Number         0  nfc_tag.o ABSOLUTE
    ..\\Src\\PN532.c                         0x00000000   Number         0  pn532.o ABSOLUTE
    ..\\Src\system_stm32f0xx.c               0x00000000   Number         0  system_stm32f0xx.o ABSOLUTE
    dc.s                                     0x00000000   Number         0  dc.o ABSOLUTE
    handlers.s                               0x00000000   Number         0  handlers.o ABSOLUTE
    init.s                                   0x00000000   Number         0  init.o ABSOLUTE
    startup_stm32f070x6.s                    0x00000000   Number         0  startup_stm32f070x6.o ABSOLUTE
    RESET                                    0x08000000   Section      192  startup_stm32f070x6.o(RESET)
    .ARM.Collect$$$$00000000                 0x080000c0   Section        0  entry.o(.ARM.Collect$$$$00000000)
    .ARM.Collect$$$$00000001                 0x080000c0   Section        4  entry2.o(.ARM.Collect$$$$00000001)
    .ARM.Collect$$$$00000004                 0x080000c4   Section        4  entry5.o(.ARM.Collect$$$$00000004)
    .ARM.Collect$$$$00000008                 0x080000c8   Section        0  entry7b.o(.ARM.Collect$$$$00000008)
    .ARM.Collect$$$$0000000A                 0x080000c8   Section        0  entry8b.o(.ARM.Collect$$$$0000000A)
    .ARM.Collect$$$$0000000B                 0x080000c8   Section        8  entry9a.o(.ARM.Collect$$$$0000000B)
    .ARM.Collect$$$$0000000D                 0x080000d0   Section        0  entry10a.o(.ARM.Collect$$$$0000000D)
    .ARM.Collect$$$$0000000F                 0x080000d0   Section        0  entry11a.o(.ARM.Collect$$$$0000000F)
    .ARM.Collect$$$$00002712                 0x080000d0   Section        4  entry2.o(.ARM.Collect$$$$00002712)
    __lit__00000000                          0x080000d0   Data           4  entry2.o(.ARM.Collect$$$$00002712)
    .text                                    0x080000d4   Section       88  startup_stm32f070x6.o(.text)
    .text                                    0x0800012c   Section        0  uidiv.o(.text)
    .text                                    0x08000158   Section        0  idiv.o(.text)
    .text                                    0x08000180   Section        0  memcpya.o(.text)
    .text                                    0x080001a4   Section        0  memseta.o(.text)
    .text                                    0x080001c8   Section        0  memcmp.o(.text)
    .text                                    0x080001e4   Section       36  init.o(.text)
    i.EXTI4_15_IRQHandler                    0x08000208   Section        0  stm32f0xx_it.o(i.EXTI4_15_IRQHandler)
    i.FN_RM01_Get_FileName                   0x08000212   Section        0  fn_rm01.o(i.FN_RM01_Get_FileName)
    i.FN_RM01_Get_File_Num                   0x08000254   Section        0  fn_rm01.o(i.FN_RM01_Get_File_Num)
    i.FN_RM01_Play_Sound                     0x080002a8   Section        0  fn_rm01.o(i.FN_RM01_Play_Sound)
    i.FN_RM01_Record_Sound                   0x08000310   Section        0  fn_rm01.o(i.FN_RM01_Record_Sound)
    i.FN_RM01_Remove_Sound                   0x08000378   Section        0  fn_rm01.o(i.FN_RM01_Remove_Sound)
    i.FN_RM01_Stop_Record                    0x080003e0   Section        0  fn_rm01.o(i.FN_RM01_Stop_Record)
    i.Get_NDEF_Message                       0x0800042c   Section        0  ndef_message.o(i.Get_NDEF_Message)
    i.HAL_DMA_Abort_IT                       0x080004f8   Section        0  stm32f0xx_hal_dma.o(i.HAL_DMA_Abort_IT)
    i.HAL_Delay                              0x08000540   Section        0  stm32f0xx_hal.o(i.HAL_Delay)
    i.HAL_GPIO_EXTI_Callback                 0x0800055c   Section        0  gpio.o(i.HAL_GPIO_EXTI_Callback)
    i.HAL_GPIO_EXTI_IRQHandler               0x08000638   Section        0  stm32f0xx_hal_gpio.o(i.HAL_GPIO_EXTI_IRQHandler)
    i.HAL_GPIO_Init                          0x08000650   Section        0  stm32f0xx_hal_gpio.o(i.HAL_GPIO_Init)
    i.HAL_GPIO_ReadPin                       0x08000798   Section        0  stm32f0xx_hal_gpio.o(i.HAL_GPIO_ReadPin)
    i.HAL_GetTick                            0x080007a4   Section        0  stm32f0xx_hal.o(i.HAL_GetTick)
    i.HAL_IncTick                            0x080007b0   Section        0  stm32f0xx_hal.o(i.HAL_IncTick)
    i.HAL_Init                               0x080007c0   Section        0  stm32f0xx_hal.o(i.HAL_Init)
    i.HAL_InitTick                           0x080007e0   Section        0  stm32f0xx_hal.o(i.HAL_InitTick)
    i.HAL_MspInit                            0x08000804   Section        0  stm32f0xx_hal_msp.o(i.HAL_MspInit)
    i.HAL_NVIC_DisableIRQ                    0x08000848   Section        0  stm32f0xx_hal_cortex.o(i.HAL_NVIC_DisableIRQ)
    i.HAL_NVIC_EnableIRQ                     0x0800085c   Section        0  stm32f0xx_hal_cortex.o(i.HAL_NVIC_EnableIRQ)
    i.HAL_NVIC_SetPriority                   0x08000870   Section        0  stm32f0xx_hal_cortex.o(i.HAL_NVIC_SetPriority)
    i.HAL_RCCEx_PeriphCLKConfig              0x08000878   Section        0  stm32f0xx_hal_rcc_ex.o(i.HAL_RCCEx_PeriphCLKConfig)
    i.HAL_RCC_ClockConfig                    0x08000970   Section        0  stm32f0xx_hal_rcc.o(i.HAL_RCC_ClockConfig)
    i.HAL_RCC_GetHCLKFreq                    0x08000a9c   Section        0  stm32f0xx_hal_rcc.o(i.HAL_RCC_GetHCLKFreq)
    i.HAL_RCC_GetPCLK1Freq                   0x08000aa8   Section        0  stm32f0xx_hal_rcc.o(i.HAL_RCC_GetPCLK1Freq)
    i.HAL_RCC_GetSysClockFreq                0x08000ac8   Section        0  stm32f0xx_hal_rcc.o(i.HAL_RCC_GetSysClockFreq)
    i.HAL_RCC_OscConfig                      0x08000b44   Section        0  stm32f0xx_hal_rcc.o(i.HAL_RCC_OscConfig)
    i.HAL_SYSTICK_CLKSourceConfig            0x08000ea0   Section        0  stm32f0xx_hal_cortex.o(i.HAL_SYSTICK_CLKSourceConfig)
    i.HAL_SYSTICK_Callback                   0x08000eb8   Section        0  stm32f0xx_hal_cortex.o(i.HAL_SYSTICK_Callback)
    i.HAL_SYSTICK_Config                     0x08000ebc   Section        0  stm32f0xx_hal_cortex.o(i.HAL_SYSTICK_Config)
    i.HAL_SYSTICK_IRQHandler                 0x08000eec   Section        0  stm32f0xx_hal_cortex.o(i.HAL_SYSTICK_IRQHandler)
    i.HAL_UART_ErrorCallback                 0x08000ef4   Section        0  stm32f0xx_hal_uart.o(i.HAL_UART_ErrorCallback)
    i.HAL_UART_IRQHandler                    0x08000ef8   Section        0  stm32f0xx_hal_uart.o(i.HAL_UART_IRQHandler)
    i.HAL_UART_Init                          0x0800100c   Section        0  stm32f0xx_hal_uart.o(i.HAL_UART_Init)
    i.HAL_UART_MspInit                       0x08001078   Section        0  usart.o(i.HAL_UART_MspInit)
    i.HAL_UART_Receive_IT                    0x08001104   Section        0  stm32f0xx_hal_uart.o(i.HAL_UART_Receive_IT)
    i.HAL_UART_RxCpltCallback                0x080011a4   Section        0  usart.o(i.HAL_UART_RxCpltCallback)
    i.HAL_UART_Transmit                      0x08001200   Section        0  stm32f0xx_hal_uart.o(i.HAL_UART_Transmit)
    i.HAL_UART_TxCpltCallback                0x080012c8   Section        0  stm32f0xx_hal_uart.o(i.HAL_UART_TxCpltCallback)
    i.HardFault_Handler                      0x080012ca   Section        0  stm32f0xx_it.o(i.HardFault_Handler)
    i.MX_GPIO_Init                           0x080012cc   Section        0  gpio.o(i.MX_GPIO_Init)
    i.MX_USART1_UART_Init                    0x08001368   Section        0  usart.o(i.MX_USART1_UART_Init)
    i.MX_USART2_UART_Init                    0x080013b4   Section        0  usart.o(i.MX_USART2_UART_Init)
    i.Mifare_Classic_Authenicate_Block       0x08001400   Section        0  mifare_classic.o(i.Mifare_Classic_Authenicate_Block)
    i.Mifare_Classic_DecodeTlv               0x08001460   Section        0  mifare_classic.o(i.Mifare_Classic_DecodeTlv)
    i.Mifare_Classic_GetBufferSize           0x0800149c   Section        0  mifare_classic.o(i.Mifare_Classic_GetBufferSize)
    i.Mifare_Classic_GetNdefStartIndex       0x080014ba   Section        0  mifare_classic.o(i.Mifare_Classic_GetNdefStartIndex)
    i.Mifare_Classic_IsFirstBlock            0x080014da   Section        0  mifare_classic.o(i.Mifare_Classic_IsFirstBlock)
    i.Mifare_Classic_IsTrailerBlock          0x080014f0   Section        0  mifare_classic.o(i.Mifare_Classic_IsTrailerBlock)
    i.Mifare_Classic_Read                    0x08001510   Section        0  mifare_classic.o(i.Mifare_Classic_Read)
    i.Mifare_Classic_ReadDataBlock           0x080015e0   Section        0  mifare_classic.o(i.Mifare_Classic_ReadDataBlock)
    i.Mifare_Classic_Write                   0x08001630   Section        0  mifare_classic.o(i.Mifare_Classic_Write)
    i.Mifare_Classic_WriteDataBlock          0x08001720   Section        0  mifare_classic.o(i.Mifare_Classic_WriteDataBlock)
    i.NDEF_Message_AddRecord                 0x08001768   Section        0  ndef_message.o(i.NDEF_Message_AddRecord)
    i.NDEF_Message_Encode                    0x08001788   Section        0  ndef_message.o(i.NDEF_Message_Encode)
    i.NDEF_Message_GetEncodeSize             0x080017c6   Section        0  ndef_message.o(i.NDEF_Message_GetEncodeSize)
    i.NDEF_Message_Init                      0x080017e8   Section        0  ndef_message.o(i.NDEF_Message_Init)
    i.NDEF_Record_Create_TextRecord          0x08001800   Section        0  ndef_record.o(i.NDEF_Record_Create_TextRecord)
    i.NDEF_Record_Encode                     0x08001860   Section        0  ndef_record.o(i.NDEF_Record_Encode)
    i.NDEF_Record_GetEncodedSize             0x080018b4   Section        0  ndef_record.o(i.NDEF_Record_GetEncodedSize)
    i.NDEF_Record_GetTnfByte                 0x080018cc   Section        0  ndef_record.o(i.NDEF_Record_GetTnfByte)
    i.NDEF_Record_Init                       0x080018ee   Section        0  ndef_record.o(i.NDEF_Record_Init)
    i.NDEF_Record_SetId                      0x080018fa   Section        0  ndef_record.o(i.NDEF_Record_SetId)
    i.NDEF_Record_SetPayload                 0x08001916   Section        0  ndef_record.o(i.NDEF_Record_SetPayload)
    i.NDEF_Record_SetType                    0x08001932   Section        0  ndef_record.o(i.NDEF_Record_SetType)
    i.NFC_Clear_Tag                          0x0800194e   Section        0  nfc_tag.o(i.NFC_Clear_Tag)
    i.NMI_Handler                            0x08001998   Section        0  stm32f0xx_it.o(i.NMI_Handler)
    i.NVIC_SetPriority                       0x0800199c   Section        0  stm32f0xx_hal_cortex.o(i.NVIC_SetPriority)
    NVIC_SetPriority                         0x0800199d   Thumb Code    60  stm32f0xx_hal_cortex.o(i.NVIC_SetPriority)
    i.PN532_Correct_AckFrame                 0x080019e0   Section        0  pn532.o(i.PN532_Correct_AckFrame)
    i.PN532_Correct_CheckSum                 0x08001a0c   Section        0  pn532.o(i.PN532_Correct_CheckSum)
    i.PN532_InListPassiveTarget              0x08001a44   Section        0  pn532.o(i.PN532_InListPassiveTarget)
    i.PN532_SAMConfig                        0x08001aa4   Section        0  pn532.o(i.PN532_SAMConfig)
    i.PN532_WakeUp                           0x08001ac8   Section        0  pn532.o(i.PN532_WakeUp)
    i.PN532_WriteCommand                     0x08001afc   Section        0  pn532.o(i.PN532_WriteCommand)
    i.PendSV_Handler                         0x08001b94   Section        0  stm32f0xx_it.o(i.PendSV_Handler)
    i.SVC_Handler                            0x08001b96   Section        0  stm32f0xx_it.o(i.SVC_Handler)
    i.SysTick_Handler                        0x08001b98   Section        0  stm32f0xx_it.o(i.SysTick_Handler)
    i.SystemClock_Config                     0x08001ba4   Section        0  main.o(i.SystemClock_Config)
    i.SystemInit                             0x08001c1c   Section        0  system_stm32f0xx.o(i.SystemInit)
    i.UART_AdvFeatureConfig                  0x08001c80   Section        0  stm32f0xx_hal_uart.o(i.UART_AdvFeatureConfig)
    i.UART_CheckIdleState                    0x08001d4a   Section        0  stm32f0xx_hal_uart.o(i.UART_CheckIdleState)
    i.UART_DMAAbortOnError                   0x08001d5c   Section        0  stm32f0xx_hal_uart.o(i.UART_DMAAbortOnError)
    UART_DMAAbortOnError                     0x08001d5d   Thumb Code    20  stm32f0xx_hal_uart.o(i.UART_DMAAbortOnError)
    i.UART_EndRxTransfer                     0x08001d70   Section        0  stm32f0xx_hal_uart.o(i.UART_EndRxTransfer)
    UART_EndRxTransfer                       0x08001d71   Thumb Code    30  stm32f0xx_hal_uart.o(i.UART_EndRxTransfer)
    i.UART_EndTransmit_IT                    0x08001d8e   Section        0  stm32f0xx_hal_uart.o(i.UART_EndTransmit_IT)
    i.UART_Receive_IT                        0x08001da8   Section        0  stm32f0xx_hal_uart.o(i.UART_Receive_IT)
    i.UART_SetConfig                         0x08001e24   Section        0  stm32f0xx_hal_uart.o(i.UART_SetConfig)
    i.UART_Transmit_IT                       0x08001f54   Section        0  stm32f0xx_hal_uart.o(i.UART_Transmit_IT)
    i.UART_WaitOnFlagUntilTimeout            0x08001fba   Section        0  stm32f0xx_hal_uart.o(i.UART_WaitOnFlagUntilTimeout)
    i.USART1_IRQHandler                      0x0800201c   Section        0  stm32f0xx_it.o(i.USART1_IRQHandler)
    i.USART2_IRQHandler                      0x0800202c   Section        0  stm32f0xx_it.o(i.USART2_IRQHandler)
    i._Error_Handler                         0x0800203c   Section        0  main.o(i._Error_Handler)
    i.__scatterload_copy                     0x0800203e   Section       14  handlers.o(i.__scatterload_copy)
    i.__scatterload_null                     0x0800204c   Section        2  handlers.o(i.__scatterload_null)
    i.__scatterload_zeroinit                 0x0800204e   Section       14  handlers.o(i.__scatterload_zeroinit)
    i.clean_uart1_rx_data                    0x0800205c   Section        0  usart.o(i.clean_uart1_rx_data)
    i.clean_uart2_rx_data                    0x0800207c   Section        0  usart.o(i.clean_uart2_rx_data)
    i.free                                   0x0800209c   Section        0  malloc.o(i.free)
    i.main                                   0x080020f0   Section        0  main.o(i.main)
    i.malloc                                 0x080021a8   Section        0  malloc.o(i.malloc)
    .constdata                               0x08002214   Section       16  system_stm32f0xx.o(.constdata)
    .constdata                               0x08002224   Section        8  system_stm32f0xx.o(.constdata)
    .data                                    0x20000000   Section        4  main.o(.data)
    .data                                    0x20000004   Section        4  usart.o(.data)
    .data                                    0x20000008   Section        4  stm32f0xx_hal.o(.data)
    .data                                    0x2000000c   Section        4  system_stm32f0xx.o(.data)
    .data                                    0x20000010   Section        4  mvars.o(.data)
    .data                                    0x20000014   Section        4  mvars.o(.data)
    .bss                                     0x20000018   Section       16  main.o(.bss)
    .bss                                     0x20000028   Section      324  usart.o(.bss)
    HEAP                                     0x20000170   Section      512  startup_stm32f070x6.o(HEAP)
    STACK                                    0x20000370   Section     1024  startup_stm32f070x6.o(STACK)

    Global Symbols

    Symbol Name                              Value     Ov Type        Size  Object(Section)

    BuildAttributes$$THM_ISAv3M$S$PE$A:L22$X:L11$S22$IEEE1$IW$USESV6$~STKCKD$USESV7$~SHL$OSPACE$EBA8$MICROLIB$REQ8$PRES8$EABIv2 0x00000000   Number         0  anon$$obj.o ABSOLUTE
    __ARM_use_no_argv                        0x00000000   Number         0  main.o ABSOLUTE
    __cpp_initialize__aeabi_                  - Undefined Weak Reference
    __cxa_finalize                            - Undefined Weak Reference
    __decompress                              - Undefined Weak Reference
    _clock_init                               - Undefined Weak Reference
    _microlib_exit                            - Undefined Weak Reference
    __Vectors_Size                           0x000000c0   Number         0  startup_stm32f070x6.o ABSOLUTE
    __Vectors                                0x08000000   Data           4  startup_stm32f070x6.o(RESET)
    __Vectors_End                            0x080000c0   Data           0  startup_stm32f070x6.o(RESET)
    __main                                   0x080000c1   Thumb Code     0  entry.o(.ARM.Collect$$$$00000000)
    _main_stk                                0x080000c1   Thumb Code     0  entry2.o(.ARM.Collect$$$$00000001)
    _main_scatterload                        0x080000c5   Thumb Code     0  entry5.o(.ARM.Collect$$$$00000004)
    __main_after_scatterload                 0x080000c9   Thumb Code     0  entry5.o(.ARM.Collect$$$$00000004)
    _main_clock                              0x080000c9   Thumb Code     0  entry7b.o(.ARM.Collect$$$$00000008)
    _main_cpp_init                           0x080000c9   Thumb Code     0  entry8b.o(.ARM.Collect$$$$0000000A)
    _main_init                               0x080000c9   Thumb Code     0  entry9a.o(.ARM.Collect$$$$0000000B)
    __rt_final_cpp                           0x080000d1   Thumb Code     0  entry10a.o(.ARM.Collect$$$$0000000D)
    __rt_final_exit                          0x080000d1   Thumb Code     0  entry11a.o(.ARM.Collect$$$$0000000F)
    Reset_Handler                            0x080000d5   Thumb Code    38  startup_stm32f070x6.o(.text)
    ADC1_IRQHandler                          0x08000105   Thumb Code     0  startup_stm32f070x6.o(.text)
    DMA1_Channel1_IRQHandler                 0x08000105   Thumb Code     0  startup_stm32f070x6.o(.text)
    DMA1_Channel2_3_IRQHandler               0x08000105   Thumb Code     0  startup_stm32f070x6.o(.text)
    DMA1_Channel4_5_IRQHandler               0x08000105   Thumb Code     0  startup_stm32f070x6.o(.text)
    EXTI0_1_IRQHandler                       0x08000105   Thumb Code     0  startup_stm32f070x6.o(.text)
    EXTI2_3_IRQHandler                       0x08000105   Thumb Code     0  startup_stm32f070x6.o(.text)
    FLASH_IRQHandler                         0x08000105   Thumb Code     0  startup_stm32f070x6.o(.text)
    I2C1_IRQHandler                          0x08000105   Thumb Code     0  startup_stm32f070x6.o(.text)
    RCC_IRQHandler                           0x08000105   Thumb Code     0  startup_stm32f070x6.o(.text)
    RTC_IRQHandler                           0x08000105   Thumb Code     0  startup_stm32f070x6.o(.text)
    SPI1_IRQHandler                          0x08000105   Thumb Code     0  startup_stm32f070x6.o(.text)
    TIM14_IRQHandler                         0x08000105   Thumb Code     0  startup_stm32f070x6.o(.text)
    TIM16_IRQHandler                         0x08000105   Thumb Code     0  startup_stm32f070x6.o(.text)
    TIM17_IRQHandler                         0x08000105   Thumb Code     0  startup_stm32f070x6.o(.text)
    TIM1_BRK_UP_TRG_COM_IRQHandler           0x08000105   Thumb Code     0  startup_stm32f070x6.o(.text)
    TIM1_CC_IRQHandler                       0x08000105   Thumb Code     0  startup_stm32f070x6.o(.text)
    TIM3_IRQHandler                          0x08000105   Thumb Code     0  startup_stm32f070x6.o(.text)
    USB_IRQHandler                           0x08000105   Thumb Code     0  startup_stm32f070x6.o(.text)
    WWDG_IRQHandler                          0x08000105   Thumb Code     0  startup_stm32f070x6.o(.text)
    __aeabi_uidiv                            0x0800012d   Thumb Code     0  uidiv.o(.text)
    __aeabi_uidivmod                         0x0800012d   Thumb Code    44  uidiv.o(.text)
    __aeabi_idiv                             0x08000159   Thumb Code     0  idiv.o(.text)
    __aeabi_idivmod                          0x08000159   Thumb Code    40  idiv.o(.text)
    __aeabi_memcpy                           0x08000181   Thumb Code    36  memcpya.o(.text)
    __aeabi_memcpy4                          0x08000181   Thumb Code     0  memcpya.o(.text)
    __aeabi_memcpy8                          0x08000181   Thumb Code     0  memcpya.o(.text)
    __aeabi_memset                           0x080001a5   Thumb Code    14  memseta.o(.text)
    __aeabi_memset4                          0x080001a5   Thumb Code     0  memseta.o(.text)
    __aeabi_memset8                          0x080001a5   Thumb Code     0  memseta.o(.text)
    __aeabi_memclr                           0x080001b3   Thumb Code     4  memseta.o(.text)
    __aeabi_memclr4                          0x080001b3   Thumb Code     0  memseta.o(.text)
    __aeabi_memclr8                          0x080001b3   Thumb Code     0  memseta.o(.text)
    _memset$wrapper                          0x080001b7   Thumb Code    18  memseta.o(.text)
    memcmp                                   0x080001c9   Thumb Code    26  memcmp.o(.text)
    __scatterload                            0x080001e5   Thumb Code    28  init.o(.text)
    __scatterload_rt2                        0x080001e5   Thumb Code     0  init.o(.text)
    EXTI4_15_IRQHandler                      0x08000209   Thumb Code    10  stm32f0xx_it.o(i.EXTI4_15_IRQHandler)
    FN_RM01_Get_FileName                     0x08000213   Thumb Code    66  fn_rm01.o(i.FN_RM01_Get_FileName)
    FN_RM01_Get_File_Num                     0x08000255   Thumb Code    76  fn_rm01.o(i.FN_RM01_Get_File_Num)
    FN_RM01_Play_Sound                       0x080002a9   Thumb Code    94  fn_rm01.o(i.FN_RM01_Play_Sound)
    FN_RM01_Record_Sound                     0x08000311   Thumb Code    94  fn_rm01.o(i.FN_RM01_Record_Sound)
    FN_RM01_Remove_Sound                     0x08000379   Thumb Code    94  fn_rm01.o(i.FN_RM01_Remove_Sound)
    FN_RM01_Stop_Record                      0x080003e1   Thumb Code    68  fn_rm01.o(i.FN_RM01_Stop_Record)
    Get_NDEF_Message                         0x0800042d   Thumb Code   204  ndef_message.o(i.Get_NDEF_Message)
    HAL_DMA_Abort_IT                         0x080004f9   Thumb Code    72  stm32f0xx_hal_dma.o(i.HAL_DMA_Abort_IT)
    HAL_Delay                                0x08000541   Thumb Code    28  stm32f0xx_hal.o(i.HAL_Delay)
    HAL_GPIO_EXTI_Callback                   0x0800055d   Thumb Code   186  gpio.o(i.HAL_GPIO_EXTI_Callback)
    HAL_GPIO_EXTI_IRQHandler                 0x08000639   Thumb Code    18  stm32f0xx_hal_gpio.o(i.HAL_GPIO_EXTI_IRQHandler)
    HAL_GPIO_Init                            0x08000651   Thumb Code   302  stm32f0xx_hal_gpio.o(i.HAL_GPIO_Init)
    HAL_GPIO_ReadPin                         0x08000799   Thumb Code    10  stm32f0xx_hal_gpio.o(i.HAL_GPIO_ReadPin)
    HAL_GetTick                              0x080007a5   Thumb Code     6  stm32f0xx_hal.o(i.HAL_GetTick)
    HAL_IncTick                              0x080007b1   Thumb Code    10  stm32f0xx_hal.o(i.HAL_IncTick)
    HAL_Init                                 0x080007c1   Thumb Code    26  stm32f0xx_hal.o(i.HAL_Init)
    HAL_InitTick                             0x080007e1   Thumb Code    34  stm32f0xx_hal.o(i.HAL_InitTick)
    HAL_MspInit                              0x08000805   Thumb Code    64  stm32f0xx_hal_msp.o(i.HAL_MspInit)
    HAL_NVIC_DisableIRQ                      0x08000849   Thumb Code    14  stm32f0xx_hal_cortex.o(i.HAL_NVIC_DisableIRQ)
    HAL_NVIC_EnableIRQ                       0x0800085d   Thumb Code    14  stm32f0xx_hal_cortex.o(i.HAL_NVIC_EnableIRQ)
    HAL_NVIC_SetPriority                     0x08000871   Thumb Code     8  stm32f0xx_hal_cortex.o(i.HAL_NVIC_SetPriority)
    HAL_RCCEx_PeriphCLKConfig                0x08000879   Thumb Code   236  stm32f0xx_hal_rcc_ex.o(i.HAL_RCCEx_PeriphCLKConfig)
    HAL_RCC_ClockConfig                      0x08000971   Thumb Code   280  stm32f0xx_hal_rcc.o(i.HAL_RCC_ClockConfig)
    HAL_RCC_GetHCLKFreq                      0x08000a9d   Thumb Code     6  stm32f0xx_hal_rcc.o(i.HAL_RCC_GetHCLKFreq)
    HAL_RCC_GetPCLK1Freq                     0x08000aa9   Thumb Code    20  stm32f0xx_hal_rcc.o(i.HAL_RCC_GetPCLK1Freq)
    HAL_RCC_GetSysClockFreq                  0x08000ac9   Thumb Code    82  stm32f0xx_hal_rcc.o(i.HAL_RCC_GetSysClockFreq)
    HAL_RCC_OscConfig                        0x08000b45   Thumb Code   846  stm32f0xx_hal_rcc.o(i.HAL_RCC_OscConfig)
    HAL_SYSTICK_CLKSourceConfig              0x08000ea1   Thumb Code    20  stm32f0xx_hal_cortex.o(i.HAL_SYSTICK_CLKSourceConfig)
    HAL_SYSTICK_Callback                     0x08000eb9   Thumb Code     2  stm32f0xx_hal_cortex.o(i.HAL_SYSTICK_Callback)
    HAL_SYSTICK_Config                       0x08000ebd   Thumb Code    38  stm32f0xx_hal_cortex.o(i.HAL_SYSTICK_Config)
    HAL_SYSTICK_IRQHandler                   0x08000eed   Thumb Code     8  stm32f0xx_hal_cortex.o(i.HAL_SYSTICK_IRQHandler)
    HAL_UART_ErrorCallback                   0x08000ef5   Thumb Code     2  stm32f0xx_hal_uart.o(i.HAL_UART_ErrorCallback)
    HAL_UART_IRQHandler                      0x08000ef9   Thumb Code   272  stm32f0xx_hal_uart.o(i.HAL_UART_IRQHandler)
    HAL_UART_Init                            0x0800100d   Thumb Code   108  stm32f0xx_hal_uart.o(i.HAL_UART_Init)
    HAL_UART_MspInit                         0x08001079   Thumb Code   128  usart.o(i.HAL_UART_MspInit)
    HAL_UART_Receive_IT                      0x08001105   Thumb Code   154  stm32f0xx_hal_uart.o(i.HAL_UART_Receive_IT)
    HAL_UART_RxCpltCallback                  0x080011a5   Thumb Code    76  usart.o(i.HAL_UART_RxCpltCallback)
    HAL_UART_Transmit                        0x08001201   Thumb Code   200  stm32f0xx_hal_uart.o(i.HAL_UART_Transmit)
    HAL_UART_TxCpltCallback                  0x080012c9   Thumb Code     2  stm32f0xx_hal_uart.o(i.HAL_UART_TxCpltCallback)
    HardFault_Handler                        0x080012cb   Thumb Code     2  stm32f0xx_it.o(i.HardFault_Handler)
    MX_GPIO_Init                             0x080012cd   Thumb Code   140  gpio.o(i.MX_GPIO_Init)
    MX_USART1_UART_Init                      0x08001369   Thumb Code    52  usart.o(i.MX_USART1_UART_Init)
    MX_USART2_UART_Init                      0x080013b5   Thumb Code    52  usart.o(i.MX_USART2_UART_Init)
    Mifare_Classic_Authenicate_Block         0x08001401   Thumb Code    90  mifare_classic.o(i.Mifare_Classic_Authenicate_Block)
    Mifare_Classic_DecodeTlv                 0x08001461   Thumb Code    60  mifare_classic.o(i.Mifare_Classic_DecodeTlv)
    Mifare_Classic_GetBufferSize             0x0800149d   Thumb Code    30  mifare_classic.o(i.Mifare_Classic_GetBufferSize)
    Mifare_Classic_GetNdefStartIndex         0x080014bb   Thumb Code    32  mifare_classic.o(i.Mifare_Classic_GetNdefStartIndex)
    Mifare_Classic_IsFirstBlock              0x080014db   Thumb Code    22  mifare_classic.o(i.Mifare_Classic_IsFirstBlock)
    Mifare_Classic_IsTrailerBlock            0x080014f1   Thumb Code    30  mifare_classic.o(i.Mifare_Classic_IsTrailerBlock)
    Mifare_Classic_Read                      0x08001511   Thumb Code   198  mifare_classic.o(i.Mifare_Classic_Read)
    Mifare_Classic_ReadDataBlock             0x080015e1   Thumb Code    74  mifare_classic.o(i.Mifare_Classic_ReadDataBlock)
    Mifare_Classic_Write                     0x08001631   Thumb Code   230  mifare_classic.o(i.Mifare_Classic_Write)
    Mifare_Classic_WriteDataBlock            0x08001721   Thumb Code    66  mifare_classic.o(i.Mifare_Classic_WriteDataBlock)
    NDEF_Message_AddRecord                   0x08001769   Thumb Code    32  ndef_message.o(i.NDEF_Message_AddRecord)
    NDEF_Message_Encode                      0x08001789   Thumb Code    62  ndef_message.o(i.NDEF_Message_Encode)
    NDEF_Message_GetEncodeSize               0x080017c7   Thumb Code    34  ndef_message.o(i.NDEF_Message_GetEncodeSize)
    NDEF_Message_Init                        0x080017e9   Thumb Code    24  ndef_message.o(i.NDEF_Message_Init)
    NDEF_Record_Create_TextRecord            0x08001801   Thumb Code    90  ndef_record.o(i.NDEF_Record_Create_TextRecord)
    NDEF_Record_Encode                       0x08001861   Thumb Code    84  ndef_record.o(i.NDEF_Record_Encode)
    NDEF_Record_GetEncodedSize               0x080018b5   Thumb Code    24  ndef_record.o(i.NDEF_Record_GetEncodedSize)
    NDEF_Record_GetTnfByte                   0x080018cd   Thumb Code    34  ndef_record.o(i.NDEF_Record_GetTnfByte)
    NDEF_Record_Init                         0x080018ef   Thumb Code    12  ndef_record.o(i.NDEF_Record_Init)
    NDEF_Record_SetId                        0x080018fb   Thumb Code    28  ndef_record.o(i.NDEF_Record_SetId)
    NDEF_Record_SetPayload                   0x08001917   Thumb Code    28  ndef_record.o(i.NDEF_Record_SetPayload)
    NDEF_Record_SetType                      0x08001933   Thumb Code    28  ndef_record.o(i.NDEF_Record_SetType)
    NFC_Clear_Tag                            0x0800194f   Thumb Code    74  nfc_tag.o(i.NFC_Clear_Tag)
    NMI_Handler                              0x08001999   Thumb Code     2  stm32f0xx_it.o(i.NMI_Handler)
    PN532_Correct_AckFrame                   0x080019e1   Thumb Code    32  pn532.o(i.PN532_Correct_AckFrame)
    PN532_Correct_CheckSum                   0x08001a0d   Thumb Code    50  pn532.o(i.PN532_Correct_CheckSum)
    PN532_InListPassiveTarget                0x08001a45   Thumb Code    92  pn532.o(i.PN532_InListPassiveTarget)
    PN532_SAMConfig                          0x08001aa5   Thumb Code    34  pn532.o(i.PN532_SAMConfig)
    PN532_WakeUp                             0x08001ac9   Thumb Code    36  pn532.o(i.PN532_WakeUp)
    PN532_WriteCommand                       0x08001afd   Thumb Code   140  pn532.o(i.PN532_WriteCommand)
    PendSV_Handler                           0x08001b95   Thumb Code     2  stm32f0xx_it.o(i.PendSV_Handler)
    SVC_Handler                              0x08001b97   Thumb Code     2  stm32f0xx_it.o(i.SVC_Handler)
    SysTick_Handler                          0x08001b99   Thumb Code    12  stm32f0xx_it.o(i.SysTick_Handler)
    SystemClock_Config                       0x08001ba5   Thumb Code   118  main.o(i.SystemClock_Config)
    SystemInit                               0x08001c1d   Thumb Code    86  system_stm32f0xx.o(i.SystemInit)
    UART_AdvFeatureConfig                    0x08001c81   Thumb Code   202  stm32f0xx_hal_uart.o(i.UART_AdvFeatureConfig)
    UART_CheckIdleState                      0x08001d4b   Thumb Code    18  stm32f0xx_hal_uart.o(i.UART_CheckIdleState)
    UART_EndTransmit_IT                      0x08001d8f   Thumb Code    26  stm32f0xx_hal_uart.o(i.UART_EndTransmit_IT)
    UART_Receive_IT                          0x08001da9   Thumb Code   122  stm32f0xx_hal_uart.o(i.UART_Receive_IT)
    UART_SetConfig                           0x08001e25   Thumb Code   280  stm32f0xx_hal_uart.o(i.UART_SetConfig)
    UART_Transmit_IT                         0x08001f55   Thumb Code   102  stm32f0xx_hal_uart.o(i.UART_Transmit_IT)
    UART_WaitOnFlagUntilTimeout              0x08001fbb   Thumb Code    98  stm32f0xx_hal_uart.o(i.UART_WaitOnFlagUntilTimeout)
    USART1_IRQHandler                        0x0800201d   Thumb Code    10  stm32f0xx_it.o(i.USART1_IRQHandler)
    USART2_IRQHandler                        0x0800202d   Thumb Code    10  stm32f0xx_it.o(i.USART2_IRQHandler)
    _Error_Handler                           0x0800203d   Thumb Code     2  main.o(i._Error_Handler)
    __scatterload_copy                       0x0800203f   Thumb Code    14  handlers.o(i.__scatterload_copy)
    __scatterload_null                       0x0800204d   Thumb Code     2  handlers.o(i.__scatterload_null)
    __scatterload_zeroinit                   0x0800204f   Thumb Code    14  handlers.o(i.__scatterload_zeroinit)
    clean_uart1_rx_data                      0x0800205d   Thumb Code    24  usart.o(i.clean_uart1_rx_data)
    clean_uart2_rx_data                      0x0800207d   Thumb Code    24  usart.o(i.clean_uart2_rx_data)
    free                                     0x0800209d   Thumb Code    80  malloc.o(i.free)
    main                                     0x080020f1   Thumb Code   148  main.o(i.main)
    malloc                                   0x080021a9   Thumb Code    92  malloc.o(i.malloc)
    AHBPrescTable                            0x08002214   Data          16  system_stm32f0xx.o(.constdata)
    APBPrescTable                            0x08002224   Data           8  system_stm32f0xx.o(.constdata)
    Region$$Table$$Base                      0x0800222c   Number         0  anon$$obj.o(Region$$Table)
    Region$$Table$$Limit                     0x0800224c   Number         0  anon$$obj.o(Region$$Table)
    file_num                                 0x20000000   Data           4  main.o(.data)
    uart1_rx_len                             0x20000004   Data           1  usart.o(.data)
    uart1_rx_temp                            0x20000005   Data           1  usart.o(.data)
    uart2_rx_len                             0x20000006   Data           1  usart.o(.data)
    uart2_rx_temp                            0x20000007   Data           1  usart.o(.data)
    uwTick                                   0x20000008   Data           4  stm32f0xx_hal.o(.data)
    SystemCoreClock                          0x2000000c   Data           4  system_stm32f0xx.o(.data)
    __microlib_freelist                      0x20000010   Data           4  mvars.o(.data)
    __microlib_freelist_initialised          0x20000014   Data           4  mvars.o(.data)
    tag                                      0x20000018   Data          16  main.o(.bss)
    uart1_rx_data                            0x20000028   Data          50  usart.o(.bss)
    uart2_rx_data                            0x2000005a   Data          50  usart.o(.bss)
    huart1                                   0x2000008c   Data         112  usart.o(.bss)
    huart2                                   0x200000fc   Data         112  usart.o(.bss)
    __heap_base                              0x20000170   Data           0  startup_stm32f070x6.o(HEAP)
    __heap_limit                             0x20000370   Data           0  startup_stm32f070x6.o(HEAP)
    __initial_sp                             0x20000770   Data           0  startup_stm32f070x6.o(STACK)



==============================================================================

Memory Map of the image

  Image Entry point : 0x080000c1

  Load Region LR_IROM1 (Base: 0x08000000, Size: 0x00002264, Max: 0x00008000, ABSOLUTE)

    Execution Region ER_IROM1 (Exec base: 0x08000000, Load base: 0x08000000, Size: 0x0000224c, Max: 0x00008000, ABSOLUTE)

    Exec Addr    Load Addr    Size         Type   Attr      Idx    E Section Name        Object

    0x08000000   0x08000000   0x000000c0   Data   RO            3    RESET               startup_stm32f070x6.o
    0x080000c0   0x080000c0   0x00000000   Code   RO         2323  * .ARM.Collect$$$$00000000  mc_p.l(entry.o)
    0x080000c0   0x080000c0   0x00000004   Code   RO         2368    .ARM.Collect$$$$00000001  mc_p.l(entry2.o)
    0x080000c4   0x080000c4   0x00000004   Code   RO         2371    .ARM.Collect$$$$00000004  mc_p.l(entry5.o)
    0x080000c8   0x080000c8   0x00000000   Code   RO         2373    .ARM.Collect$$$$00000008  mc_p.l(entry7b.o)
    0x080000c8   0x080000c8   0x00000000   Code   RO         2375    .ARM.Collect$$$$0000000A  mc_p.l(entry8b.o)
    0x080000c8   0x080000c8   0x00000008   Code   RO         2376    .ARM.Collect$$$$0000000B  mc_p.l(entry9a.o)
    0x080000d0   0x080000d0   0x00000000   Code   RO         2378    .ARM.Collect$$$$0000000D  mc_p.l(entry10a.o)
    0x080000d0   0x080000d0   0x00000000   Code   RO         2380    .ARM.Collect$$$$0000000F  mc_p.l(entry11a.o)
    0x080000d0   0x080000d0   0x00000004   Code   RO         2369    .ARM.Collect$$$$00002712  mc_p.l(entry2.o)
    0x080000d4   0x080000d4   0x00000058   Code   RO            4    .text               startup_stm32f070x6.o
    0x0800012c   0x0800012c   0x0000002c   Code   RO         2326    .text               mc_p.l(uidiv.o)
    0x08000158   0x08000158   0x00000028   Code   RO         2328    .text               mc_p.l(idiv.o)
    0x08000180   0x08000180   0x00000024   Code   RO         2332    .text               mc_p.l(memcpya.o)
    0x080001a4   0x080001a4   0x00000024   Code   RO         2334    .text               mc_p.l(memseta.o)
    0x080001c8   0x080001c8   0x0000001a   Code   RO         2336    .text               mc_p.l(memcmp.o)
    0x080001e2   0x080001e2   0x00000002   PAD
    0x080001e4   0x080001e4   0x00000024   Code   RO         2384    .text               mc_p.l(init.o)
    0x08000208   0x08000208   0x0000000a   Code   RO          567    i.EXTI4_15_IRQHandler  stm32f0xx_it.o
    0x08000212   0x08000212   0x00000042   Code   RO           12    i.FN_RM01_Get_FileName  fn_rm01.o
    0x08000254   0x08000254   0x00000054   Code   RO           13    i.FN_RM01_Get_File_Num  fn_rm01.o
    0x080002a8   0x080002a8   0x00000068   Code   RO           14    i.FN_RM01_Play_Sound  fn_rm01.o
    0x08000310   0x08000310   0x00000068   Code   RO           15    i.FN_RM01_Record_Sound  fn_rm01.o
    0x08000378   0x08000378   0x00000068   Code   RO           16    i.FN_RM01_Remove_Sound  fn_rm01.o
    0x080003e0   0x080003e0   0x0000004c   Code   RO           17    i.FN_RM01_Stop_Record  fn_rm01.o
    0x0800042c   0x0800042c   0x000000cc   Code   RO          253    i.Get_NDEF_Message  ndef_message.o
    0x080004f8   0x080004f8   0x00000048   Code   RO         1832    i.HAL_DMA_Abort_IT  stm32f0xx_hal_dma.o
    0x08000540   0x08000540   0x0000001c   Code   RO         1173    i.HAL_Delay         stm32f0xx_hal.o
    0x0800055c   0x0800055c   0x000000dc   Code   RO          474    i.HAL_GPIO_EXTI_Callback  gpio.o
    0x08000638   0x08000638   0x00000018   Code   RO         1769    i.HAL_GPIO_EXTI_IRQHandler  stm32f0xx_hal_gpio.o
    0x08000650   0x08000650   0x00000148   Code   RO         1770    i.HAL_GPIO_Init     stm32f0xx_hal_gpio.o
    0x08000798   0x08000798   0x0000000a   Code   RO         1772    i.HAL_GPIO_ReadPin  stm32f0xx_hal_gpio.o
    0x080007a2   0x080007a2   0x00000002   PAD
    0x080007a4   0x080007a4   0x0000000c   Code   RO         1177    i.HAL_GetTick       stm32f0xx_hal.o
    0x080007b0   0x080007b0   0x00000010   Code   RO         1181    i.HAL_IncTick       stm32f0xx_hal.o
    0x080007c0   0x080007c0   0x00000020   Code   RO         1182    i.HAL_Init          stm32f0xx_hal.o
    0x080007e0   0x080007e0   0x00000022   Code   RO         1183    i.HAL_InitTick      stm32f0xx_hal.o
    0x08000802   0x08000802   0x00000002   PAD
    0x08000804   0x08000804   0x00000044   Code   RO          633    i.HAL_MspInit       stm32f0xx_hal_msp.o
    0x08000848   0x08000848   0x00000014   Code   RO         1928    i.HAL_NVIC_DisableIRQ  stm32f0xx_hal_cortex.o
    0x0800085c   0x0800085c   0x00000014   Code   RO         1929    i.HAL_NVIC_EnableIRQ  stm32f0xx_hal_cortex.o
    0x08000870   0x08000870   0x00000008   Code   RO         1933    i.HAL_NVIC_SetPriority  stm32f0xx_hal_cortex.o
    0x08000878   0x08000878   0x000000f8   Code   RO         1138    i.HAL_RCCEx_PeriphCLKConfig  stm32f0xx_hal_rcc_ex.o
    0x08000970   0x08000970   0x0000012c   Code   RO         1045    i.HAL_RCC_ClockConfig  stm32f0xx_hal_rcc.o
    0x08000a9c   0x08000a9c   0x0000000c   Code   RO         1050    i.HAL_RCC_GetHCLKFreq  stm32f0xx_hal_rcc.o
    0x08000aa8   0x08000aa8   0x00000020   Code   RO         1052    i.HAL_RCC_GetPCLK1Freq  stm32f0xx_hal_rcc.o
    0x08000ac8   0x08000ac8   0x0000007c   Code   RO         1053    i.HAL_RCC_GetSysClockFreq  stm32f0xx_hal_rcc.o
    0x08000b44   0x08000b44   0x0000035c   Code   RO         1056    i.HAL_RCC_OscConfig  stm32f0xx_hal_rcc.o
    0x08000ea0   0x08000ea0   0x00000018   Code   RO         1935    i.HAL_SYSTICK_CLKSourceConfig  stm32f0xx_hal_cortex.o
    0x08000eb8   0x08000eb8   0x00000002   Code   RO         1936    i.HAL_SYSTICK_Callback  stm32f0xx_hal_cortex.o
    0x08000eba   0x08000eba   0x00000002   PAD
    0x08000ebc   0x08000ebc   0x00000030   Code   RO         1937    i.HAL_SYSTICK_Config  stm32f0xx_hal_cortex.o
    0x08000eec   0x08000eec   0x00000008   Code   RO         1938    i.HAL_SYSTICK_IRQHandler  stm32f0xx_hal_cortex.o
    0x08000ef4   0x08000ef4   0x00000002   Code   RO          701    i.HAL_UART_ErrorCallback  stm32f0xx_hal_uart.o
    0x08000ef6   0x08000ef6   0x00000002   PAD
    0x08000ef8   0x08000ef8   0x00000114   Code   RO          704    i.HAL_UART_IRQHandler  stm32f0xx_hal_uart.o
    0x0800100c   0x0800100c   0x0000006c   Code   RO          705    i.HAL_UART_Init     stm32f0xx_hal_uart.o
    0x08001078   0x08001078   0x0000008c   Code   RO          505    i.HAL_UART_MspInit  usart.o
    0x08001104   0x08001104   0x000000a0   Code   RO          710    i.HAL_UART_Receive_IT  stm32f0xx_hal_uart.o
    0x080011a4   0x080011a4   0x0000005c   Code   RO          506    i.HAL_UART_RxCpltCallback  usart.o
    0x08001200   0x08001200   0x000000c8   Code   RO          713    i.HAL_UART_Transmit  stm32f0xx_hal_uart.o
    0x080012c8   0x080012c8   0x00000002   Code   RO          716    i.HAL_UART_TxCpltCallback  stm32f0xx_hal_uart.o
    0x080012ca   0x080012ca   0x00000002   Code   RO          568    i.HardFault_Handler  stm32f0xx_it.o
    0x080012cc   0x080012cc   0x0000009c   Code   RO          475    i.MX_GPIO_Init      gpio.o
    0x08001368   0x08001368   0x0000004c   Code   RO          507    i.MX_USART1_UART_Init  usart.o
    0x080013b4   0x080013b4   0x0000004c   Code   RO          508    i.MX_USART2_UART_Init  usart.o
    0x08001400   0x08001400   0x00000060   Code   RO          160    i.Mifare_Classic_Authenicate_Block  mifare_classic.o
    0x08001460   0x08001460   0x0000003c   Code   RO          161    i.Mifare_Classic_DecodeTlv  mifare_classic.o
    0x0800149c   0x0800149c   0x0000001e   Code   RO          162    i.Mifare_Classic_GetBufferSize  mifare_classic.o
    0x080014ba   0x080014ba   0x00000020   Code   RO          163    i.Mifare_Classic_GetNdefStartIndex  mifare_classic.o
    0x080014da   0x080014da   0x00000016   Code   RO          164    i.Mifare_Classic_IsFirstBlock  mifare_classic.o
    0x080014f0   0x080014f0   0x0000001e   Code   RO          165    i.Mifare_Classic_IsTrailerBlock  mifare_classic.o
    0x0800150e   0x0800150e   0x00000002   PAD
    0x08001510   0x08001510   0x000000d0   Code   RO          166    i.Mifare_Classic_Read  mifare_classic.o
    0x080015e0   0x080015e0   0x00000050   Code   RO          167    i.Mifare_Classic_ReadDataBlock  mifare_classic.o
    0x08001630   0x08001630   0x000000f0   Code   RO          168    i.Mifare_Classic_Write  mifare_classic.o
    0x08001720   0x08001720   0x00000048   Code   RO          169    i.Mifare_Classic_WriteDataBlock  mifare_classic.o
    0x08001768   0x08001768   0x00000020   Code   RO          254    i.NDEF_Message_AddRecord  ndef_message.o
    0x08001788   0x08001788   0x0000003e   Code   RO          255    i.NDEF_Message_Encode  ndef_message.o
    0x080017c6   0x080017c6   0x00000022   Code   RO          256    i.NDEF_Message_GetEncodeSize  ndef_message.o
    0x080017e8   0x080017e8   0x00000018   Code   RO          257    i.NDEF_Message_Init  ndef_message.o
    0x08001800   0x08001800   0x00000060   Code   RO          300    i.NDEF_Record_Create_TextRecord  ndef_record.o
    0x08001860   0x08001860   0x00000054   Code   RO          301    i.NDEF_Record_Encode  ndef_record.o
    0x080018b4   0x080018b4   0x00000018   Code   RO          302    i.NDEF_Record_GetEncodedSize  ndef_record.o
    0x080018cc   0x080018cc   0x00000022   Code   RO          303    i.NDEF_Record_GetTnfByte  ndef_record.o
    0x080018ee   0x080018ee   0x0000000c   Code   RO          304    i.NDEF_Record_Init  ndef_record.o
    0x080018fa   0x080018fa   0x0000001c   Code   RO          305    i.NDEF_Record_SetId  ndef_record.o
    0x08001916   0x08001916   0x0000001c   Code   RO          306    i.NDEF_Record_SetPayload  ndef_record.o
    0x08001932   0x08001932   0x0000001c   Code   RO          307    i.NDEF_Record_SetType  ndef_record.o
    0x0800194e   0x0800194e   0x0000004a   Code   RO          365    i.NFC_Clear_Tag     nfc_tag.o
    0x08001998   0x08001998   0x00000002   Code   RO          569    i.NMI_Handler       stm32f0xx_it.o
    0x0800199a   0x0800199a   0x00000002   PAD
    0x0800199c   0x0800199c   0x00000044   Code   RO         1939    i.NVIC_SetPriority  stm32f0xx_hal_cortex.o
    0x080019e0   0x080019e0   0x0000002c   Code   RO          385    i.PN532_Correct_AckFrame  pn532.o
    0x08001a0c   0x08001a0c   0x00000038   Code   RO          386    i.PN532_Correct_CheckSum  pn532.o
    0x08001a44   0x08001a44   0x00000060   Code   RO          387    i.PN532_InListPassiveTarget  pn532.o
    0x08001aa4   0x08001aa4   0x00000022   Code   RO          388    i.PN532_SAMConfig   pn532.o
    0x08001ac6   0x08001ac6   0x00000002   PAD
    0x08001ac8   0x08001ac8   0x00000034   Code   RO          389    i.PN532_WakeUp      pn532.o
    0x08001afc   0x08001afc   0x00000098   Code   RO          390    i.PN532_WriteCommand  pn532.o
    0x08001b94   0x08001b94   0x00000002   Code   RO          570    i.PendSV_Handler    stm32f0xx_it.o
    0x08001b96   0x08001b96   0x00000002   Code   RO          571    i.SVC_Handler       stm32f0xx_it.o
    0x08001b98   0x08001b98   0x0000000c   Code   RO          572    i.SysTick_Handler   stm32f0xx_it.o
    0x08001ba4   0x08001ba4   0x00000076   Code   RO          435    i.SystemClock_Config  main.o
    0x08001c1a   0x08001c1a   0x00000002   PAD
    0x08001c1c   0x08001c1c   0x00000064   Code   RO         2292    i.SystemInit        system_stm32f0xx.o
    0x08001c80   0x08001c80   0x000000ca   Code   RO          718    i.UART_AdvFeatureConfig  stm32f0xx_hal_uart.o
    0x08001d4a   0x08001d4a   0x00000012   Code   RO          719    i.UART_CheckIdleState  stm32f0xx_hal_uart.o
    0x08001d5c   0x08001d5c   0x00000014   Code   RO          720    i.UART_DMAAbortOnError  stm32f0xx_hal_uart.o
    0x08001d70   0x08001d70   0x0000001e   Code   RO          730    i.UART_EndRxTransfer  stm32f0xx_hal_uart.o
    0x08001d8e   0x08001d8e   0x0000001a   Code   RO          731    i.UART_EndTransmit_IT  stm32f0xx_hal_uart.o
    0x08001da8   0x08001da8   0x0000007a   Code   RO          733    i.UART_Receive_IT   stm32f0xx_hal_uart.o
    0x08001e22   0x08001e22   0x00000002   PAD
    0x08001e24   0x08001e24   0x00000130   Code   RO          734    i.UART_SetConfig    stm32f0xx_hal_uart.o
    0x08001f54   0x08001f54   0x00000066   Code   RO          735    i.UART_Transmit_IT  stm32f0xx_hal_uart.o
    0x08001fba   0x08001fba   0x00000062   Code   RO          736    i.UART_WaitOnFlagUntilTimeout  stm32f0xx_hal_uart.o
    0x0800201c   0x0800201c   0x00000010   Code   RO          573    i.USART1_IRQHandler  stm32f0xx_it.o
    0x0800202c   0x0800202c   0x00000010   Code   RO          574    i.USART2_IRQHandler  stm32f0xx_it.o
    0x0800203c   0x0800203c   0x00000002   Code   RO          436    i._Error_Handler    main.o
    0x0800203e   0x0800203e   0x0000000e   Code   RO         2388    i.__scatterload_copy  mc_p.l(handlers.o)
    0x0800204c   0x0800204c   0x00000002   Code   RO         2389    i.__scatterload_null  mc_p.l(handlers.o)
    0x0800204e   0x0800204e   0x0000000e   Code   RO         2390    i.__scatterload_zeroinit  mc_p.l(handlers.o)
    0x0800205c   0x0800205c   0x00000020   Code   RO          509    i.clean_uart1_rx_data  usart.o
    0x0800207c   0x0800207c   0x00000020   Code   RO          510    i.clean_uart2_rx_data  usart.o
    0x0800209c   0x0800209c   0x00000054   Code   RO         2340    i.free              mc_p.l(malloc.o)
    0x080020f0   0x080020f0   0x000000b8   Code   RO          437    i.main              main.o
    0x080021a8   0x080021a8   0x0000006c   Code   RO         2341    i.malloc            mc_p.l(malloc.o)
    0x08002214   0x08002214   0x00000010   Data   RO         2293    .constdata          system_stm32f0xx.o
    0x08002224   0x08002224   0x00000008   Data   RO         2294    .constdata          system_stm32f0xx.o
    0x0800222c   0x0800222c   0x00000020   Data   RO         2386    Region$$Table       anon$$obj.o


    Execution Region RW_IRAM1 (Exec base: 0x20000000, Load base: 0x0800224c, Size: 0x00000770, Max: 0x00001800, ABSOLUTE)

    Exec Addr    Load Addr    Size         Type   Attr      Idx    E Section Name        Object

    0x20000000   0x0800224c   0x00000004   Data   RW          439    .data               main.o
    0x20000004   0x08002250   0x00000004   Data   RW          512    .data               usart.o
    0x20000008   0x08002254   0x00000004   Data   RW         1188    .data               stm32f0xx_hal.o
    0x2000000c   0x08002258   0x00000004   Data   RW         2295    .data               system_stm32f0xx.o
    0x20000010   0x0800225c   0x00000004   Data   RW         2382    .data               mc_p.l(mvars.o)
    0x20000014   0x08002260   0x00000004   Data   RW         2383    .data               mc_p.l(mvars.o)
    0x20000018        -       0x00000010   Zero   RW          438    .bss                main.o
    0x20000028        -       0x00000144   Zero   RW          511    .bss                usart.o
    0x2000016c   0x08002264   0x00000004   PAD
    0x20000170        -       0x00000200   Zero   RW            2    HEAP                startup_stm32f070x6.o
    0x20000370        -       0x00000400   Zero   RW            1    STACK               startup_stm32f070x6.o


==============================================================================

Image component sizes


      Code (inc. data)   RO Data    RW Data    ZI Data      Debug   Object Name

       538         46          0          0          0     241803   fn_rm01.o
       376         50          0          0          0       1472   gpio.o
       304         36          0          4         16       2328   main.o
       870         38          0          0          0       9346   mifare_classic.o
       356          0          0          0          0       4343   ndef_message.o
       334          6          0          0          0       5079   ndef_record.o
        74          0          0          0          0        824   nfc_tag.o
       434         50          0          0          0       3888   pn532.o
        88         38        192          0       1536        632   startup_stm32f070x6.o
       122         18          0          4          0       3531   stm32f0xx_hal.o
       198         34          0          0          0      11005   stm32f0xx_hal_cortex.o
        72          0          0          0          0       1075   stm32f0xx_hal_dma.o
       362         32          0          0          0       2766   stm32f0xx_hal_gpio.o
        68          4          0          0          0        822   stm32f0xx_hal_msp.o
      1328         94          0          0          0       4941   stm32f0xx_hal_rcc.o
       248         12          0          0          0       1352   stm32f0xx_hal_rcc_ex.o
      1670         34          0          0          0      11541   stm32f0xx_hal_uart.o
        62         12          0          0          0       3333   stm32f0xx_it.o
       100         14         24          4          0       1103   system_stm32f0xx.o
       448         92          0          4        324       3863   usart.o

    ----------------------------------------------------------------------
      8070        610        248         16       1880     315047   Object Totals
         0          0         32          0          0          0   (incl. Generated)
        18          0          0          0          4          0   (incl. Padding)

    ----------------------------------------------------------------------

      Code (inc. data)   RO Data    RW Data    ZI Data      Debug   Library Member Name

         0          0          0          0          0          0   entry.o
         0          0          0          0          0          0   entry10a.o
         0          0          0          0          0          0   entry11a.o
         8          4          0          0          0          0   entry2.o
         4          0          0          0          0          0   entry5.o
         0          0          0          0          0          0   entry7b.o
         0          0          0          0          0          0   entry8b.o
         8          4          0          0          0          0   entry9a.o
        30          0          0          0          0          0   handlers.o
        40          0          0          0          0         72   idiv.o
        36          8          0          0          0         68   init.o
       192         20          0          0          0        144   malloc.o
        26          0          0          0          0         72   memcmp.o
        36          0          0          0          0         60   memcpya.o
        36          0          0          0          0        100   memseta.o
         0          0          0          8          0          0   mvars.o
        44          0          0          0          0         72   uidiv.o

    ----------------------------------------------------------------------
       462         36          0          8          0        588   Library Totals
         2          0          0          0          0          0   (incl. Padding)

    ----------------------------------------------------------------------

      Code (inc. data)   RO Data    RW Data    ZI Data      Debug   Library Name

       460         36          0          8          0        588   mc_p.l

    ----------------------------------------------------------------------
       462         36          0          8          0        588   Library Totals

    ----------------------------------------------------------------------

==============================================================================


      Code (inc. data)   RO Data    RW Data    ZI Data      Debug   

      8532        646        248         24       1880     311563   Grand Totals
      8532        646        248         24       1880     311563   ELF Image Totals
      8532        646        248         24          0          0   ROM Totals

==============================================================================

    Total RO  Size (Code + RO Data)                 8780 (   8.57kB)
    Total RW  Size (RW Data + ZI Data)              1904 (   1.86kB)
    Total ROM Size (Code + RO Data + RW Data)       8804 (   8.60kB)

==============================================================================

